PATH=/home/timo/.cargo/bin:/usr/bin:/bin; CONNECTORS_ESS unset
['cargo', 'test', '--locked', '-p', 'connectors-spec', '--test', 'generation']
exit=101

running 5 tests
test checked_in_bundle_matches_its_pinned_sources_and_toolchain ... FAILED
test regeneration_refuses_unowned_files_and_output_symlinks ... FAILED
test regeneration_is_reproducible_preserves_handwritten_files_and_detects_drift ... FAILED
test strict_v1_and_v2_refuse_unimplemented_or_ambiguous_mappings ... ok
test pinned_source_and_required_source_semantics_are_enforced ... ok

failures:

---- checked_in_bundle_matches_its_pinned_sources_and_toolchain stdout ----

thread 'checked_in_bundle_matches_its_pinned_sources_and_toolchain' (1867207) panicked at crates/connectors-spec/tests/generation.rs:6:47:
called `Result::unwrap()` on an `Err` value: Error { code: InvalidInput, message: "/home/timo/beyond10x/connectors_v2/crates/connectors-spec/toolchain.json requires ess 0.9.2; no matching ESS executable. Searched: /home/timo/beyond10x/connectors_v2/crates/connectors-spec/../../.local/toolchains/ess/0.9.2/bin/ess: No such file or directory (os error 2); /home/timo/.cargo/bin/ess: found ess 0.18.0; /usr/bin/ess: No such file or directory (os error 2); /bin/ess: No such file or directory (os error 2). Install the pinned release in /home/timo/beyond10x/connectors_v2/crates/connectors-spec/../../.local/toolchains/ess/0.9.2/bin/ess or on PATH; --ess and CONNECTORS_ESS select an explicit executable.", retry_after_seconds: None }

---- regeneration_refuses_unowned_files_and_output_symlinks stdout ----

thread 'regeneration_refuses_unowned_files_and_output_symlinks' (1867210) panicked at crates/connectors-spec/tests/generation.rs:6:47:
called `Result::unwrap()` on an `Err` value: Error { code: InvalidInput, message: "/home/timo/beyond10x/connectors_v2/crates/connectors-spec/toolchain.json requires ess 0.9.2; no matching ESS executable. Searched: /home/timo/beyond10x/connectors_v2/crates/connectors-spec/../../.local/toolchains/ess/0.9.2/bin/ess: No such file or directory (os error 2); /home/timo/.cargo/bin/ess: found ess 0.18.0; /usr/bin/ess: No such file or directory (os error 2); /bin/ess: No such file or directory (os error 2). Install the pinned release in /home/timo/beyond10x/connectors_v2/crates/connectors-spec/../../.local/toolchains/ess/0.9.2/bin/ess or on PATH; --ess and CONNECTORS_ESS select an explicit executable.", retry_after_seconds: None }
note: run with `RUST_BACKTRACE=1` environment variable to display a backtrace

---- regeneration_is_reproducible_preserves_handwritten_files_and_detects_drift stdout ----

thread 'regeneration_is_reproducible_preserves_handwritten_files_and_detects_drift' (1867209) panicked at crates/connectors-spec/tests/generation.rs:6:47:
called `Result::unwrap()` on an `Err` value: Error { code: InvalidInput, message: "/home/timo/beyond10x/connectors_v2/crates/connectors-spec/toolchain.json requires ess 0.9.2; no matching ESS executable. Searched: /home/timo/beyond10x/connectors_v2/crates/connectors-spec/../../.local/toolchains/ess/0.9.2/bin/ess: No such file or directory (os error 2); /home/timo/.cargo/bin/ess: found ess 0.18.0; /usr/bin/ess: No such file or directory (os error 2); /bin/ess: No such file or directory (os error 2). Install the pinned release in /home/timo/beyond10x/connectors_v2/crates/connectors-spec/../../.local/toolchains/ess/0.9.2/bin/ess or on PATH; --ess and CONNECTORS_ESS select an explicit executable.", retry_after_seconds: None }


failures:
    checked_in_bundle_matches_its_pinned_sources_and_toolchain
    regeneration_is_reproducible_preserves_handwritten_files_and_detects_drift
    regeneration_refuses_unowned_files_and_output_symlinks

test result: FAILED. 2 passed; 3 failed; 0 ignored; 0 measured; 0 filtered out; finished in 0.42s

    Finished `test` profile [unoptimized] target(s) in 0.09s
     Running tests/generation.rs (target/debug/deps/generation-cd6a05f42197ad26)
error: test failed, to rerun pass `-p connectors-spec --test generation`
