    Checking libc v0.2.189
    Checking serde_core v1.0.229
    Checking cfg-if v1.0.5
    Checking pin-project-lite v0.2.17
    Checking itoa v1.0.18
    Checking serde v1.0.229
    Checking memchr v2.8.3
    Checking futures-core v0.3.34
    Checking once_cell v1.21.4
    Checking smallvec v1.16.2
    Checking typenum v1.20.1
    Checking zmij v1.0.23
    Checking bytes v1.12.1
    Checking serde_json v1.0.151
    Checking errno v0.3.14
    Checking signal-hook-registry v1.4.8
    Checking zerofrom v0.1.8
    Checking stable_deref_trait v1.2.1
    Checking yoke v0.8.3
    Checking socket2 v0.6.5
    Checking mio v1.2.3
    Checking slab v0.4.12
    Checking log v0.4.34
    Checking rand_core v0.10.1
    Checking tokio v1.53.1
    Checking percent-encoding v2.3.2
    Checking bitflags v2.13.2
    Checking zerovec v0.11.8
    Checking getrandom v0.4.3
    Checking hybrid-array v0.4.15
    Checking futures-sink v0.3.34
    Checking zeroize v1.9.0
    Checking tracing-core v0.1.36
    Checking cmov v0.5.4
    Checking parking v2.2.1
    Checking ctutils v0.4.2
    Checking rustls-pki-types v1.15.1
    Checking crypto-common v0.2.2
    Checking block-buffer v0.12.1
    Checking const-oid v0.10.2
    Checking tracing v0.1.44
    Checking digest v0.11.3
    Checking num-traits v0.2.19
    Checking tinystr v0.8.4
    Checking http v1.5.0
    Checking getrandom v0.2.17
    Checking untrusted v0.9.0
    Checking writeable v0.6.4
    Checking cpufeatures v0.3.1
    Checking equivalent v1.0.2
    Checking foldhash v0.2.0
    Checking futures-task v0.3.34
    Checking litemap v0.8.3
    Checking allocator-api2 v0.2.21
    Checking icu_locale_core v2.3.0
    Checking hashbrown v0.17.1
    Checking futures-util v0.3.34
    Checking ring v0.17.14
    Checking http-body v1.1.0
    Checking zerotrie v0.2.5
    Checking potential_utf v0.1.6
    Checking atomic-waker v1.1.2
    Checking fastrand v2.5.0
    Checking utf8_iter v1.0.4
    Checking icu_collections v2.3.0
    Checking icu_provider v2.3.1
    Checking crossbeam-utils v0.8.23
    Checking num-integer v0.1.47
    Checking futures-channel v0.3.34
    Checking futures-io v0.3.34
    Checking base64 v0.23.1
    Checking tower-service v0.3.3
    Checking regex-syntax v0.8.11
    Checking concurrent-queue v2.5.0
    Checking generic-array v0.14.7
    Checking icu_normalizer_data v2.3.0
    Checking icu_properties_data v2.3.0
    Checking rustls-webpki v0.103.15
    Checking sha2 v0.11.0
    Checking event-listener v5.4.2
    Checking aho-corasick v1.1.5
    Checking linux-raw-sys v0.12.1
    Checking subtle v2.6.1
    Checking unicode-ident v1.0.26
    Checking try-lock v0.2.5
    Checking scopeguard v1.2.0
    Checking want v0.3.1
    Checking lock_api v0.4.14
    Checking proc-macro2 v1.0.107
    Checking rustix v1.1.5
    Checking rustls v0.23.45
    Checking regex-automata v0.4.18
    Checking thiserror v2.0.21
    Checking event-listener-strategy v0.5.4
    Checking icu_properties v2.3.0
    Checking icu_normalizer v2.3.0
    Checking httparse v1.10.1
    Checking parking_lot_core v0.9.12
    Checking futures-lite v2.6.1
    Checking num-bigint v0.4.8
    Checking uuid v1.26.1
    Checking form_urlencoded v1.2.2
    Checking sync_wrapper v1.0.2
    Checking deranged v0.5.8
    Checking tower-layer v0.3.3
    Checking powerfmt v0.2.0
    Checking num-conv v0.2.2
    Checking winnow v1.0.4
    Checking time-core v0.1.9
    Checking httpdate v1.0.3
    Checking hyper v1.11.1
    Checking time v0.3.55
    Checking quote v1.0.47
    Checking ref-cast v1.0.27
    Checking num-rational v0.4.2
    Checking parking_lot v0.12.5
    Checking idna_adapter v1.2.2
    Checking zerocopy v0.8.59
    Checking getrandom v0.3.4
    Checking crypto-common v0.1.7
    Checking block-buffer v0.10.4
    Checking num-iter v0.1.46
    Checking num-complex v0.4.6
    Checking hmac v0.13.0
    Checking ipnet v2.12.2
    Checking tinyvec v1.13.3
    Checking unicode-normalization v0.1.25
    Checking hyper-util v0.1.21
    Checking ahash v0.8.12
    Checking num v0.4.3
    Checking digest v0.10.7
    Checking idna v1.1.0
    Checking syn v3.0.6
    Checking tower v0.5.3
    Checking tokio-rustls v0.26.6
    Checking polling v3.11.0
    Checking http-body-util v0.1.5
    Checking chacha20 v0.10.2
    Checking tokio-util v0.7.19
    Checking entity-core v0.25.1 (https://github.com/beyond10x/entity-runtime?tag=0.25.1#72455539)
    Checking fs2 v0.4.3
    Checking unicode-bidi v0.3.18
    Checking unicode-properties v0.1.4
    Checking borrow-or-share v0.2.4
    Checking async-task v4.7.1
    Checking bit-vec v0.8.0
    Checking openssl-probe v0.2.1
    Checking hex v0.4.3
    Checking cpufeatures v0.2.17
    Checking sha2 v0.10.9
    Checking rustls-native-certs v0.8.4
    Checking bit-set v0.8.0
    Checking entity-store v0.25.1 (https://github.com/beyond10x/entity-runtime?tag=0.25.1#72455539)
    Checking fluent-uri v0.4.1
    Checking stringprep v0.1.5
    Checking zvariant_utils v4.2.0
    Checking rand v0.10.3
    Checking async-io v2.6.0
    Checking libsqlite3-sys v0.38.2
    Checking url v2.5.8
    Checking fraction v0.17.0
    Checking async-channel v2.5.0
    Checking enumflags2 v0.7.12
    Checking hashlink v0.12.2
    Checking md-5 v0.11.0
    Checking zcheapstr v1.1.0
    Checking const-oid v0.9.6
    Checking utf8parse v0.2.2
    Checking bytecount v0.6.9
    Checking base64 v0.22.1
    Checking num-cmp v0.1.0
    Checking siphasher v1.0.4
    Checking fallible-iterator v0.2.0
    Checking endi v1.1.1
    Checking ryu v1.0.23
    Checking outref v0.5.2
    Checking vsimd v0.8.0
    Checking fallible-streaming-iterator v0.1.9
    Checking byteorder v1.5.0
    Checking fallible-iterator v0.3.0
    Checking micromap v0.3.0
    Checking flagset v0.4.7
    Checking referencing v0.58.2
    Checking der v0.7.10
    Checking rusqlite v0.40.2
    Checking postgres-protocol v0.6.12
    Checking uuid-simd v0.8.0
    Checking zvariant v5.15.0
    Checking phf_shared v0.13.1
    Checking jsonschema-value v0.58.2
    Checking anstyle-parse v1.0.0
    Checking strum v0.28.0
    Checking nix v0.30.1
    Checking tower-http v0.6.11
    Checking async-signal v0.2.14
    Checking unicode-general-category v1.1.0
    Checking fancy-regex v0.19.2
    Checking eventlog-core v0.6.0 (https://github.com/beyond10x/eventlog?rev=0a0484634e8c640be29d6b6541d6cc1c1aaef7d3#0a048463)
    Checking rustls-platform-verifier v0.7.1
    Checking connectors-core v0.25.0 ($HOME/.local/state/worktree/trees/b10x/connectors/cb26d-pg/crates/connectors-core)
    Checking hyper-rustls v0.27.10
    Checking regex v1.13.1
    Checking async-lock v3.4.2
    Checking jsonschema-regex v0.58.2
    Checking piper v0.2.5
    Checking email_address v0.2.9
    Checking anstyle-query v1.1.5
    Checking data-encoding v2.11.1
    Checking lazy_static v1.5.0
    Checking is_terminal_polyfill v1.70.2
    Checking colorchoice v1.0.5
    Checking anstyle v1.0.14
    Checking mime v0.3.17
    Checking anstream v1.0.0
    Checking axum-core v0.5.6
    Checking jsonschema v0.58.2
    Checking sharded-slab v0.1.7
    Checking blocking v1.7.0
    Checking async-process v2.5.0
    Checking reqwest v0.13.5
    Checking eventlog-sqlite v0.6.0 (https://github.com/beyond10x/eventlog?rev=0a0484634e8c640be29d6b6541d6cc1c1aaef7d3#0a048463)
    Checking zbus_names v4.3.4
    Checking phf v0.13.1
    Checking postgres-types v0.2.14
    Checking spki v0.7.3
    Checking serde_urlencoded v0.7.1
    Checking entity-query v0.25.1 (https://github.com/beyond10x/entity-runtime?tag=0.25.1#72455539)
    Checking entity-executor v0.25.1 (https://github.com/beyond10x/entity-runtime?tag=0.25.1#72455539)
    Checking async-executor v1.14.0
    Checking toml_parser v1.1.3+spec-1.1.0
    Checking matchers v0.2.0
    Checking async-broadcast v0.7.2
    Checking indexmap v2.14.2
    Checking tracing-log v0.2.0
    Checking connectors-contracts v0.25.0 ($HOME/.local/state/worktree/trees/b10x/connectors/cb26d-pg/crates/connectors-contracts)
    Checking ordered-stream v0.2.0
    Checking serde_path_to_error v0.1.20
    Checking serde_spanned v1.1.1
    Checking toml_datetime v1.1.1+spec-1.1.0
    Checking thread_local v1.1.10
    Checking whoami v2.1.3
    Checking clap_lex v1.1.1
    Checking matchit v0.8.4
    Checking nu-ansi-term v0.50.3
    Checking strsim v0.11.1
    Checking dyn-clone v1.0.20
    Checking toml_writer v1.1.2+spec-1.1.0
    Checking unsafe-libyaml v0.2.11
    Checking toml v1.1.6+spec-1.1.0
    Checking serde_yaml_ng v0.10.0
    Checking clap_builder v4.6.7
    Checking schemars v1.2.2
    Checking tracing-subscriber v0.3.23
    Checking axum v0.8.9
    Checking tokio-postgres v0.7.18
    Checking zbus v5.19.0
    Checking connectors-sdk v0.25.0 ($HOME/.local/state/worktree/trees/b10x/connectors/cb26d-pg/crates/connectors-sdk)
    Checking entity-eventlog v0.25.1 (https://github.com/beyond10x/entity-runtime?tag=0.25.1#72455539)
    Checking x509-cert v0.2.5
    Checking connectors-client v0.25.0 ($HOME/.local/state/worktree/trees/b10x/connectors/cb26d-pg/crates/connectors-client)
    Checking clap v4.6.7
    Checking tokio-postgres-rustls v0.14.0
    Checking webpki-roots v1.0.9
    Checking yasna v0.6.0
    Checking pem v4.0.0
    Checking rcgen v0.14.10
    Checking tempfile v3.27.0
    Checking connectors-host v0.25.0 ($HOME/.local/state/worktree/trees/b10x/connectors/cb26d-pg/crates/connectors-host)
    Checking connectors-sql v0.25.0 ($HOME/.local/state/worktree/trees/b10x/connectors/cb26d-pg/adapters/sql)
    Finished `release` profile [optimized] target(s) in 54.66s
