   Compiling ring v0.17.14
   Compiling rustls v0.23.44
   Compiling rustls-webpki v0.103.15
   Compiling rcgen v0.14.10
   Compiling tokio-rustls v0.26.5
   Compiling hyper-rustls v0.27.9
   Compiling reqwest v0.12.28
   Compiling connectors-client v0.1.0 (/home/timo/beyond10x/connectors_v2/crates/connectors-client)
   Compiling connectors-host v0.1.0 (/home/timo/beyond10x/connectors_v2/crates/connectors-host)
   Compiling connectors-gitlab v0.1.0 (/home/timo/beyond10x/connectors_v2/adapters/gitlab)
    Finished `test` profile [unoptimized] target(s) in 16.12s
     Running tests/local_runtime.rs (.local/tmp/gitlab-runtime-20260910/target/debug/deps/local_runtime-2b42236dce454671)

running 5 tests
test cli_journey::ci::gitlab_cli_exact_commit_ci_job_pages_and_bounded_traces ... 
thread 'cli_journey::ci::gitlab_cli_exact_commit_ci_job_pages_and_bounded_traces' (4067613) panicked at adapters/gitlab/tests/local_runtime/ci.rs:23:21:
CLI failed: {"error":{"code":"failure","data":{"code":"timeout","kind":"operational","next_action":"retry_explicitly","stage":"admission"}},"ok":false}

note: run with `RUST_BACKTRACE=1` environment variable to display a backtrace
FAILED
test cli_journey::gitlab_cli_explicit_revalidation_after_real_expiry_without_reentry ... ok
test cli_journey::gitlab_cli_failed_repair_and_busy_stop_preserve_authority ... ok
test cli_journey::merge_requests::gitlab_cli_mr_window_exhaustion_saved_connection_and_current_policy ... 
thread 'cli_journey::merge_requests::gitlab_cli_mr_window_exhaustion_saved_connection_and_current_policy' (4078395) panicked at adapters/gitlab/tests/local_runtime/merge_requests.rs:13:21:
CLI failed: {"error":{"code":"failure","data":{"code":"timeout","kind":"operational","next_action":"retry_explicitly","stage":"admission"}},"ok":false}

FAILED
test cli_journey::persistent_gitlab_cli_owner_and_keyring_restart ... 
thread 'cli_journey::persistent_gitlab_cli_owner_and_keyring_restart' (4094015) panicked at adapters/gitlab/tests/local_runtime/cli_journey.rs:613:9:
CLI failed: {"error":{"code":"failure","data":{"code":"timeout","kind":"operational","next_action":"retry_explicitly","stage":"admission"}},"ok":false}

FAILED

failures:

failures:
    cli_journey::ci::gitlab_cli_exact_commit_ci_job_pages_and_bounded_traces
    cli_journey::merge_requests::gitlab_cli_mr_window_exhaustion_saved_connection_and_current_policy
    cli_journey::persistent_gitlab_cli_owner_and_keyring_restart

test result: FAILED. 2 passed; 3 failed; 0 ignored; 0 measured; 3 filtered out; finished in 163.38s

error: test failed, to rerun pass `-p connectors-gitlab --test local_runtime`
