   Compiling proc-macro2 v1.0.107
   Compiling quote v1.0.47
   Compiling unicode-ident v1.0.24
   Compiling libc v0.2.189
   Compiling syn v3.0.5
   Compiling syn v2.0.119
   Compiling serde_derive v1.0.229
   Compiling serde_core v1.0.229
   Compiling serde v1.0.229
   Compiling pin-project-lite v0.2.17
   Compiling cfg-if v1.0.4
   Compiling futures-core v0.3.34
   Compiling itoa v1.0.18
   Compiling synstructure v0.13.2
   Compiling zerofrom-derive v0.1.7
   Compiling once_cell v1.21.4
   Compiling zerofrom v0.1.8
   Compiling yoke-derive v0.8.2
   Compiling autocfg v1.5.1
   Compiling stable_deref_trait v1.2.1
   Compiling smallvec v1.16.0
   Compiling yoke v0.8.3
   Compiling memchr v2.8.3
   Compiling zerovec-derive v0.11.6
   Compiling version_check v0.9.5
   Compiling zerovec v0.11.8
   Compiling displaydoc v0.2.7
   Compiling errno v0.3.14
   Compiling bytes v1.12.1
   Compiling shlex v2.0.1
   Compiling find-msvc-tools v0.1.12
   Compiling cc v1.4.5
   Compiling signal-hook-registry v1.4.8
   Compiling slab v0.4.12
   Compiling zmij v1.0.23
   Compiling tinystr v0.8.4
   Compiling tracing-core v0.1.36
   Compiling percent-encoding v2.3.2
   Compiling log v0.4.34
   Compiling litemap v0.8.3
   Compiling serde_json v1.0.151
   Compiling parking v2.2.1
   Compiling writeable v0.6.4
   Compiling icu_locale_core v2.3.0
   Compiling potential_utf v0.1.6
   Compiling zerotrie v0.2.5
   Compiling num-traits v0.2.19
   Compiling tracing-attributes v0.1.31
   Compiling tokio-macros v2.7.2
   Compiling socket2 v0.6.5
   Compiling mio v1.2.3
   Compiling winnow v1.0.4
   Compiling bitflags v2.13.1
   Compiling utf8_iter v1.0.4
   Compiling icu_normalizer_data v2.3.0
   Compiling icu_properties_data v2.3.0
   Compiling icu_collections v2.3.0
   Compiling tokio v1.53.1
   Compiling tracing v0.1.44
   Compiling icu_provider v2.3.1
   Compiling http v1.5.0
   Compiling generic-array v0.14.7
   Compiling hashbrown v0.17.1
   Compiling crossbeam-utils v0.8.23
   Compiling equivalent v1.0.2
   Compiling subtle v2.6.1
   Compiling indexmap v2.14.2
   Compiling http-body v1.1.0
   Compiling toml_parser v1.1.3+spec-1.1.0
   Compiling ring v0.17.14
   Compiling toml_datetime v1.1.1+spec-1.1.0
   Compiling zeroize v1.9.0
   Compiling atomic-waker v1.1.2
   Compiling typenum v1.20.1
   Compiling toml_edit v0.25.13+spec-1.1.0
   Compiling icu_properties v2.3.0
   Compiling icu_normalizer v2.3.0
   Compiling enumflags2_derive v0.7.12
   Compiling futures-macro v0.3.34
   Compiling futures-task v0.3.34
   Compiling getrandom v0.4.3
   Compiling futures-io v0.3.34
   Compiling fastrand v2.5.0
   Compiling httparse v1.10.1
   Compiling tower-service v0.3.3
   Compiling rustix v1.1.4
   Compiling futures-util v0.3.34
   Compiling concurrent-queue v2.5.0
   Compiling idna_adapter v1.2.2
   Compiling proc-macro-crate v3.5.0
   Compiling rustls-pki-types v1.15.1
   Compiling num-integer v0.1.47
   Compiling zvariant_utils v4.2.0
   Compiling event-listener v5.4.2
   Compiling aho-corasick v1.1.5
   Compiling getrandom v0.2.17
   Compiling ref-cast v1.0.27
   Compiling foldhash v0.2.0
   Compiling regex-syntax v0.8.11
   Compiling base64 v0.22.1
   Compiling try-lock v0.2.5
   Compiling linux-raw-sys v0.12.1
   Compiling untrusted v0.9.0
   Compiling regex-automata v0.4.18
   Compiling want v0.3.1
   Compiling event-listener-strategy v0.5.4
   Compiling zvariant_derive v5.15.0
   Compiling idna v1.1.0
   Compiling futures-lite v2.6.1
   Compiling block-buffer v0.10.4
   Compiling crypto-common v0.1.7
   Compiling form_urlencoded v1.2.2
   Compiling sync_wrapper v1.0.2
   Compiling futures-channel v0.3.34
   Compiling ref-cast-impl v1.0.27
   Compiling rustls v0.23.44
   Compiling parking_lot_core v0.9.12
   Compiling httpdate v1.0.3
   Compiling zerocopy v0.8.56
   Compiling getrandom v0.3.4
   Compiling tower-layer v0.3.3
   Compiling hyper v1.11.1
   Compiling digest v0.10.7
   Compiling uuid v1.26.0
   Compiling rustls-webpki v0.103.15
   Compiling num-bigint v0.4.8
   Compiling ahash v0.8.12
   Compiling async-io v2.6.0
   Compiling scopeguard v1.2.0
   Compiling ipnet v2.12.2
   Compiling thiserror v2.0.20
   Compiling ryu v1.0.23
   Compiling lazy_static v1.5.0
   Compiling utf8parse v0.2.2
   Compiling anstyle-parse v1.0.0
   Compiling num-rational v0.4.2
   Compiling hyper-util v0.1.20
   Compiling lock_api v0.4.14
   Compiling tower v0.5.3
   Compiling polling v3.11.0
   Compiling num-iter v0.1.46
   Compiling enumflags2 v0.7.12
   Compiling num-complex v0.4.6
   Compiling http-body-util v0.1.5
   Compiling zcheapstr v1.1.0
   Compiling thiserror-impl v2.0.20
   Compiling borrow-or-share v0.2.4
   Compiling is_terminal_polyfill v1.70.2
   Compiling hex v0.4.3
   Compiling colorchoice v1.0.5
   Compiling bit-vec v0.8.0
   Compiling cpufeatures v0.2.17
   Compiling anstyle v1.0.14
   Compiling anstyle-query v1.1.5
   Compiling async-task v4.7.1
   Compiling pkg-config v0.3.34
   Compiling vcpkg v0.2.15
   Compiling endi v1.1.1
   Compiling zvariant v5.15.0
   Compiling libsqlite3-sys v0.38.2
   Compiling anstream v1.0.0
   Compiling bit-set v0.8.0
   Compiling sha2 v0.10.9
   Compiling fluent-uri v0.3.2
   Compiling num v0.4.3
   Compiling parking_lot v0.12.5
   Compiling tokio-rustls v0.26.5
   Compiling serde_urlencoded v0.7.1
   Compiling url v2.5.8
   Compiling async-channel v2.5.0
   Compiling webpki-roots v1.0.9
   Compiling outref v0.5.2
   Compiling clap_lex v1.1.0
   Compiling vsimd v0.8.0
   Compiling futures-sink v0.3.34
   Compiling strsim v0.11.1
   Compiling heck v0.5.0
   Compiling clap_builder v4.6.6
   Compiling clap_derive v4.6.4
   Compiling uuid-simd v0.8.0
   Compiling tokio-util v0.7.19
   Compiling tower-http v0.6.11
   Compiling hyper-rustls v0.27.9
   Compiling referencing v0.33.0
   Compiling async-signal v0.2.14
   Compiling fraction v0.15.4
   Compiling connectors-core v0.1.0 (/home/timo/beyond10x/connectors_v2/crates/connectors-core)
   Compiling fancy-regex v0.16.2
   Compiling zbus_names v4.3.4
   Compiling async-lock v3.4.2
   Compiling regex v1.13.1
   Compiling piper v0.2.5
   Compiling email_address v0.2.9
   Compiling serde_spanned v0.6.9
   Compiling toml_datetime v0.6.11
   Compiling async-trait v0.1.92
   Compiling serde_derive_internals v0.30.0
   Compiling winnow v0.7.15
   Compiling bytecount v0.6.9
   Compiling toml_write v0.1.2
   Compiling num-cmp v0.1.0
   Compiling mime v0.3.17
   Compiling axum-core v0.5.6
   Compiling jsonschema v0.33.0
   Compiling toml_edit v0.22.27
   Compiling schemars_derive v1.2.2
   Compiling blocking v1.7.0
   Compiling async-process v2.5.0
   Compiling zbus_macros v5.19.0
   Compiling reqwest v0.12.28
   Compiling clap v4.6.6
   Compiling async-executor v1.14.0
   Compiling sharded-slab v0.1.7
   Compiling hmac v0.12.1
   Compiling async-broadcast v0.7.2
   Compiling hashlink v0.12.2
   Compiling matchers v0.2.0
   Compiling connectors-contracts v0.1.0 (/home/timo/beyond10x/connectors_v2/crates/connectors-contracts)
   Compiling tracing-log v0.2.0
   Compiling serde_path_to_error v0.1.20
   Compiling ordered-stream v0.2.0
   Compiling thread_local v1.1.10
   Compiling async-recursion v1.1.1
   Compiling serde_repr v0.1.21
   Compiling rtoolbox v0.0.6
   Compiling matchit v0.8.4
   Compiling fallible-streaming-iterator v0.1.9
   Compiling fallible-iterator v0.3.0
   Compiling nu-ansi-term v0.50.3
   Compiling dyn-clone v1.0.20
   Compiling unsafe-libyaml v0.2.11
   Compiling serde_yaml_ng v0.10.0
   Compiling schemars v1.2.2
   Compiling tracing-subscriber v0.3.23
   Compiling axum v0.8.9
   Compiling rpassword v7.5.4
   Compiling zbus v5.19.0
   Compiling connectors-sdk v0.1.0 (/home/timo/beyond10x/connectors_v2/crates/connectors-sdk)
   Compiling clap_complete v4.6.9
   Compiling connectors-client v0.1.0 (/home/timo/beyond10x/connectors_v2/crates/connectors-client)
   Compiling toml v0.8.23
   Compiling connectors-cli-contract v0.0.0 (/home/timo/beyond10x/connectors_v2/apps/connectors-cli-contract)
   Compiling rusqlite v0.40.2
   Compiling connectors-host v0.1.0 (/home/timo/beyond10x/connectors_v2/crates/connectors-host)
   Compiling connectors v0.1.0 (/home/timo/beyond10x/connectors_v2/apps/connectors)
    Finished `release` profile [optimized] target(s) in 1m 58s
