   Compiling ring v0.17.14
   Compiling rustls v0.23.44
    Checking rustls-webpki v0.103.15
    Checking rcgen v0.14.10
    Checking tokio-rustls v0.26.5
    Checking hyper-rustls v0.27.9
    Checking reqwest v0.12.28
    Checking connectors-client v0.1.0 (/home/timo/beyond10x/connectors_v2/crates/connectors-client)
    Checking connectors-host v0.1.0 (/home/timo/beyond10x/connectors_v2/crates/connectors-host)
error: very complex type used. Consider factoring parts into `type` definitions
   --> crates/connectors-host/src/local/mutations/tests.rs:166:18
    |
166 |     let changes: Vec<Box<dyn Fn(&mut Fingerprint)>> = vec![
    |                  ^^^^^^^^^^^^^^^^^^^^^^^^^^^^^^^^^^
    |
    = help: for further information visit https://rust-lang.github.io/rust-clippy/rust-1.98.0/index.html#type_complexity
    = note: `-D clippy::type-complexity` implied by `-D warnings`
    = help: to override `-D warnings` add `#[allow(clippy::type_complexity)]`

error: could not compile `connectors-host` (lib test) due to 1 previous error
warning: build failed, waiting for other jobs to finish...
