   Compiling ring v0.17.14
   Compiling rustls-webpki v0.103.15
   Compiling rustls v0.23.44
   Compiling tokio-rustls v0.26.5
   Compiling hyper-rustls v0.27.9
   Compiling reqwest v0.12.28
   Compiling connectors-client v0.1.0 (/home/timo/beyond10x/connectors_v2/crates/connectors-client)
   Compiling connectors-host v0.1.0 (/home/timo/beyond10x/connectors_v2/crates/connectors-host)
   Compiling connectors-spec v0.1.0 (/home/timo/beyond10x/connectors_v2/crates/connectors-spec)
   Compiling connectors-build v0.1.0 (/home/timo/beyond10x/connectors_v2/crates/connectors-build)
    Finished `dev` profile [unoptimized + debuginfo] target(s) in 12.95s
     Running `.local/tmp/gitlab-runtime-20260910/target/debug/connectors-build gate --msrv`
gate: shared ESS provider vocabulary and source ownership hold; exit=0
connectors v1 — 20 file(s), valid
connectors v1 — 20 file(s), 393 declaration(s), compiled to /home/timo/beyond10x/connectors_v2/.local/tmp/gate-CHL16X/ess-boundary-0.json
connectors_atlassian v1 — 2 file(s), valid
connectors_atlassian v1 — 2 file(s), 4 declaration(s), compiled to /home/timo/beyond10x/connectors_v2/.local/tmp/gate-CHL16X/ess-boundary-1.json
connectors_docker v1 — 2 file(s), valid
connectors_docker v1 — 2 file(s), 3 declaration(s), compiled to /home/timo/beyond10x/connectors_v2/.local/tmp/gate-CHL16X/ess-boundary-2.json
connectors_gitlab v1 — 4 file(s), valid
connectors_gitlab v1 — 4 file(s), 14 declaration(s), compiled to /home/timo/beyond10x/connectors_v2/.local/tmp/gate-CHL16X/ess-boundary-3.json
connectors_grafana v1 — 2 file(s), valid
connectors_grafana v1 — 2 file(s), 4 declaration(s), compiled to /home/timo/beyond10x/connectors_v2/.local/tmp/gate-CHL16X/ess-boundary-4.json
connectors_kubernetes v1 — 4 file(s), valid
connectors_kubernetes v1 — 4 file(s), 11 declaration(s), compiled to /home/timo/beyond10x/connectors_v2/.local/tmp/gate-CHL16X/ess-boundary-5.json
connectors_loki v1 — 2 file(s), valid
connectors_loki v1 — 2 file(s), 4 declaration(s), compiled to /home/timo/beyond10x/connectors_v2/.local/tmp/gate-CHL16X/ess-boundary-6.json
gate: shared and 6 adapter ESS models validated and compiled independently; exit=0
10 CLI artifact(s), current in apps/connectors-cli-contract
CLI values: 67 structural, 2 cached expectations, 5 acquisition and 3 page consistency cases passed; runtime lifecycle/custody traces remain obligations
CLI contract fixture matches; custody and lifecycle runtime conformance remain obligations
gate: ["fmt", "--package", "connectors-build", "--package", "connectors-spec", "--package", "connectors-core", "--package", "connectors-host", "--package", "connectors-client", "--package", "connectors-sdk", "--package", "connectors-contracts", "--package", "connectors-conformance", "--package", "connectors-gitlab", "--package", "gitlab-types", "--package", "connectors-kubernetes", "--package", "connectors-sql", "--package", "connectors", "--", "--check"]
gate: exit=exit status: 0 ["fmt", "--package", "connectors-build", "--package", "connectors-spec", "--package", "connectors-core", "--package", "connectors-host", "--package", "connectors-client", "--package", "connectors-sdk", "--package", "connectors-contracts", "--package", "connectors-conformance", "--package", "connectors-gitlab", "--package", "gitlab-types", "--package", "connectors-kubernetes", "--package", "connectors-sql", "--package", "connectors", "--", "--check"]
gate: gitlab descriptor matches; exit=0
gate: kubernetes descriptor matches; exit=0
gate: sql descriptor matches; exit=0
gate: ["build", "--workspace", "--locked", "--offline"]
   Compiling ring v0.17.14
   Compiling rustls v0.23.44
   Compiling rustls-webpki v0.103.15
   Compiling tokio-rustls v0.26.5
   Compiling hyper-rustls v0.27.9
   Compiling tokio-postgres-rustls v0.14.0
   Compiling reqwest v0.12.28
   Compiling connectors-client v0.1.0 (/home/timo/beyond10x/connectors_v2/crates/connectors-client)
   Compiling connectors-host v0.1.0 (/home/timo/beyond10x/connectors_v2/crates/connectors-host)
   Compiling connectors-spec v0.1.0 (/home/timo/beyond10x/connectors_v2/crates/connectors-spec)
   Compiling connectors-sql v0.1.0 (/home/timo/beyond10x/connectors_v2/adapters/sql)
   Compiling connectors-gitlab v0.1.0 (/home/timo/beyond10x/connectors_v2/adapters/gitlab)
   Compiling connectors-kubernetes v0.1.0 (/home/timo/beyond10x/connectors_v2/adapters/kubernetes)
   Compiling connectors-build v0.1.0 (/home/timo/beyond10x/connectors_v2/crates/connectors-build)
   Compiling connectors-conformance v0.1.0 (/home/timo/beyond10x/connectors_v2/crates/connectors-conformance)
   Compiling connectors v0.1.0 (/home/timo/beyond10x/connectors_v2/apps/connectors)
    Finished `dev` profile [unoptimized + debuginfo] target(s) in 15.80s
gate: exit=exit status: 0 ["build", "--workspace", "--locked", "--offline"]
gate: ["test", "--workspace", "--locked", "--offline"]
   Compiling ring v0.17.14
   Compiling rustls v0.23.44
   Compiling rustls-webpki v0.103.15
   Compiling rcgen v0.14.10
   Compiling tokio-rustls v0.26.5
   Compiling hyper-rustls v0.27.9
   Compiling tokio-postgres-rustls v0.14.0
   Compiling reqwest v0.12.28
   Compiling connectors-client v0.1.0 (/home/timo/beyond10x/connectors_v2/crates/connectors-client)
   Compiling connectors-host v0.1.0 (/home/timo/beyond10x/connectors_v2/crates/connectors-host)
   Compiling connectors-gitlab v0.1.0 (/home/timo/beyond10x/connectors_v2/adapters/gitlab)
   Compiling connectors-spec v0.1.0 (/home/timo/beyond10x/connectors_v2/crates/connectors-spec)
   Compiling connectors-sql v0.1.0 (/home/timo/beyond10x/connectors_v2/adapters/sql)
   Compiling connectors-kubernetes v0.1.0 (/home/timo/beyond10x/connectors_v2/adapters/kubernetes)
   Compiling connectors-build v0.1.0 (/home/timo/beyond10x/connectors_v2/crates/connectors-build)
   Compiling connectors v0.1.0 (/home/timo/beyond10x/connectors_v2/apps/connectors)
   Compiling connectors-conformance v0.1.0 (/home/timo/beyond10x/connectors_v2/crates/connectors-conformance)
    Finished `test` profile [unoptimized] target(s) in 29.19s
     Running unittests src/main.rs (.local/tmp/gitlab-runtime-20260910/target/debug/deps/connectors-3b3f3fafc3b93b74)

running 0 tests

test result: ok. 0 passed; 0 failed; 0 ignored; 0 measured; 0 filtered out; finished in 0.00s

     Running tests/compatibility.rs (.local/tmp/gitlab-runtime-20260910/target/debug/deps/compatibility-335bc83b4daecfec)

running 2 tests
test compatibility_inventory_matches_existing_help ... ok
test legacy_describe_is_complete_and_invoke_prints_raw_result_once ... ok

test result: ok. 2 passed; 0 failed; 0 ignored; 0 measured; 0 filtered out; finished in 0.03s

     Running tests/input.rs (.local/tmp/gitlab-runtime-20260910/target/debug/deps/input-149a934a0bf78d59)

running 1 test
test duplicate_input_keys_are_refused_before_service_contact ... ok

test result: ok. 1 passed; 0 failed; 0 ignored; 0 measured; 0 filtered out; finished in 0.01s

     Running tests/local_cli.rs (.local/tmp/gitlab-runtime-20260910/target/debug/deps/local_cli-c7a904e8bd382369)

running 3 tests
test protected_sources_are_not_consumed_before_configuration_admission ... ok
test production_parser_initializes_and_inspects_across_processes ... ok
test inventory_and_unavailable_status_never_launch_configured_executable ... ok

test result: ok. 3 passed; 0 failed; 0 ignored; 0 measured; 0 filtered out; finished in 0.36s

     Running unittests src/main.rs (.local/tmp/gitlab-runtime-20260910/target/debug/deps/connectors_build-4cae102ee38f2182)

running 19 tests
test cli::tests::public_acquisition_examples_cannot_expose_internal_states_or_wrong_terminal_fields ... ok
test cli::tests::cache_labels_and_page_deadlines_cannot_assert_unobserved_freshness ... ok
test docs::tests::refuses_unknown_projection_nodes ... ok
test docs::tests::rejects_duplicate_and_escaping_routes ... ok
test docs::tests::cannot_publish_a_source_outside_its_owner ... ok
test docs::tests::public_audit_checks_embedded_binary_paths ... ok
test docs::tests::resolves_only_selected_local_links ... ok
test ess_boundary::tests::matches_case_and_separator_variants_without_substring_false_positives ... ok
test docs::tests::preserves_rules_and_stable_heading_anchors ... ok
test docs::tests::reference_title_keeps_anchor_and_text_without_a_second_h1 ... ok
test docs::tests::imported_markdown_cannot_execute_html_or_script_links ... ok
test ess_boundary::tests::allows_shared_protocols_and_separate_provider_models ... ok
test ess_boundary::tests::refuses_linked_source_files_and_directories ... ok
test ess_boundary::tests::protocol_adapter_does_not_ban_shared_protocol_or_suppress_native_leaks ... ok
test ess_boundary::tests::rejects_malformed_optional_alias_inputs_and_model_sources ... ok
test ess_boundary::tests::discovers_design_only_and_spec_only_owners_without_runtime_declarations ... ok
test ess_boundary::tests::checks_all_paths_and_requires_complete_local_domain_inventory ... ok
test ess_boundary::tests::rejects_names_comments_fields_encoded_values_and_new_adapter_ids ... ok
test docs::tests::walkthrough_fixtures_follow_the_real_descriptor ... ok

test result: ok. 19 passed; 0 failed; 0 ignored; 0 measured; 0 filtered out; finished in 0.13s

     Running unittests src/lib.rs (.local/tmp/gitlab-runtime-20260910/target/debug/deps/connectors_client-d67bb60af80240b7)

running 0 tests

test result: ok. 0 passed; 0 failed; 0 ignored; 0 measured; 0 filtered out; finished in 0.00s

     Running unittests src/main.rs (.local/tmp/gitlab-runtime-20260910/target/debug/deps/connectors_conformance-a0edd008658c0ab8)

running 0 tests

test result: ok. 0 passed; 0 failed; 0 ignored; 0 measured; 0 filtered out; finished in 0.00s

     Running tests/cli_surface.rs (.local/tmp/gitlab-runtime-20260910/target/debug/deps/cli_surface-af5f7d68ccaf651e)

running 7 tests
test inputless_setup_keeps_configuration_in_context_and_emits_one_typed_result ... ok
test the_selected_inventory_has_sixteen_grouped_commands_and_explicit_runtime_obligations ... ok
test typed_application_usage_operational_and_interrupt_outcomes_use_distinct_exits ... ok
test protected_source_conflicts_and_parser_errors_never_capture_or_echo_values ... ok
test dynamic_business_sources_are_acquired_once_and_validate_both_directions ... ok
test every_local_action_dispatches_once_with_its_declared_result_type ... ok
test native_schema_refusals_prevent_handler_dispatch_and_bad_results_never_reach_stdout ... ok

test result: ok. 7 passed; 0 failed; 0 ignored; 0 measured; 0 filtered out; finished in 0.06s

     Running unittests src/lib.rs (.local/tmp/gitlab-runtime-20260910/target/debug/deps/connectors_contracts-347d961704d1da0d)

running 0 tests

test result: ok. 0 passed; 0 failed; 0 ignored; 0 measured; 0 filtered out; finished in 0.00s

     Running unittests src/lib.rs (.local/tmp/gitlab-runtime-20260910/target/debug/deps/connectors_core-7987d709d1addba2)

running 0 tests

test result: ok. 0 passed; 0 failed; 0 ignored; 0 measured; 0 filtered out; finished in 0.00s

     Running tests/wire.rs (.local/tmp/gitlab-runtime-20260910/target/debug/deps/wire-e9e77a8b72d9244a)

running 4 tests
test canonicalization_is_recursive_and_order_independent ... ok
test duplicate_keys_are_refused_at_every_depth ... ok
test contradictory_response_payloads_are_refused ... ok
test response_roundtrips_success_and_error ... ok

test result: ok. 4 passed; 0 failed; 0 ignored; 0 measured; 0 filtered out; finished in 0.00s

     Running unittests src/lib.rs (.local/tmp/gitlab-runtime-20260910/target/debug/deps/connectors_gitlab-b05a44e6ecda30fd)

running 0 tests

test result: ok. 0 passed; 0 failed; 0 ignored; 0 measured; 0 filtered out; finished in 0.00s

     Running unittests src/main.rs (.local/tmp/gitlab-runtime-20260910/target/debug/deps/connectors_gitlab-8e27ba7b33e239c2)

running 0 tests

test result: ok. 0 passed; 0 failed; 0 ignored; 0 measured; 0 filtered out; finished in 0.00s

     Running tests/auth.rs (.local/tmp/gitlab-runtime-20260910/target/debug/deps/auth-92e38519bac44a68)

running 6 tests
test both_reads_use_the_same_capability_and_evidence_has_an_absolute_expiry ... ok
test validation_does_not_extend_time_budgets_or_expiry ... ok
test provider_failures_and_invalid_json_do_not_trigger_retries ... ok
test native_identity_grants_and_required_fields_cannot_be_inferred ... ok
test protected_entry_validates_through_production_scoped_http ... ok
test protected_document_is_strict_bounded_and_not_trimmed ... ok

test result: ok. 6 passed; 0 failed; 0 ignored; 0 measured; 0 filtered out; finished in 0.00s

     Running tests/ci.rs (.local/tmp/gitlab-runtime-20260910/target/debug/deps/ci-3820e792b545bb73)

running 6 tests
test invalid_selection_and_unknown_fields_refuse_before_any_transport ... ok
test continuations_bind_every_selection_and_connection_partition ... ok
test exact_commit_polling_job_pages_and_failed_trace_use_generated_mappings ... ok
test paging_and_provider_errors_are_explicit_without_retry ... ok
test inconsistent_targets_and_malformed_native_shapes_cannot_satisfy_ci ... ok
test trace_bytes_utf8_boundaries_and_completeness_are_preserved ... ok

test result: ok. 6 passed; 0 failed; 0 ignored; 0 measured; 0 filtered out; finished in 0.39s

     Running tests/local_runtime.rs (.local/tmp/gitlab-runtime-20260910/target/debug/deps/local_runtime-6fed6cccc06b0b0b)

running 8 tests
test cli_journey::ci::gitlab_cli_exact_commit_ci_job_pages_and_bounded_traces ... ignored, requires qualified GNOME, dbus-daemon, task-owned TMPDIR and CONNECTORS_TEST_CLI
test cli_journey::gitlab_cli_explicit_revalidation_after_real_expiry_without_reentry ... ignored, requires built production CLI and qualified disposable Secret Service
test cli_journey::gitlab_cli_failed_repair_and_busy_stop_preserve_authority ... ignored, requires qualified GNOME, dbus-daemon, task-owned TMPDIR and CONNECTORS_TEST_CLI
test cli_journey::merge_requests::gitlab_cli_mr_window_exhaustion_saved_connection_and_current_policy ... ignored, requires qualified GNOME, dbus-daemon, task-owned TMPDIR and CONNECTORS_TEST_CLI
test cli_journey::persistent_gitlab_cli_owner_and_keyring_restart ... ignored, requires qualified GNOME, dbus-daemon, task-owned TMPDIR and CONNECTORS_TEST_CLI
test lost_validation_response_closes_the_owned_channel_without_replay ... ok
test bootstrap_mismatches_and_changed_artifacts_refuse_before_provider_work ... ok
test private_gitlab_validates_and_reads_with_exact_caps_and_cursor_partitions ... ok

test result: ok. 3 passed; 0 failed; 5 ignored; 0 measured; 0 filtered out; finished in 10.00s

     Running tests/merge_requests.rs (.local/tmp/gitlab-runtime-20260910/target/debug/deps/merge_requests-b941c9729349cd03)

running 6 tests
test invalid_selections_refuse_before_transport ... ok
test provider_failures_are_safe_and_never_empty_success ... ok
test pages_refuse_filter_window_order_duplicates_and_invalid_continuations ... ok
test malformed_identity_and_projection_never_become_partial_success ... ok
test window_traversal_and_project_local_get_preserve_observations ... ok
test cursors_bind_every_window_axis_and_authenticated_partition ... ok

test result: ok. 6 passed; 0 failed; 0 ignored; 0 measured; 0 filtered out; finished in 0.44s

     Running tests/obligations.rs (.local/tmp/gitlab-runtime-20260910/target/debug/deps/obligations-ebb14bb64b49cc76)

running 4 tests
test generated_file_mapping_passes_unencoded_segments_to_the_scoped_transport ... ok
test generated_dispatch_rejects_invalid_inputs_before_transport ... ok
test empty_pages_with_continuation_and_full_pages_without_headers_are_partial ... ok
test response_failures_and_nonadvancing_pagination_remain_explicit ... ok

test result: ok. 4 passed; 0 failed; 0 ignored; 0 measured; 0 filtered out; finished in 0.32s

     Running tests/provider.rs (.local/tmp/gitlab-runtime-20260910/target/debug/deps/provider-82bc976c37390fc3)

running 1 test
test project_issue_pagination_and_file_reads_use_scoped_auth_over_http ... ok

test result: ok. 1 passed; 0 failed; 0 ignored; 0 measured; 0 filtered out; finished in 0.34s

     Running unittests src/lib.rs (.local/tmp/gitlab-runtime-20260910/target/debug/deps/connectors_host-238697061c154567)

running 50 tests
test local::keyring::custody::tests::disposable_changed_keyring_format_is_refused_before_transfer ... ignored, requires qualified GNOME Keyring 50.0, dbus-daemon and task-owned TMPDIR
test local::keyring::custody::tests::disposable_registry_publication_cli_and_retirement_restart ... ignored, requires qualified GNOME, dbus-daemon, task-owned TMPDIR and CONNECTORS_TEST_CLI
test local::keyring::custody::tests::disposable_secret_service_restart_and_failures ... ignored, requires qualified GNOME Keyring 50.0, dbus-daemon and task-owned TMPDIR
test local::keyring::custody::gnome::tests::daemon_environment_mapping_refuses_ambiguous_or_injected_layouts ... ok
test local::keyring::custody::tests::private_custody_identities_are_non_nil ... ok
test local::mutations::tests::crash_child ... ignored, subprocess entry point, exercised by abrupt_process_exit
test local::protected::tests::terminal_fixture ... ok
test local::protected::tests::source_admission_rejects_links_modes_and_oversized_files ... ok
test local::metadata::tests::passive_v1_inspection_cannot_migrate_or_claim_an_empty_registry ... ok
test local::mutations::tests::capacity_and_corrupt_or_unavailable_reads_do_not_become_absence ... ok
test local::metadata::tests::runtime_migration_is_admitted_and_retains_the_v2_authority ... FAILED
test local::mutations::tests::version_three_inspection_is_read_only_and_admitted_upgrade_preserves_authority ... ok
test local::mutations::tests::terminal_first_fact_is_immutable_and_unknown_never_expires ... ok
test local::mutations::tests::unkeyed_attempts_still_require_the_gate_and_retain_outcome ... ok
test local::mutations::tests::every_fingerprint_coordinate_conflicts_including_exact_route_revisions ... ok
test local::registry::tests::abandoned_candidates_require_acknowledged_retirement_and_full_retention ... ok
test local::mutations::tests::retention_uses_trusted_bounds_and_cas_cannot_retire_a_replacement ... ok
test local::mutations::tests::concurrent_duplicate_prepare_has_one_live_receipt_and_original_correlation ... ok
test local::registry::tests::allocation_custody_and_publication_are_distinct_and_restartable ... ok
test local::mutations::tests::namespace_is_injective_with_explicit_nulls_origin_and_opaque_keys ... ok
test local::runtime::artifact::tests::admitted_snapshot_survives_source_changes_and_refuses_mutation ... ok
test local::registry::tests::production_clock_samples_after_locking_and_still_rejects_regression ... ok
test local::runtime::channel::tests::malformed_frames_are_refused_without_unbounded_reads ... ok
test local::runtime::channel::tests::separate_protected_section_and_bounded_document_depth ... ok
test local::runtime::channel::tests::stalled_partial_frame_uses_the_original_deadline ... ok
test local::runtime::failure_tests::provider_codes_survive_the_private_boundary_without_raw_error_data ... ok
test local::mutations::tests::atomic_prepare_faults_never_return_a_handle_or_leave_a_half_reservation ... ok
test local::runtime::process::tests::protocol_fixture ... ok
test local::registry::tests::competing_repairs_have_one_winner_and_old_dispatch_is_fenced ... ok
test server::tests::service_deadline_cancels_the_adapter_and_releases_capacity ... ok
test server::tests::thirty_two_inflight_calls_refuse_the_next_until_one_is_dropped ... ok
test local::registry::tests::lost_publication_acknowledgement_is_resolved_without_repeating_capture ... ok
test server::tests::oversized_adapter_result_is_refused_after_schema_validation ... ok
test local::registry::tests::receipt_identity_and_known_missing_material_cannot_be_substituted ... ok
test local::registry::tests::identity_scope_and_expiry_failures_preserve_the_usable_generation ... ok
test local::registry::tests::revalidation_capture_and_completion_are_one_use_and_keep_original_deadline ... ok
test local::runtime::channel::tests::cancellation_observes_a_stalled_partial_reply_without_resetting_the_deadline ... ok
test local::registry::tests::revalidation_after_expiry_preserves_material_and_recovers_unknown_acknowledgement ... ok
test local::registry::tests::terminal_revoke_invalidates_repair_and_dispatch_without_custody ... ok
test local::registry::tests::cursors_are_scoped_bounded_and_invalidated_by_metadata_change ... ok
test local::mutations::tests::ambiguous_gate_is_unknown_and_ambiguous_terminal_preserves_known_live_answer ... ok
test local::mutations::tests::malformed_or_missing_clock_never_settles_a_known_result_or_shortens_retention ... ok
test local::mutations::tests::abrupt_process_exit_preserves_each_durable_boundary_without_resend ... ok
test local::protected::tests::controlling_terminal_hides_input_and_restores_echo_after_sigint ... ok
test local::mutations::tests::connection_fences_authority_and_process_identity_refuse_stale_handles ... ok
test local::registry::tests::revalidation_orders_competing_recollection_repair_revoke_and_pending_reads ... ok
test local::registry::tests::revalidation_preserves_transient_failures_but_cannot_resurrect_known_invalidity ... ok
test local::mutations::tests::abort_and_gate_compete_and_recovery_never_reconstructs_a_send_receipt ... ok
test local::registry::tests::concurrent_revoke_repair_publication_and_read_dispatch_share_one_fence ... ok
test local::runtime::process::tests::malformed_replies_terminate_and_reap_only_the_owned_child ... ok

failures:

---- local::metadata::tests::runtime_migration_is_admitted_and_retains_the_v2_authority stdout ----

thread 'local::metadata::tests::runtime_migration_is_admitted_and_retains_the_v2_authority' (3948958) panicked at crates/connectors-host/src/local/metadata.rs:483:9:
assertion `left == right` failed
  left: 4
 right: 3
note: run with `RUST_BACKTRACE=1` environment variable to display a backtrace


failures:
    local::metadata::tests::runtime_migration_is_admitted_and_retains_the_v2_authority

test result: FAILED. 45 passed; 1 failed; 4 ignored; 0 measured; 0 filtered out; finished in 8.37s

error: test failed, to rerun pass `-p connectors-host --lib`
gate: exit=exit status: 101 ["test", "--workspace", "--locked", "--offline"]
Error: "gate command \"cargo\" failed"
