RUN 1 exit=0
   Compiling ring v0.17.14
   Compiling rustls v0.23.44
   Compiling rustls-webpki v0.103.15
   Compiling tokio-rustls v0.26.5
   Compiling hyper-rustls v0.27.9
   Compiling reqwest v0.12.28
   Compiling connectors-client v0.1.0 (/home/timo/beyond10x/connectors_v2/crates/connectors-client)
   Compiling connectors-host v0.1.0 (/home/timo/beyond10x/connectors_v2/crates/connectors-host)
   Compiling connectors-spec v0.1.0 (/home/timo/beyond10x/connectors_v2/crates/connectors-spec)
    Finished `test` profile [unoptimized] target(s) in 5.62s
     Running unittests src/lib.rs (target/debug/deps/connectors_spec-07ca01f7d42b2ff0)

running 4 tests
test toolchain::tests::committed_manifest_uses_the_repository_pin ... ok
test toolchain::tests::missing_pin_reports_record_and_search_locations_and_cache_is_supported ... ok
test toolchain::tests::default_search_is_independent_of_path_version_order ... ok
test toolchain::tests::explicit_overrides_win_and_wrong_paths_do_not_fall_back ... ok

test result: ok. 4 passed; 0 failed; 0 ignored; 0 measured; 0 filtered out; finished in 0.02s


RUN 2 exit=0
    Finished `test` profile [unoptimized] target(s) in 0.20s
     Running unittests src/lib.rs (target/debug/deps/connectors_spec-07ca01f7d42b2ff0)

running 4 tests
test toolchain::tests::committed_manifest_uses_the_repository_pin ... ok
test toolchain::tests::missing_pin_reports_record_and_search_locations_and_cache_is_supported ... ok
test toolchain::tests::explicit_overrides_win_and_wrong_paths_do_not_fall_back ... ok
test toolchain::tests::default_search_is_independent_of_path_version_order ... ok

test result: ok. 4 passed; 0 failed; 0 ignored; 0 measured; 0 filtered out; finished in 0.02s


RUN 3 exit=0
    Finished `test` profile [unoptimized] target(s) in 0.22s
     Running unittests src/lib.rs (target/debug/deps/connectors_spec-07ca01f7d42b2ff0)

running 4 tests
test toolchain::tests::committed_manifest_uses_the_repository_pin ... ok
test toolchain::tests::missing_pin_reports_record_and_search_locations_and_cache_is_supported ... ok
test toolchain::tests::default_search_is_independent_of_path_version_order ... ok
test toolchain::tests::explicit_overrides_win_and_wrong_paths_do_not_fall_back ... ok

test result: ok. 4 passed; 0 failed; 0 ignored; 0 measured; 0 filtered out; finished in 0.02s


RUN 4 exit=0
    Finished `test` profile [unoptimized] target(s) in 0.19s
     Running unittests src/lib.rs (target/debug/deps/connectors_spec-07ca01f7d42b2ff0)

running 4 tests
test toolchain::tests::committed_manifest_uses_the_repository_pin ... ok
test toolchain::tests::missing_pin_reports_record_and_search_locations_and_cache_is_supported ... ok
test toolchain::tests::default_search_is_independent_of_path_version_order ... ok
test toolchain::tests::explicit_overrides_win_and_wrong_paths_do_not_fall_back ... ok

test result: ok. 4 passed; 0 failed; 0 ignored; 0 measured; 0 filtered out; finished in 0.02s


RUN 5 exit=0
    Finished `test` profile [unoptimized] target(s) in 0.24s
     Running unittests src/lib.rs (target/debug/deps/connectors_spec-07ca01f7d42b2ff0)

running 4 tests
test toolchain::tests::committed_manifest_uses_the_repository_pin ... ok
test toolchain::tests::missing_pin_reports_record_and_search_locations_and_cache_is_supported ... ok
test toolchain::tests::explicit_overrides_win_and_wrong_paths_do_not_fall_back ... ok
test toolchain::tests::default_search_is_independent_of_path_version_order ... ok

test result: ok. 4 passed; 0 failed; 0 ignored; 0 measured; 0 filtered out; finished in 0.02s


RUN 6 exit=0
    Finished `test` profile [unoptimized] target(s) in 0.24s
     Running unittests src/lib.rs (target/debug/deps/connectors_spec-07ca01f7d42b2ff0)

running 4 tests
test toolchain::tests::committed_manifest_uses_the_repository_pin ... ok
test toolchain::tests::missing_pin_reports_record_and_search_locations_and_cache_is_supported ... ok
test toolchain::tests::default_search_is_independent_of_path_version_order ... ok
test toolchain::tests::explicit_overrides_win_and_wrong_paths_do_not_fall_back ... ok

test result: ok. 4 passed; 0 failed; 0 ignored; 0 measured; 0 filtered out; finished in 0.02s


RUN 7 exit=0
    Finished `test` profile [unoptimized] target(s) in 0.22s
     Running unittests src/lib.rs (target/debug/deps/connectors_spec-07ca01f7d42b2ff0)

running 4 tests
test toolchain::tests::committed_manifest_uses_the_repository_pin ... ok
test toolchain::tests::missing_pin_reports_record_and_search_locations_and_cache_is_supported ... ok
test toolchain::tests::default_search_is_independent_of_path_version_order ... ok
test toolchain::tests::explicit_overrides_win_and_wrong_paths_do_not_fall_back ... ok

test result: ok. 4 passed; 0 failed; 0 ignored; 0 measured; 0 filtered out; finished in 0.02s


RUN 8 exit=0
    Finished `test` profile [unoptimized] target(s) in 0.18s
     Running unittests src/lib.rs (target/debug/deps/connectors_spec-07ca01f7d42b2ff0)

running 4 tests
test toolchain::tests::committed_manifest_uses_the_repository_pin ... ok
test toolchain::tests::missing_pin_reports_record_and_search_locations_and_cache_is_supported ... ok
test toolchain::tests::default_search_is_independent_of_path_version_order ... ok
test toolchain::tests::explicit_overrides_win_and_wrong_paths_do_not_fall_back ... ok

test result: ok. 4 passed; 0 failed; 0 ignored; 0 measured; 0 filtered out; finished in 0.03s


RUN 9 exit=0
    Finished `test` profile [unoptimized] target(s) in 0.19s
     Running unittests src/lib.rs (target/debug/deps/connectors_spec-07ca01f7d42b2ff0)

running 4 tests
test toolchain::tests::committed_manifest_uses_the_repository_pin ... ok
test toolchain::tests::default_search_is_independent_of_path_version_order ... ok
test toolchain::tests::missing_pin_reports_record_and_search_locations_and_cache_is_supported ... ok
test toolchain::tests::explicit_overrides_win_and_wrong_paths_do_not_fall_back ... ok

test result: ok. 4 passed; 0 failed; 0 ignored; 0 measured; 0 filtered out; finished in 0.02s


RUN 10 exit=0
    Finished `test` profile [unoptimized] target(s) in 0.20s
     Running unittests src/lib.rs (target/debug/deps/connectors_spec-07ca01f7d42b2ff0)

running 4 tests
test toolchain::tests::committed_manifest_uses_the_repository_pin ... ok
test toolchain::tests::missing_pin_reports_record_and_search_locations_and_cache_is_supported ... ok
test toolchain::tests::default_search_is_independent_of_path_version_order ... ok
test toolchain::tests::explicit_overrides_win_and_wrong_paths_do_not_fall_back ... ok

test result: ok. 4 passed; 0 failed; 0 ignored; 0 measured; 0 filtered out; finished in 0.02s


RUN 11 exit=0
    Finished `test` profile [unoptimized] target(s) in 0.18s
     Running unittests src/lib.rs (target/debug/deps/connectors_spec-07ca01f7d42b2ff0)

running 4 tests
test toolchain::tests::committed_manifest_uses_the_repository_pin ... ok
test toolchain::tests::missing_pin_reports_record_and_search_locations_and_cache_is_supported ... ok
test toolchain::tests::default_search_is_independent_of_path_version_order ... ok
test toolchain::tests::explicit_overrides_win_and_wrong_paths_do_not_fall_back ... ok

test result: ok. 4 passed; 0 failed; 0 ignored; 0 measured; 0 filtered out; finished in 0.02s


RUN 12 exit=0
    Finished `test` profile [unoptimized] target(s) in 0.22s
     Running unittests src/lib.rs (target/debug/deps/connectors_spec-07ca01f7d42b2ff0)

running 4 tests
test toolchain::tests::committed_manifest_uses_the_repository_pin ... ok
test toolchain::tests::missing_pin_reports_record_and_search_locations_and_cache_is_supported ... ok
test toolchain::tests::default_search_is_independent_of_path_version_order ... ok
test toolchain::tests::explicit_overrides_win_and_wrong_paths_do_not_fall_back ... ok

test result: ok. 4 passed; 0 failed; 0 ignored; 0 measured; 0 filtered out; finished in 0.02s


RUN 13 exit=0
    Finished `test` profile [unoptimized] target(s) in 0.18s
     Running unittests src/lib.rs (target/debug/deps/connectors_spec-07ca01f7d42b2ff0)

running 4 tests
test toolchain::tests::committed_manifest_uses_the_repository_pin ... ok
test toolchain::tests::missing_pin_reports_record_and_search_locations_and_cache_is_supported ... ok
test toolchain::tests::default_search_is_independent_of_path_version_order ... ok
test toolchain::tests::explicit_overrides_win_and_wrong_paths_do_not_fall_back ... ok

test result: ok. 4 passed; 0 failed; 0 ignored; 0 measured; 0 filtered out; finished in 0.02s


RUN 14 exit=0
    Finished `test` profile [unoptimized] target(s) in 0.21s
     Running unittests src/lib.rs (target/debug/deps/connectors_spec-07ca01f7d42b2ff0)

running 4 tests
test toolchain::tests::committed_manifest_uses_the_repository_pin ... ok
test toolchain::tests::missing_pin_reports_record_and_search_locations_and_cache_is_supported ... ok
test toolchain::tests::default_search_is_independent_of_path_version_order ... ok
test toolchain::tests::explicit_overrides_win_and_wrong_paths_do_not_fall_back ... ok

test result: ok. 4 passed; 0 failed; 0 ignored; 0 measured; 0 filtered out; finished in 0.03s


RUN 15 exit=0
    Finished `test` profile [unoptimized] target(s) in 0.19s
     Running unittests src/lib.rs (target/debug/deps/connectors_spec-07ca01f7d42b2ff0)

running 4 tests
test toolchain::tests::committed_manifest_uses_the_repository_pin ... ok
test toolchain::tests::missing_pin_reports_record_and_search_locations_and_cache_is_supported ... ok
test toolchain::tests::default_search_is_independent_of_path_version_order ... ok
test toolchain::tests::explicit_overrides_win_and_wrong_paths_do_not_fall_back ... ok

test result: ok. 4 passed; 0 failed; 0 ignored; 0 measured; 0 filtered out; finished in 0.02s


RUN 16 exit=0
    Finished `test` profile [unoptimized] target(s) in 0.18s
     Running unittests src/lib.rs (target/debug/deps/connectors_spec-07ca01f7d42b2ff0)

running 4 tests
test toolchain::tests::committed_manifest_uses_the_repository_pin ... ok
test toolchain::tests::missing_pin_reports_record_and_search_locations_and_cache_is_supported ... ok
test toolchain::tests::default_search_is_independent_of_path_version_order ... ok
test toolchain::tests::explicit_overrides_win_and_wrong_paths_do_not_fall_back ... ok

test result: ok. 4 passed; 0 failed; 0 ignored; 0 measured; 0 filtered out; finished in 0.02s


RUN 17 exit=0
    Finished `test` profile [unoptimized] target(s) in 0.24s
     Running unittests src/lib.rs (target/debug/deps/connectors_spec-07ca01f7d42b2ff0)

running 4 tests
test toolchain::tests::committed_manifest_uses_the_repository_pin ... ok
test toolchain::tests::missing_pin_reports_record_and_search_locations_and_cache_is_supported ... ok
test toolchain::tests::default_search_is_independent_of_path_version_order ... ok
test toolchain::tests::explicit_overrides_win_and_wrong_paths_do_not_fall_back ... ok

test result: ok. 4 passed; 0 failed; 0 ignored; 0 measured; 0 filtered out; finished in 0.02s


RUN 18 exit=0
    Finished `test` profile [unoptimized] target(s) in 0.18s
     Running unittests src/lib.rs (target/debug/deps/connectors_spec-07ca01f7d42b2ff0)

running 4 tests
test toolchain::tests::committed_manifest_uses_the_repository_pin ... ok
test toolchain::tests::missing_pin_reports_record_and_search_locations_and_cache_is_supported ... ok
test toolchain::tests::default_search_is_independent_of_path_version_order ... ok
test toolchain::tests::explicit_overrides_win_and_wrong_paths_do_not_fall_back ... ok

test result: ok. 4 passed; 0 failed; 0 ignored; 0 measured; 0 filtered out; finished in 0.02s


RUN 19 exit=0
    Finished `test` profile [unoptimized] target(s) in 0.20s
     Running unittests src/lib.rs (target/debug/deps/connectors_spec-07ca01f7d42b2ff0)

running 4 tests
test toolchain::tests::committed_manifest_uses_the_repository_pin ... ok
test toolchain::tests::missing_pin_reports_record_and_search_locations_and_cache_is_supported ... ok
test toolchain::tests::explicit_overrides_win_and_wrong_paths_do_not_fall_back ... ok
test toolchain::tests::default_search_is_independent_of_path_version_order ... ok

test result: ok. 4 passed; 0 failed; 0 ignored; 0 measured; 0 filtered out; finished in 0.01s


RUN 20 exit=0
    Finished `test` profile [unoptimized] target(s) in 0.25s
     Running unittests src/lib.rs (target/debug/deps/connectors_spec-07ca01f7d42b2ff0)

running 4 tests
test toolchain::tests::committed_manifest_uses_the_repository_pin ... ok
test toolchain::tests::missing_pin_reports_record_and_search_locations_and_cache_is_supported ... ok
test toolchain::tests::default_search_is_independent_of_path_version_order ... ok
test toolchain::tests::explicit_overrides_win_and_wrong_paths_do_not_fall_back ... ok

test result: ok. 4 passed; 0 failed; 0 ignored; 0 measured; 0 filtered out; finished in 0.02s
