schema/commands/connectors.auth_bindings.AcknowledgeCustodyDeletion.schema.json — 1079 byte(s)
schema/commands/connectors.auth_bindings.AllocateConnection.schema.json — 1615 byte(s)
schema/commands/connectors.auth_bindings.BeginAcquisition.schema.json — 1391 byte(s)
schema/commands/connectors.auth_bindings.CompleteAcquisition.schema.json — 2991 byte(s)
schema/commands/connectors.auth_bindings.ConsumeAcquisition.schema.json — 1071 byte(s)
schema/commands/connectors.auth_bindings.ExpireAcquisition.schema.json — 1069 byte(s)
schema/commands/connectors.auth_bindings.FailAcquisition.schema.json — 1476 byte(s)
schema/commands/connectors.auth_bindings.PublishBinding.schema.json — 2813 byte(s)
schema/commands/connectors.auth_bindings.RecordCustodyVersion.schema.json — 1871 byte(s)
schema/commands/connectors.auth_bindings.RecordProfile.schema.json — 8175 byte(s)
schema/commands/connectors.auth_bindings.RevokeConnection.schema.json — 1065 byte(s)
schema/commands/connectors.credential_evidence.AdmitGeneration.schema.json — 1078 byte(s)
schema/commands/connectors.credential_evidence.DispatchGeneration.schema.json — 1553 byte(s)
schema/commands/connectors.credential_evidence.InspectGeneration.schema.json — 5813 byte(s)
schema/commands/connectors.credential_evidence.RejectAdmission.schema.json — 1746 byte(s)
schema/commands/connectors.idempotency.ExpireResult.schema.json — 1052 byte(s)
schema/commands/connectors.idempotency.QuarantineKey.schema.json — 1054 byte(s)
schema/commands/connectors.idempotency.ReserveKey.schema.json — 5004 byte(s)
schema/commands/connectors.idempotency.RetainResult.schema.json — 1260 byte(s)
schema/commands/connectors.mutations.AbortPrepared.schema.json — 1022 byte(s)
schema/commands/connectors.mutations.OpenDispatch.schema.json — 1020 byte(s)
schema/commands/connectors.mutations.PrepareAttempt.schema.json — 1473 byte(s)
schema/commands/connectors.mutations.RecordCompletion.schema.json — 1028 byte(s)
schema/commands/connectors.mutations.RecordRefusal.schema.json — 1022 byte(s)
schema/commands/connectors.mutations.RecordUncertainty.schema.json — 1030 byte(s)
schema/commands/connectors.refresh.AuthorizeExchange.schema.json — 1956 byte(s)
schema/commands/connectors.refresh.DiscardCandidate.schema.json — 1048 byte(s)
schema/commands/connectors.refresh.FenceReserved.schema.json — 1042 byte(s)
schema/commands/connectors.refresh.PublishRefresh.schema.json — 2432 byte(s)
schema/commands/connectors.refresh.QuarantineRefresh.schema.json — 1050 byte(s)
schema/commands/connectors.refresh.RecoverStoredResponse.schema.json — 1561 byte(s)
schema/commands/connectors.refresh.ReserveRefresh.schema.json — 2066 byte(s)
schema/commands/connectors.refresh.StoreResponse.schema.json — 2387 byte(s)
schema/commands/connectors.sessions.AcceptOffer.schema.json — 892 byte(s)
schema/commands/connectors.sessions.BeginClose.schema.json — 2556 byte(s)
schema/commands/connectors.sessions.EstablishReady.schema.json — 1973 byte(s)
schema/commands/connectors.sessions.FinishTeardown.schema.json — 1625 byte(s)
schema/commands/connectors.sessions.LoseContinuity.schema.json — 898 byte(s)
schema/commands/connectors.sessions.OfferSession.schema.json — 2137 byte(s)
schema/commands/connectors.sessions.PermitData.schema.json — 1342 byte(s)
schema/commands/connectors.sessions.RenewDataLease.schema.json — 1973 byte(s)
schema/entities/connectors.auth_bindings.Acquisition.schema.json — 3803 byte(s)
schema/entities/connectors.auth_bindings.AuthProfile.schema.json — 8862 byte(s)
schema/entities/connectors.auth_bindings.Connection.schema.json — 9077 byte(s)
schema/entities/connectors.auth_bindings.CustodyVersion.schema.json — 2325 byte(s)
schema/entities/connectors.credential_evidence.DispatchAdmission.schema.json — 6991 byte(s)
schema/entities/connectors.credentials.CredentialGeneration.schema.json — 3001 byte(s)
schema/entities/connectors.declarations.AdapterSpecification.schema.json — 1989 byte(s)
schema/entities/connectors.declarations.OperationDeclaration.schema.json — 6036 byte(s)
schema/entities/connectors.declarations.ServiceConfiguration.schema.json — 1475 byte(s)
schema/entities/connectors.delegation.ApprovalRedemption.schema.json — 8659 byte(s)
schema/entities/connectors.delegation.DeliveryReceipt.schema.json — 1928 byte(s)
schema/entities/connectors.idempotency.KeyReservation.schema.json — 6276 byte(s)
schema/entities/connectors.mutations.AttemptRecord.schema.json — 2662 byte(s)
schema/entities/connectors.refresh.RefreshAttempt.schema.json — 3315 byte(s)
schema/entities/connectors.sessions.Session.schema.json — 4927 byte(s)
schema/errors/connectors.auth_bindings.AcquisitionStateConflict.schema.json — 1070 byte(s)
schema/errors/connectors.auth_bindings.ConnectionStateConflict.schema.json — 1001 byte(s)
schema/errors/connectors.auth_bindings.CustodyStateConflict.schema.json — 1009 byte(s)
schema/errors/connectors.auth_bindings.Refused.schema.json — 654 byte(s)
schema/errors/connectors.auth_bindings.Unavailable.schema.json — 662 byte(s)
schema/errors/connectors.credential_evidence.AdmissionStateConflict.schema.json — 1091 byte(s)
schema/errors/connectors.idempotency.ReservationStateConflict.schema.json — 1055 byte(s)
schema/errors/connectors.mutations.AttemptStateConflict.schema.json — 1079 byte(s)
schema/errors/connectors.refresh.OwnershipConflict.schema.json — 990 byte(s)
schema/errors/connectors.refresh.PublicationRefused.schema.json — 1084 byte(s)
schema/errors/connectors.refresh.RefreshStateConflict.schema.json — 1119 byte(s)
schema/errors/connectors.refresh.SourceUnavailable.schema.json — 1060 byte(s)
schema/errors/connectors.sessions.StateConflict.schema.json — 1030 byte(s)
schema/events/connectors.auth_bindings.AcquisitionBegan.schema.json — 690 byte(s)
schema/events/connectors.auth_bindings.AcquisitionCompleted.schema.json — 788 byte(s)
schema/events/connectors.auth_bindings.AcquisitionConsumed.schema.json — 696 byte(s)
schema/events/connectors.auth_bindings.AcquisitionExpired.schema.json — 694 byte(s)
schema/events/connectors.auth_bindings.AcquisitionFailed.schema.json — 1120 byte(s)
schema/events/connectors.auth_bindings.BindingPublished.schema.json — 688 byte(s)
schema/events/connectors.auth_bindings.ConnectionAllocated.schema.json — 694 byte(s)
schema/events/connectors.auth_bindings.ConnectionRevoked.schema.json — 690 byte(s)
schema/events/connectors.auth_bindings.CustodyDeleted.schema.json — 678 byte(s)
schema/events/connectors.auth_bindings.CustodyWritten.schema.json — 678 byte(s)
schema/events/connectors.auth_bindings.ProfileRecorded.schema.json — 694 byte(s)
schema/events/connectors.credential_evidence.AdmissionRefused.schema.json — 1750 byte(s)
schema/events/connectors.credential_evidence.GenerationAdmitted.schema.json — 1086 byte(s)
schema/events/connectors.credential_evidence.GenerationDispatched.schema.json — 1559 byte(s)
schema/events/connectors.credential_evidence.GenerationInspected.schema.json — 1088 byte(s)
schema/events/connectors.idempotency.KeyQuarantined.schema.json — 1058 byte(s)
schema/events/connectors.idempotency.KeyReserved.schema.json — 1052 byte(s)
schema/events/connectors.idempotency.ResultExpired.schema.json — 1056 byte(s)
schema/events/connectors.idempotency.ResultRetained.schema.json — 1266 byte(s)
schema/events/connectors.mutations.AttemptAborted.schema.json — 1026 byte(s)
schema/events/connectors.mutations.AttemptCompleted.schema.json — 1030 byte(s)
schema/events/connectors.mutations.AttemptIndeterminate.schema.json — 1038 byte(s)
schema/events/connectors.mutations.AttemptPrepared.schema.json — 1417 byte(s)
schema/events/connectors.mutations.AttemptRefused.schema.json — 1026 byte(s)
schema/events/connectors.mutations.DispatchOpened.schema.json — 1026 byte(s)
schema/events/connectors.refresh.ExchangeAuthorized.schema.json — 1054 byte(s)
schema/events/connectors.refresh.RefreshCandidateDiscarded.schema.json — 1068 byte(s)
schema/events/connectors.refresh.RefreshPublished.schema.json — 1539 byte(s)
schema/events/connectors.refresh.RefreshReserved.schema.json — 1048 byte(s)
schema/events/connectors.refresh.RefreshResponseStored.schema.json — 1549 byte(s)
schema/events/connectors.refresh.RefreshUncertain.schema.json — 1050 byte(s)
schema/events/connectors.refresh.ReservedOwnerFenced.schema.json — 1056 byte(s)
schema/events/connectors.refresh.StoredResponseRecovered.schema.json — 1064 byte(s)
schema/events/connectors.sessions.ClosingBegun.schema.json — 2562 byte(s)
schema/events/connectors.sessions.ContinuityLost.schema.json — 900 byte(s)
schema/events/connectors.sessions.DataAuthorityTerminated.schema.json — 1304 byte(s)
schema/events/connectors.sessions.DataLeaseRenewed.schema.json — 1593 byte(s)
schema/events/connectors.sessions.DataPermitted.schema.json — 964 byte(s)
schema/events/connectors.sessions.LocalCleanupUnaccounted.schema.json — 918 byte(s)
schema/events/connectors.sessions.LocalResourcesReleased.schema.json — 1279 byte(s)
schema/events/connectors.sessions.OfferAccepted.schema.json — 898 byte(s)
schema/events/connectors.sessions.SessionOffered.schema.json — 900 byte(s)
schema/events/connectors.sessions.SessionReady.schema.json — 1585 byte(s)
schema/types/connectors.auth_access.AccessMode.schema.json — 749 byte(s)
schema/types/connectors.auth_access.AccessSelection.schema.json — 3852 byte(s)
schema/types/connectors.auth_access.AcquisitionDeclaration.schema.json — 1948 byte(s)
schema/types/connectors.auth_access.AcquisitionFlow.schema.json — 912 byte(s)
schema/types/connectors.auth_access.AuthorizationCoverage.schema.json — 2344 byte(s)
schema/types/connectors.auth_access.AuthorizationResult.schema.json — 740 byte(s)
schema/types/connectors.auth_access.AuthorizationTarget.schema.json — 1760 byte(s)
schema/types/connectors.auth_access.CapabilityName.schema.json — 981 byte(s)
schema/types/connectors.auth_access.PermissionBudget.schema.json — 1150 byte(s)
schema/types/connectors.auth_access.PermissionObservation.schema.json — 1856 byte(s)
schema/types/connectors.auth_access.PermissionResult.schema.json — 751 byte(s)
schema/types/connectors.auth_access.PermissionTarget.schema.json — 934 byte(s)
schema/types/connectors.auth_access.Purpose.schema.json — 869 byte(s)
schema/types/connectors.auth_access.Scheme.schema.json — 867 byte(s)
schema/types/connectors.auth_access.Subject.schema.json — 702 byte(s)
schema/types/connectors.auth_bindings.Acquisition.State.schema.json — 788 byte(s)
schema/types/connectors.auth_bindings.AcquisitionFailure.schema.json — 772 byte(s)
schema/types/connectors.auth_bindings.AuthProfile.State.schema.json — 709 byte(s)
schema/types/connectors.auth_bindings.AuthRequirement.schema.json — 982 byte(s)
schema/types/connectors.auth_bindings.BindingPublication.schema.json — 2179 byte(s)
schema/types/connectors.auth_bindings.Connection.State.schema.json — 721 byte(s)
schema/types/connectors.auth_bindings.CredentialSet.schema.json — 1009 byte(s)
schema/types/connectors.auth_bindings.CustodyVersion.State.schema.json — 735 byte(s)
schema/types/connectors.auth_bindings.Decision.schema.json — 719 byte(s)
schema/types/connectors.auth_bindings.ProfileDeclaration.schema.json — 7681 byte(s)
schema/types/connectors.auth_bindings.ScopeRequirements.schema.json — 1062 byte(s)
schema/types/connectors.connection_admission.ConnectionState.schema.json — 883 byte(s)
schema/types/connectors.connection_admission.EligibilityDecision.schema.json — 1947 byte(s)
schema/types/connectors.connection_admission.EligibilityFacts.schema.json — 3541 byte(s)
schema/types/connectors.connection_admission.EvidenceRequirements.schema.json — 2229 byte(s)
schema/types/connectors.connection_admission.ManagementAction.schema.json — 868 byte(s)
schema/types/connectors.connection_admission.ManagementTarget.schema.json — 1588 byte(s)
schema/types/connectors.connection_admission.ManagementTargetKind.schema.json — 799 byte(s)
schema/types/connectors.connection_admission.NextAction.schema.json — 737 byte(s)
schema/types/connectors.connection_admission.OperationCheckRequirements.schema.json — 1509 byte(s)
schema/types/connectors.connection_admission.RequirementResult.schema.json — 868 byte(s)
schema/types/connectors.connection_admission.StatusObservation.schema.json — 2055 byte(s)
schema/types/connectors.connection_admission.ViabilityDecision.schema.json — 1906 byte(s)
schema/types/connectors.connection_admission.ViabilityFacts.schema.json — 1619 byte(s)
schema/types/connectors.credential_evidence.AdmissionId.schema.json — 796 byte(s)
schema/types/connectors.credential_evidence.CheckKind.schema.json — 879 byte(s)
schema/types/connectors.credential_evidence.CheckResult.schema.json — 852 byte(s)
schema/types/connectors.credential_evidence.DispatchAdmission.State.schema.json — 807 byte(s)
schema/types/connectors.credential_evidence.EvidenceCheck.schema.json — 3025 byte(s)
schema/types/connectors.credential_evidence.EvidenceOrigin.schema.json — 785 byte(s)
schema/types/connectors.credential_evidence.EvidenceSnapshot.schema.json — 5027 byte(s)
schema/types/connectors.credential_evidence.RefusalReason.schema.json — 1029 byte(s)
schema/types/connectors.credentials.ConnectionBinding.schema.json — 1132 byte(s)
schema/types/connectors.credentials.CredentialGeneration.State.schema.json — 730 byte(s)
schema/types/connectors.credentials.CredentialGenerationId.schema.json — 816 byte(s)
schema/types/connectors.credentials.ExternalIdentity.schema.json — 914 byte(s)
schema/types/connectors.datasource_reads.DocumentBodyDecision.schema.json — 810 byte(s)
schema/types/connectors.datasource_reads.DocumentBodyFacts.schema.json — 1740 byte(s)
schema/types/connectors.datasource_reads.DocumentContentForm.schema.json — 756 byte(s)
schema/types/connectors.datasource_reads.DocumentMembershipFacts.schema.json — 1530 byte(s)
schema/types/connectors.datasource_reads.DocumentReadDecision.schema.json — 863 byte(s)
schema/types/connectors.datasource_reads.DocumentReadSelection.schema.json — 1072 byte(s)
schema/types/connectors.datasource_reads.LogCollectionFacts.schema.json — 1682 byte(s)
schema/types/connectors.datasource_reads.LogPageDecision.schema.json — 802 byte(s)
schema/types/connectors.datasource_reads.LogPageFacts.schema.json — 1325 byte(s)
schema/types/connectors.datasource_reads.LogTruncationCause.schema.json — 886 byte(s)
schema/types/connectors.declarations.AdapterSpecification.State.schema.json — 733 byte(s)
schema/types/connectors.declarations.AvailabilityDecision.schema.json — 1938 byte(s)
schema/types/connectors.declarations.ConstantParameter.schema.json — 845 byte(s)
schema/types/connectors.declarations.NamedParameter.schema.json — 831 byte(s)
schema/types/connectors.declarations.OperationAvailability.schema.json — 1343 byte(s)
schema/types/connectors.declarations.OperationDeclaration.State.schema.json — 733 byte(s)
schema/types/connectors.declarations.Parameter.schema.json — 2764 byte(s)
schema/types/connectors.declarations.RequestMapping.schema.json — 4035 byte(s)
schema/types/connectors.declarations.ServiceConfiguration.State.schema.json — 733 byte(s)
schema/types/connectors.declarations.UpstreamSource.schema.json — 1139 byte(s)
schema/types/connectors.delegation.AdmittedAuthority.schema.json — 2673 byte(s)
schema/types/connectors.delegation.ApprovalClaims.schema.json — 7243 byte(s)
schema/types/connectors.delegation.ApprovalPolicy.schema.json — 1331 byte(s)
schema/types/connectors.delegation.ApprovalPreparation.schema.json — 8382 byte(s)
schema/types/connectors.delegation.ApprovalRedemption.State.schema.json — 718 byte(s)
schema/types/connectors.delegation.AuthoritySnapshot.schema.json — 909 byte(s)
schema/types/connectors.delegation.CanonicalApprovalSubject.schema.json — 6398 byte(s)
schema/types/connectors.delegation.DeliveryClaims.schema.json — 5579 byte(s)
schema/types/connectors.delegation.DeliveryReceipt.State.schema.json — 712 byte(s)
schema/types/connectors.delegation.ExecutionTarget.schema.json — 1473 byte(s)
schema/types/connectors.delegation.ExecutorBinding.schema.json — 1499 byte(s)
schema/types/connectors.delegation.HttpMethod.schema.json — 695 byte(s)
schema/types/connectors.delegation.Presentation.schema.json — 1071 byte(s)
schema/types/connectors.delegation.ProofHeader.schema.json — 951 byte(s)
schema/types/connectors.delegation.Purpose.schema.json — 709 byte(s)
schema/types/connectors.delegation.ReceiptId.schema.json — 761 byte(s)
schema/types/connectors.discovery.CollectionCoverage.schema.json — 1906 byte(s)
schema/types/connectors.discovery.CollectionScope.schema.json — 1278 byte(s)
schema/types/connectors.discovery.CompositionFacts.schema.json — 1392 byte(s)
schema/types/connectors.discovery.ConfiguredSourceIdentity.schema.json — 1166 byte(s)
schema/types/connectors.discovery.DeclaredObservationBinding.schema.json — 1887 byte(s)
schema/types/connectors.discovery.ObservationEvidence.schema.json — 1509 byte(s)
schema/types/connectors.discovery.ObservationState.schema.json — 743 byte(s)
schema/types/connectors.discovery.PartitionCoverage.schema.json — 1334 byte(s)
schema/types/connectors.discovery.PartitionState.schema.json — 779 byte(s)
schema/types/connectors.discovery.PublicationDecision.schema.json — 756 byte(s)
schema/types/connectors.discovery.PublicationFacts.schema.json — 1588 byte(s)
schema/types/connectors.discovery.RecognitionConfidence.schema.json — 745 byte(s)
schema/types/connectors.discovery.ResourceRecognition.schema.json — 1258 byte(s)
schema/types/connectors.discovery.RouteRevalidationDecision.schema.json — 843 byte(s)
schema/types/connectors.discovery.RouteRevalidationFacts.schema.json — 1792 byte(s)
schema/types/connectors.discovery.SnapshotSummary.schema.json — 3438 byte(s)
schema/types/connectors.idempotency.AuthorityScope.schema.json — 1007 byte(s)
schema/types/connectors.idempotency.KeyNamespace.schema.json — 2340 byte(s)
schema/types/connectors.idempotency.KeyReservation.State.schema.json — 775 byte(s)
schema/types/connectors.idempotency.Origin.schema.json — 1171 byte(s)
schema/types/connectors.idempotency.OriginKind.schema.json — 706 byte(s)
schema/types/connectors.idempotency.RequestFingerprint.schema.json — 2284 byte(s)
schema/types/connectors.idempotency.ReservationId.schema.json — 780 byte(s)
schema/types/connectors.idempotency.RouteBinding.schema.json — 1016 byte(s)
schema/types/connectors.mutations.ApprovalMode.schema.json — 736 byte(s)
schema/types/connectors.mutations.AttemptId.schema.json — 758 byte(s)
schema/types/connectors.mutations.AttemptRecord.State.schema.json — 809 byte(s)
schema/types/connectors.mutations.EffectDeclaration.schema.json — 1873 byte(s)
schema/types/connectors.mutations.EffectKnowledge.schema.json — 763 byte(s)
schema/types/connectors.mutations.ExecutableEffect.schema.json — 831 byte(s)
schema/types/connectors.mutations.IdempotencyKind.schema.json — 733 byte(s)
schema/types/connectors.mutations.Observation.schema.json — 1628 byte(s)
schema/types/connectors.mutations.SemanticEffect.schema.json — 746 byte(s)
schema/types/connectors.mutations.SessionEstablishmentObservation.schema.json — 2382 byte(s)
schema/types/connectors.refresh.AuthorizationDecision.schema.json — 776 byte(s)
schema/types/connectors.refresh.OwnershipRefusalReason.schema.json — 726 byte(s)
schema/types/connectors.refresh.OwnershipToken.schema.json — 772 byte(s)
schema/types/connectors.refresh.PublicationDecision.schema.json — 769 byte(s)
schema/types/connectors.refresh.PublicationRefusalReason.schema.json — 818 byte(s)
schema/types/connectors.refresh.RefreshAttempt.State.schema.json — 851 byte(s)
schema/types/connectors.refresh.RefreshAttemptId.schema.json — 780 byte(s)
schema/types/connectors.refresh.ReservationDecision.schema.json — 738 byte(s)
schema/types/connectors.refresh.ResponseDecision.schema.json — 726 byte(s)
schema/types/connectors.refresh.SourceRefusalReason.schema.json — 796 byte(s)
schema/types/connectors.service_wire.AttemptReference.schema.json — 1252 byte(s)
schema/types/connectors.service_wire.AuditStatus.schema.json — 763 byte(s)
schema/types/connectors.service_wire.AuthAlternative.schema.json — 979 byte(s)
schema/types/connectors.service_wire.BaseErrorCode.schema.json — 984 byte(s)
schema/types/connectors.service_wire.CauseStage.schema.json — 816 byte(s)
schema/types/connectors.service_wire.DiagnosticCause.schema.json — 1867 byte(s)
schema/types/connectors.service_wire.ErrorCode.schema.json — 1427 byte(s)
schema/types/connectors.service_wire.MutationObservation.schema.json — 3758 byte(s)
schema/types/connectors.service_wire.OperationLimits.schema.json — 1204 byte(s)
schema/types/connectors.service_wire.SourceAudit.schema.json — 1318 byte(s)
schema/types/connectors.service_wire.Version.schema.json — 698 byte(s)
schema/types/connectors.sessions.Binding.schema.json — 1087 byte(s)
schema/types/connectors.sessions.CleanupDecision.schema.json — 721 byte(s)
schema/types/connectors.sessions.DataLease.schema.json — 1052 byte(s)
schema/types/connectors.sessions.GateDecision.schema.json — 743 byte(s)
schema/types/connectors.sessions.PeerShutdown.schema.json — 710 byte(s)
schema/types/connectors.sessions.Placement.schema.json — 706 byte(s)
schema/types/connectors.sessions.Profile.schema.json — 691 byte(s)
schema/types/connectors.sessions.Session.State.schema.json — 775 byte(s)
schema/types/connectors.sessions.SessionId.schema.json — 633 byte(s)
schema/types/connectors.sessions.TerminalActor.schema.json — 728 byte(s)
schema/types/connectors.sessions.TerminalFact.schema.json — 1813 byte(s)
schema/types/connectors.sessions.TerminalReason.schema.json — 925 byte(s)
266 artifact(s), written to .local/model-closure-20260909/mca01/schema
