    Finished `release` profile [optimized] target(s) in 0.31s
     Running unittests src/lib.rs (target/release/deps/connectors_host-2cdd9fa232962295)

running 1 test
test local::registry::store_cost_tests::read_invoke_cost_by_store_size ... events=55 invokes=5 failed=0 appended_per_invoke=4 median_ms=356 min_ms=332 max_ms=385 median_cpu_ms=316
events=55   step 0.cli.inspect          ms_per_invoke=89.0 of_which_execute_batch_ms=0.0
events=55   step 1.cli.inspect          ms_per_invoke=9.1 of_which_execute_batch_ms=0.0
events=55   step 2.cli.admit_read       ms_per_invoke=105.4 of_which_execute_batch_ms=83.6
events=55   step 3.cli.inspect          ms_per_invoke=9.3 of_which_execute_batch_ms=0.0
events=55   step 4.owner.capture_read   ms_per_invoke=55.8 of_which_execute_batch_ms=17.5
events=55   step 5.owner.dispatch_read  ms_per_invoke=42.2 of_which_execute_batch_ms=20.1
events=55   step 6.owner.release_read   ms_per_invoke=44.9 of_which_execute_batch_ms=21.6
events=55   kind er.complete_snapshot   calls_per_invoke=1.0 ms_per_invoke=6.6
events=55   kind er.execute_batch       calls_per_invoke=4.0 ms_per_invoke=142.8
events=55   kind er.lookup_batch        calls_per_invoke=4.0 ms_per_invoke=29.1
events=55   kind er.read_history        calls_per_invoke=6.0 ms_per_invoke=44.6
events=55   kind er.start               calls_per_invoke=1.0 ms_per_invoke=71.5
events=55   kind host.capture_sql       calls_per_invoke=15.0 ms_per_invoke=2.1
events=55   kind host.feed              calls_per_invoke=12.0 ms_per_invoke=3.6
events=55   kind host.projection        calls_per_invoke=7.0 ms_per_invoke=9.3
events=55   kind host.validate          calls_per_invoke=14.0 ms_per_invoke=16.8
events=601 invokes=5 failed=0 appended_per_invoke=4 median_ms=4410 min_ms=4064 max_ms=4654 median_cpu_ms=4174
events=601   step 0.cli.inspect          ms_per_invoke=580.2 of_which_execute_batch_ms=0.0
events=601   step 1.cli.inspect          ms_per_invoke=37.0 of_which_execute_batch_ms=0.0
events=601   step 2.cli.admit_read       ms_per_invoke=2709.5 of_which_execute_batch_ms=2609.8
events=601   step 3.cli.inspect          ms_per_invoke=37.5 of_which_execute_batch_ms=0.0
events=601   step 4.owner.capture_read   ms_per_invoke=662.2 of_which_execute_batch_ms=42.9
events=601   step 5.owner.dispatch_read  ms_per_invoke=187.4 of_which_execute_batch_ms=83.5
events=601   step 6.owner.release_read   ms_per_invoke=148.7 of_which_execute_batch_ms=46.1
events=601   kind er.complete_snapshot   calls_per_invoke=1.0 ms_per_invoke=41.0
events=601   kind er.execute_batch       calls_per_invoke=4.0 ms_per_invoke=2782.4
events=601   kind er.lookup_batch        calls_per_invoke=4.0 ms_per_invoke=226.7
events=601   kind er.read_history        calls_per_invoke=6.0 ms_per_invoke=698.7
events=601   kind er.start               calls_per_invoke=1.0 ms_per_invoke=506.7
events=601   kind host.capture_sql       calls_per_invoke=15.0 ms_per_invoke=1.8
events=601   kind host.feed              calls_per_invoke=12.0 ms_per_invoke=4.0
events=601   kind host.projection        calls_per_invoke=7.0 ms_per_invoke=8.2
events=601   kind host.validate          calls_per_invoke=14.0 ms_per_invoke=46.0
events=1203 invokes=5 failed=0 appended_per_invoke=4 median_ms=9227 min_ms=8743 max_ms=13858 median_cpu_ms=9225
events=1203   step 0.cli.inspect          ms_per_invoke=1529.9 of_which_execute_batch_ms=0.0
events=1203   step 1.cli.inspect          ms_per_invoke=115.0 of_which_execute_batch_ms=0.0
events=1203   step 2.cli.admit_read       ms_per_invoke=6685.0 of_which_execute_batch_ms=6405.7
events=1203   step 3.cli.inspect          ms_per_invoke=110.3 of_which_execute_batch_ms=0.0
events=1203   step 4.owner.capture_read   ms_per_invoke=1597.1 of_which_execute_batch_ms=28.6
events=1203   step 5.owner.dispatch_read  ms_per_invoke=277.7 of_which_execute_batch_ms=33.8
events=1203   step 6.owner.release_read   ms_per_invoke=282.4 of_which_execute_batch_ms=38.9
events=1203   kind er.complete_snapshot   calls_per_invoke=1.0 ms_per_invoke=139.3
events=1203   kind er.execute_batch       calls_per_invoke=4.0 ms_per_invoke=6506.9
events=1203   kind er.lookup_batch        calls_per_invoke=4.0 ms_per_invoke=604.4
events=1203   kind er.read_history        calls_per_invoke=6.0 ms_per_invoke=1803.2
events=1203   kind er.start               calls_per_invoke=1.0 ms_per_invoke=1276.6
events=1203   kind host.capture_sql       calls_per_invoke=15.0 ms_per_invoke=2.1
events=1203   kind host.feed              calls_per_invoke=12.0 ms_per_invoke=6.6
events=1203   kind host.projection        calls_per_invoke=7.0 ms_per_invoke=10.9
events=1203   kind host.validate          calls_per_invoke=14.0 ms_per_invoke=116.4
ok

test result: ok. 1 passed; 0 failed; 0 ignored; 0 measured; 319 filtered out; finished in 132.73s

