    Finished `release` profile [optimized] target(s) in 0.21s
     Running tests/local_runtime.rs (target/release/deps/local_runtime-3575a67e13ecbb3d)

running 1 test
test cli_journey::a_real_cluster_session_persists_across_cli_and_owner_restart ... owned CLI process 1553579 exit=exit status: 0
owned CLI process 1553663 exit=exit status: 1
owned CLI process 1554279 exit=exit status: 0
owned CLI process 1554540 exit=exit status: 0
owned CLI process 1554545 exit=exit status: 0
owned CLI process 1554610 exit=exit status: 1
owner bf2f8368-33a5-4790-9dfc-a468ffbe3334 acknowledged shutdown and removed its socket
owned custody process 1553564 exit=Ok(ExitStatus(unix_wait_status(9)))
owned CLI process 1554724 exit=exit status: 0
owned CLI process 1554823 exit=exit status: 0
owned CLI process 1554857 exit=exit status: 0
owned CLI process 1554862 exit=exit status: 0
owner 73f3b6dd-aab8-4bb5-9698-e8a3f4454f0d acknowledged shutdown and removed its socket
owned custody process 1554717 exit=Ok(ExitStatus(unix_wait_status(9)))
owned custody process 1553563 exit=Ok(ExitStatus(unix_wait_status(9)))
ok

test result: ok. 1 passed; 0 failed; 0 ignored; 0 measured; 19 filtered out; finished in 6.32s

