    Finished `release` profile [optimized] target(s) in 0.21s
     Running tests/local_runtime.rs (target/release/deps/local_runtime-3575a67e13ecbb3d)

running 1 test
test cli_journey::persistent_kubernetes_cli_owner_and_keyring_restart ... owned CLI process 1548914 exit=exit status: 0
owned CLI process 1548920 exit=exit status: 0
owned CLI process 1548929 exit=exit status: 0
owned CLI process 1548942 exit=exit status: 1
owned CLI process 1548952 exit=exit status: 0
owned CLI process 1549146 exit=exit status: 0
owned CLI process 1549160 exit=exit status: 0
owned CLI process 1549254 exit=exit status: 0
owner bc6c17ac-77ba-4ab5-b6f4-ae60225be7b9 acknowledged shutdown and removed its socket
owned custody process 1548896 exit=Ok(ExitStatus(unix_wait_status(9)))
owned CLI process 1549614 exit=exit status: 0
owned CLI process 1549622 exit=exit status: 0
owned CLI process 1549630 exit=exit status: 1
owned CLI process 1549635 exit=exit status: 0
owner e407f0f5-f66c-43f4-af1f-373dfaab64aa acknowledged shutdown and removed its socket
owned CLI process 1549646 exit=exit status: 0
owned custody process 1549323 exit=Ok(ExitStatus(unix_wait_status(9)))
owned custody process 1548895 exit=Ok(ExitStatus(unix_wait_status(9)))
ok

test result: ok. 1 passed; 0 failed; 0 ignored; 0 measured; 19 filtered out; finished in 6.64s

