    Finished `release` profile [optimized] target(s) in 0.18s
     Running tests/local_runtime.rs (target/release/deps/local_runtime-3575a67e13ecbb3d)

running 1 test
test cli_journey::kubernetes_cli_reads_helm_release_history_and_redacted_values ... owned CLI process 1550150 exit=exit status: 0
owned CLI process 1550201 exit=exit status: 0
owned CLI process 1550211 exit=exit status: 0
owned CLI process 1550330 exit=exit status: 0
owned CLI process 1550335 exit=exit status: 0
owned CLI process 1550485 exit=exit status: 0
owned CLI process 1550502 exit=exit status: 0
owned CLI process 1550941 exit=exit status: 0
owned CLI process 1550946 exit=exit status: 0
owned CLI process 1552027 exit=exit status: 1
owned CLI process 1552136 exit=exit status: 0
owned CLI process 1552247 exit=exit status: 1
owned CLI process 1552877 exit=exit status: 0
owned CLI process 1552940 exit=exit status: 0
owner 19aba37b-b9dd-41c1-ac21-214328affd26 acknowledged shutdown and removed its socket
owned custody process 1550050 exit=Ok(ExitStatus(unix_wait_status(9)))
owned custody process 1550031 exit=Ok(ExitStatus(unix_wait_status(9)))
ok

test result: ok. 1 passed; 0 failed; 0 ignored; 0 measured; 19 filtered out; finished in 9.49s

