   Compiling connectors-core v0.25.0 ($HOME/.local/state/worktree/trees/b10x/connectors/cb26b-publish/crates/connectors-core)
   Compiling connectors-contracts v0.25.0 ($HOME/.local/state/worktree/trees/b10x/connectors/cb26b-publish/crates/connectors-contracts)
   Compiling connectors-sdk v0.25.0 ($HOME/.local/state/worktree/trees/b10x/connectors/cb26b-publish/crates/connectors-sdk)
   Compiling connectors-client v0.25.0 ($HOME/.local/state/worktree/trees/b10x/connectors/cb26b-publish/crates/connectors-client)
   Compiling connectors-catalog v0.25.0 ($HOME/.local/state/worktree/trees/b10x/connectors/cb26b-publish/crates/connectors-catalog)
   Compiling connectors-host v0.25.0 ($HOME/.local/state/worktree/trees/b10x/connectors/cb26b-publish/crates/connectors-host)
   Compiling connectors-catalog-provider v0.25.0 ($HOME/.local/state/worktree/trees/b10x/connectors/cb26b-publish/adapters/catalog)
   Compiling connectors-spec v0.25.0 ($HOME/.local/state/worktree/trees/b10x/connectors/cb26b-publish/crates/connectors-spec)
   Compiling connectors-build v0.25.0 ($HOME/.local/state/worktree/trees/b10x/connectors/cb26b-publish/crates/connectors-build)
    Finished `dev` profile [optimized + debuginfo] target(s) in 25.48s
     Running `target/debug/connectors-build gate --msrv`
gate: shared ESS provider vocabulary and source ownership hold; exit=0
connectors v1 — 24 file(s), valid
connectors v1 — 24 file(s), 511 declaration(s), compiled to $HOME/.local/state/worktree/trees/b10x/connectors/cb26b-publish/.local/tmp/gate-Iy3vna/ess-boundary-0.json
connectors_atlassian v1 — 2 file(s), valid
connectors_atlassian v1 — 2 file(s), 4 declaration(s), compiled to $HOME/.local/state/worktree/trees/b10x/connectors/cb26b-publish/.local/tmp/gate-Iy3vna/ess-boundary-1.json
connectors_docker v1 — 2 file(s), valid
connectors_docker v1 — 2 file(s), 3 declaration(s), compiled to $HOME/.local/state/worktree/trees/b10x/connectors/cb26b-publish/.local/tmp/gate-Iy3vna/ess-boundary-2.json
connectors_grafana v1 — 2 file(s), valid
connectors_grafana v1 — 2 file(s), 4 declaration(s), compiled to $HOME/.local/state/worktree/trees/b10x/connectors/cb26b-publish/.local/tmp/gate-Iy3vna/ess-boundary-3.json
connectors_kubernetes v1 — 5 file(s), valid
connectors_kubernetes v1 — 5 file(s), 18 declaration(s), compiled to $HOME/.local/state/worktree/trees/b10x/connectors/cb26b-publish/.local/tmp/gate-Iy3vna/ess-boundary-4.json
connectors_loki v1 — 2 file(s), valid
connectors_loki v1 — 2 file(s), 4 declaration(s), compiled to $HOME/.local/state/worktree/trees/b10x/connectors/cb26b-publish/.local/tmp/gate-Iy3vna/ess-boundary-5.json
connectors_mcp v1 — 3 file(s), valid
connectors_mcp v1 — 3 file(s), 22 declaration(s), compiled to $HOME/.local/state/worktree/trees/b10x/connectors/cb26b-publish/.local/tmp/gate-Iy3vna/ess-boundary-6.json
gate: shared and 6 adapter ESS models validated and compiled independently; exit=0
gate: 107 archived upstream source(s) across 14 manifest(s) match their recorded uncompressed digests and lengths; exit=0
10 CLI artifact(s), current in apps/connectors-cli-contract
CLI values: 85 structural, 2 cached expectations, 5 acquisition and 3 page consistency cases passed; runtime lifecycle/custody traces remain obligations
CLI contract fixture matches; custody and lifecycle runtime conformance remain obligations
connectors v1 — 16 file(s), valid
gate: website example model synthesizes for rust and web; exit=0
gate: ["--config", "target.\"x86_64-unknown-linux-gnu\".runner=[\"sh\",\"-c\",\"export TMPDIR=\\\"$0\\\"; exec \\\"$@\\\"\",\"$HOME/.local/state/worktree/trees/b10x/connectors/cb26b-publish/.local/tmp/gate-Iy3vna\"]", "fmt", "--package", "connectors-build", "--package", "connectors-catalog", "--package", "connectors-core", "--package", "connectors-catalog-provider", "--package", "connectors-host", "--package", "connectors-client", "--package", "connectors-sdk", "--package", "connectors-contracts", "--package", "connectors-spec", "--package", "connectors-conformance", "--package", "connectors-kubernetes", "--package", "connectors-sql", "--package", "connectors", "--", "--check"]
gate: exit=exit status: 0 ["--config", "target.\"x86_64-unknown-linux-gnu\".runner=[\"sh\",\"-c\",\"export TMPDIR=\\\"$0\\\"; exec \\\"$@\\\"\",\"$HOME/.local/state/worktree/trees/b10x/connectors/cb26b-publish/.local/tmp/gate-Iy3vna\"]", "fmt", "--package", "connectors-build", "--package", "connectors-catalog", "--package", "connectors-core", "--package", "connectors-catalog-provider", "--package", "connectors-host", "--package", "connectors-client", "--package", "connectors-sdk", "--package", "connectors-contracts", "--package", "connectors-spec", "--package", "connectors-conformance", "--package", "connectors-kubernetes", "--package", "connectors-sql", "--package", "connectors", "--", "--check"]
gate: kubernetes descriptor matches; exit=0
gate: sql descriptor matches; exit=0
gate: ["--config", "target.\"x86_64-unknown-linux-gnu\".runner=[\"sh\",\"-c\",\"export TMPDIR=\\\"$0\\\"; exec \\\"$@\\\"\",\"$HOME/.local/state/worktree/trees/b10x/connectors/cb26b-publish/.local/tmp/gate-Iy3vna\"]", "build", "--workspace", "--locked", "--offline"]
   Compiling ring v0.17.14
   Compiling connectors-sdk v0.25.0 ($HOME/.local/state/worktree/trees/b10x/connectors/cb26b-publish/crates/connectors-sdk)
   Compiling connectors-cli-contract v0.0.0 ($HOME/.local/state/worktree/trees/b10x/connectors/cb26b-publish/apps/connectors-cli-contract)
   Compiling rustls-webpki v0.103.15
   Compiling rustls v0.23.45
   Compiling tokio-rustls v0.26.6
   Compiling hyper-rustls v0.27.10
   Compiling rustls-platform-verifier v0.7.1
   Compiling reqwest v0.13.5
   Compiling tokio-postgres-rustls v0.14.0
   Compiling connectors-client v0.25.0 ($HOME/.local/state/worktree/trees/b10x/connectors/cb26b-publish/crates/connectors-client)
   Compiling connectors-host v0.25.0 ($HOME/.local/state/worktree/trees/b10x/connectors/cb26b-publish/crates/connectors-host)
   Compiling connectors-catalog-provider v0.25.0 ($HOME/.local/state/worktree/trees/b10x/connectors/cb26b-publish/adapters/catalog)
   Compiling connectors-spec v0.25.0 ($HOME/.local/state/worktree/trees/b10x/connectors/cb26b-publish/crates/connectors-spec)
   Compiling connectors-kubernetes v0.25.0 ($HOME/.local/state/worktree/trees/b10x/connectors/cb26b-publish/adapters/kubernetes)
   Compiling connectors-sql v0.25.0 ($HOME/.local/state/worktree/trees/b10x/connectors/cb26b-publish/adapters/sql)
   Compiling connectors-build v0.25.0 ($HOME/.local/state/worktree/trees/b10x/connectors/cb26b-publish/crates/connectors-build)
   Compiling connectors-conformance v0.25.0 ($HOME/.local/state/worktree/trees/b10x/connectors/cb26b-publish/crates/connectors-conformance)
   Compiling connectors v0.25.0 ($HOME/.local/state/worktree/trees/b10x/connectors/cb26b-publish/apps/connectors)
    Finished `dev` profile [optimized + debuginfo] target(s) in 29.30s
gate: exit=exit status: 0 ["--config", "target.\"x86_64-unknown-linux-gnu\".runner=[\"sh\",\"-c\",\"export TMPDIR=\\\"$0\\\"; exec \\\"$@\\\"\",\"$HOME/.local/state/worktree/trees/b10x/connectors/cb26b-publish/.local/tmp/gate-Iy3vna\"]", "build", "--workspace", "--locked", "--offline"]
gate: ["--config", "target.\"x86_64-unknown-linux-gnu\".runner=[\"sh\",\"-c\",\"export TMPDIR=\\\"$0\\\"; exec \\\"$@\\\"\",\"$HOME/.local/state/worktree/trees/b10x/connectors/cb26b-publish/.local/tmp/gate-Iy3vna\"]", "test", "--workspace", "--locked", "--offline"]
   Compiling ring v0.17.14
   Compiling rustls v0.23.45
   Compiling rustls-webpki v0.103.15
   Compiling rcgen v0.14.10
   Compiling tokio-rustls v0.26.6
   Compiling rustls-platform-verifier v0.7.1
   Compiling hyper-rustls v0.27.10
   Compiling tokio-postgres-rustls v0.14.0
   Compiling reqwest v0.13.5
   Compiling connectors-client v0.25.0 ($HOME/.local/state/worktree/trees/b10x/connectors/cb26b-publish/crates/connectors-client)
   Compiling connectors-host v0.25.0 ($HOME/.local/state/worktree/trees/b10x/connectors/cb26b-publish/crates/connectors-host)
   Compiling connectors-catalog-provider v0.25.0 ($HOME/.local/state/worktree/trees/b10x/connectors/cb26b-publish/adapters/catalog)
   Compiling connectors-spec v0.25.0 ($HOME/.local/state/worktree/trees/b10x/connectors/cb26b-publish/crates/connectors-spec)
   Compiling connectors-kubernetes v0.25.0 ($HOME/.local/state/worktree/trees/b10x/connectors/cb26b-publish/adapters/kubernetes)
   Compiling connectors-sql v0.25.0 ($HOME/.local/state/worktree/trees/b10x/connectors/cb26b-publish/adapters/sql)
   Compiling connectors-build v0.25.0 ($HOME/.local/state/worktree/trees/b10x/connectors/cb26b-publish/crates/connectors-build)
   Compiling connectors v0.25.0 ($HOME/.local/state/worktree/trees/b10x/connectors/cb26b-publish/apps/connectors)
   Compiling connectors-conformance v0.25.0 ($HOME/.local/state/worktree/trees/b10x/connectors/cb26b-publish/crates/connectors-conformance)
    Finished `test` profile [optimized] target(s) in 1m 22s
     Running unittests src/main.rs (target/debug/deps/connectors-e28419790ee1b27b)

running 5 tests
test local::cursor::tests::the_encoding_rejects_padding_other_alphabets_and_non_canonical_bits ... ok
test local::cursor::tests::a_cursor_expires_after_its_lifetime_and_never_before_its_issue ... ok
test local::cursor::tests::the_limit_is_checked_before_the_cursor ... ok
test local::tests::a_provider_timeout_or_capacity_answer_reports_dispatch_and_the_hosts_own_admission ... ok
test local::tests::a_revision_conflict_is_not_an_unreadable_store_at_any_mapping_site ... ok

test result: ok. 5 passed; 0 failed; 0 ignored; 0 measured; 0 filtered out; finished in 0.00s

     Running tests/absent_operation.rs (target/debug/deps/absent_operation-c22dc6fc5b3aa300)

running 5 tests
test operations_list_keeps_hiding_ungranted_operations ... ok
test describe_answers_not_found_for_an_operation_the_adapter_does_not_expose ... ok
test approvals_prepare_answers_not_found_before_the_grant_and_the_revision ... ok
test invoke_answers_not_found_before_the_grant_and_the_revision ... ok
test the_owner_invoke_request_answers_not_found_before_the_grant ... ok

test result: ok. 5 passed; 0 failed; 0 ignored; 0 measured; 0 filtered out; finished in 0.75s

     Running tests/absent_operation_adversary.rs (target/debug/deps/absent_operation_adversary-2f3fab4745fbd335)

running 3 tests
test absent_id_is_not_found_everywhere_when_the_profile_is_not_granted ... ok
test an_ill_formed_operation_id_gets_one_answer_from_every_verb ... ok
test describe_agrees_with_invoke_when_the_operation_profile_is_not_granted ... ok

test result: ok. 3 passed; 0 failed; 0 ignored; 0 measured; 0 filtered out; finished in 0.68s

     Running tests/adversary_legacy_edges.rs (target/debug/deps/adversary_legacy_edges-6a9c8c3c42519a87)

running 4 tests
test output_after_the_separator_does_not_select_json ... ok
test non_utf8_and_long_argv_are_the_fixed_envelope ... ok
test root_help_after_a_global_output_carries_the_service_block ... ok
test routing_edges_answer_like_the_grouped_parser ... ok

test result: ok. 4 passed; 0 failed; 0 ignored; 0 measured; 0 filtered out; finished in 0.03s

     Running tests/cli_surface_minor.rs (target/debug/deps/cli_surface_minor-e856cf77fa58d852)

running 11 tests
test completions_emit_the_raw_script_under_json_output ... ok
test a_wrong_argument_type_is_cli_input ... ok
test an_unknown_flag_or_command_is_cli_parse ... ok
test setup_check_reports_no_next_action_for_ready_metadata ... ok
test document_commands_refuse_the_document_before_an_unknown_alias ... ok
test approvals_refuse_an_undecodable_document_with_owner_invalid_input ... ok
test c05_business_input_sources ... ok
test every_adapter_command_answers_an_unknown_alias_at_admission ... ok
test c05_depth_past_the_decoder_limit_is_cli_dynamic_input ... ok
test c05_wrong_business_input_codes ... ok
test a_configured_alias_is_bounded_at_128_bytes ... ok

test result: ok. 11 passed; 0 failed; 0 ignored; 0 measured; 0 filtered out; finished in 1.31s

     Running tests/cli_surface_minor_adversary.rs (target/debug/deps/cli_surface_minor_adversary-47d8d07dffadd17e)

running 2 tests
test c05_wrong_input_is_classified_the_same_from_inline_and_stdin ... ok
test every_list_cursor_this_tree_cannot_honour_is_stale_cursor ... ok

test result: ok. 2 passed; 0 failed; 0 ignored; 0 measured; 0 filtered out; finished in 1.48s

     Running tests/compatibility.rs (target/debug/deps/compatibility-a2c3b7e6bfbaaa97)

running 3 tests
test version_flags_print_name_and_workspace_version_and_succeed ... ok
test compatibility_inventory_matches_existing_help ... ok
test legacy_describe_is_complete_and_invoke_prints_raw_result_once ... ok

test result: ok. 3 passed; 0 failed; 0 ignored; 0 measured; 0 filtered out; finished in 0.04s

     Running tests/configuration_refusal_adversary.rs (target/debug/deps/configuration_refusal_adversary-b9db6d694862bd11)

running 1 test
test every_cli_command_refusing_a_mismatched_entry_names_format_and_entry ... ok

test result: ok. 1 passed; 0 failed; 0 ignored; 0 measured; 0 filtered out; finished in 0.58s

     Running tests/failed_connect.rs (target/debug/deps/failed_connect-e8684312cdd9d729)

running 6 tests
test a_connect_to_an_unreachable_provider_reports_the_owners_cause_at_dispatch ... ignored, requires dbus-daemon, gnome-keyring-daemon and CONNECTORS_TEST_CATALOG_PROVIDER
test a_revalidation_the_owner_definitely_fails_reports_dispatch_at_the_cli ... ignored, requires dbus-daemon and gnome-keyring-daemon
test a_revalidation_reply_that_never_arrives_is_outcome_unknown ... ok
test a_connect_reply_that_never_arrives_is_outcome_unknown ... ok
test an_owners_definite_connect_failure_keeps_its_code_and_acquisition ... ok
test an_owners_definite_revalidation_failure_keeps_its_code ... ok

test result: ok. 4 passed; 0 failed; 2 ignored; 0 measured; 0 filtered out; finished in 1.44s

     Running tests/failed_connect_adversary.rs (target/debug/deps/failed_connect_adversary-fe17cd5d82c6cd3e)

running 8 tests
test a_revalidation_answered_with_an_unknown_reply_kind_is_outcome_unknown ... ok
test a_revalidation_reply_cut_mid_frame_is_outcome_unknown ... ok
test a_connect_answered_with_an_unreadable_failed_reply_is_outcome_unknown ... ok
test a_connect_reply_cut_mid_frame_is_outcome_unknown ... ok
test a_connect_answered_with_an_unknown_reply_kind_is_outcome_unknown ... ok
test a_connect_answered_with_a_non_json_frame_is_outcome_unknown ... ok
test a_revalidation_whose_reply_times_out_is_outcome_unknown ... ok
test a_connect_whose_reply_times_out_is_outcome_unknown ... ok

test result: ok. 8 passed; 0 failed; 0 ignored; 0 measured; 0 filtered out; finished in 2.48s

     Running tests/input.rs (target/debug/deps/input-84f91e2cb069f33f)

running 1 test
test duplicate_input_keys_are_refused_before_service_contact ... ok

test result: ok. 1 passed; 0 failed; 0 ignored; 0 measured; 0 filtered out; finished in 0.00s

     Running tests/legacy_commands.rs (target/debug/deps/legacy_commands-e761e93ffc909588)

running 5 tests
test root_help_is_the_generated_help_plus_the_contract_service_block ... ok
test legacy_parse_envelope_is_the_grouped_parse_envelope ... ok
test output_before_the_legacy_command_word_is_accepted ... ok
test legacy_parse_errors_are_the_human_envelope_without_argv ... ok
test legacy_parse_errors_are_the_json_envelope_before_or_after_the_command_word ... ok

test result: ok. 5 passed; 0 failed; 0 ignored; 0 measured; 0 filtered out; finished in 0.11s

     Running tests/list_paging.rs (target/debug/deps/list_paging-542aa3e67498af33)

running 4 tests
test adapters_list_pages_with_a_cursor_and_ends_without_one ... ok
test operations_list_checks_the_limit_before_reading_the_cached_description ... ok
test adapters_list_refuses_a_stale_expired_or_undecodable_cursor ... ok
test operations_list_pages_with_a_cursor_and_refuses_a_stale_one ... ok

test result: ok. 4 passed; 0 failed; 0 ignored; 0 measured; 0 filtered out; finished in 1.64s

     Running tests/list_paging_adversary.rs (target/debug/deps/list_paging_adversary-0bd9d23daeb84cb1)

running 7 tests
test a_limit_outside_one_to_five_hundred_is_invalid_input ... ok
test the_encoding_admits_exactly_one_spelling_of_a_cursor ... ok
test a_forged_offset_outside_the_list_is_stale ... ok
test operations_pages_cover_every_permitted_operation_once_and_nothing_else ... ok
test an_operations_cursor_is_bound_to_the_adapter_it_was_issued_for ... ok
test a_cursor_does_not_cross_between_the_two_lists ... ok
test every_entry_appears_exactly_once_around_the_limit ... ok

test result: ok. 7 passed; 0 failed; 0 ignored; 0 measured; 0 filtered out; finished in 7.89s

     Running tests/local_cli.rs (target/debug/deps/local_cli-09fb7ffbf7c28f04)

running 17 tests
test adversary2_a_real_pre_handshake_owner_is_refused_by_name_and_the_reverse_is_observed ... ignored
test protected_sources_are_not_consumed_before_configuration_admission ... ok
test clock_check_uses_current_configured_key_without_metadata_or_service_start ... ok
test setup_init_admits_an_adapter_entry_that_selects_its_private_protocol ... ok
test production_parser_initializes_and_inspects_across_processes ... ok
test an_owner_still_serves_a_caller_that_never_named_its_build ... ok
test adversary_owner_answers_build_only_when_asked_and_answers_its_own_digest ... ok
test adversary_a_transient_greeting_refusal_from_the_same_build_is_not_a_build_mismatch ... ok
test a_same_build_owner_at_its_client_limit_answers_capacity_not_another_build ... ok
test adversary2_the_build_probe_against_an_owner_at_capacity_reports_capacity ... ok
test inventory_and_unavailable_status_never_launch_configured_executable ... ok
test a_cli_refuses_an_owner_running_a_different_build_and_leaves_it_running ... ok
test a_private_protocol_that_contradicts_the_format_is_refused_naming_format_and_entry ... ok
test an_idle_owner_exits_and_the_next_start_gets_a_new_owner ... ok
test a_connected_client_keeps_an_owner_past_its_idle_bound ... ok
test adversary2_the_identification_retry_loop_ends_at_its_deadline_without_flooding_the_owner ... ok
test adversary2_a_same_build_owner_at_capacity_is_never_another_build_over_100_runs ... ok

test result: ok. 16 passed; 0 failed; 1 ignored; 0 measured; 0 filtered out; finished in 40.98s

     Running tests/owner_build_security.rs (target/debug/deps/owner_build_security-151c3baecd020733)

running 2 tests
test an_owner_of_the_same_build_that_sheds_one_connection_is_not_reported_as_another_build ... ok
test every_work_request_is_refused_before_it_reaches_an_owner_of_another_build ... ok

test result: ok. 2 passed; 0 failed; 0 ignored; 0 measured; 0 filtered out; finished in 0.89s

     Running tests/owner_idle_exit_adversary.rs (target/debug/deps/owner_idle_exit_adversary-2dfbe1dfe66b6a89)

running 1 test
test idle_owners_exit_within_their_bound_when_it_spans_several_recovery_sweeps ... ok

test result: ok. 1 passed; 0 failed; 0 ignored; 0 measured; 0 filtered out; finished in 35.79s

     Running tests/revision_conflict.rs (target/debug/deps/revision_conflict-36a3cdc627ab6b2d)

running 3 tests
test the_owner_reports_a_revision_conflict_under_its_own_code ... ok
test an_unreadable_store_still_answers_metadata_unavailable ... ok
test a_revision_conflict_reaches_the_cli_as_revision_conflict ... ok

test result: ok. 3 passed; 0 failed; 0 ignored; 0 measured; 0 filtered out; finished in 0.47s

     Running tests/revision_conflict_adversary.rs (target/debug/deps/revision_conflict_adversary-b4dd9bf17c5283f0)

running 2 tests
test a_guarded_write_revision_conflict_reports_what_the_semantics_row_says ... ok
test approval_stores_do_not_fold_a_revision_conflict_into_an_unreadable_store ... ok

test result: ok. 2 passed; 0 failed; 0 ignored; 0 measured; 0 filtered out; finished in 0.00s

     Running tests/setup_init_format_adversary.rs (target/debug/deps/setup_init_format_adversary-155602de97b9bb79)

running 5 tests
test initialized_empty_configuration_is_byte_stable_apart_from_owner ... ok
test documented_kubernetes_entry_passes_setup_check_after_init ... ok
test documented_postgres_entry_passes_setup_check_after_init ... ok
test documented_catalog_entry_passes_setup_check_after_init ... ok
test existing_v1_files_load_and_are_never_rewritten ... ok

test result: ok. 5 passed; 0 failed; 0 ignored; 0 measured; 0 filtered out; finished in 0.84s

     Running tests/setup_missing_state.rs (target/debug/deps/setup_missing_state-86481c5fb66f42c3)

running 4 tests
test configuration_and_state_both_present_still_answer_configuration_exists ... ok
test invalid_existing_configuration_is_refused_and_unchanged ... ok
test state_directory_without_a_metadata_store_is_initialised ... ok
test missing_state_directory_is_initialised_for_an_existing_configuration ... ok

test result: ok. 4 passed; 0 failed; 0 ignored; 0 measured; 0 filtered out; finished in 3.29s

     Running tests/socket_path_adversary.rs (target/debug/deps/socket_path_adversary-69b6051fee44f303)

running 2 tests
test a_socket_far_past_sun_len_is_bound_and_reached_through_the_directory ... ok
test concurrent_directories_never_cross_sockets ... ok

test result: ok. 2 passed; 0 failed; 0 ignored; 0 measured; 0 filtered out; finished in 0.01s

     Running unittests src/main.rs (target/debug/deps/connectors_build-d8f6cc3733e8e4b1)

running 58 tests
test aep_toolchain::tests::the_pin_is_one_exact_release ... ok
test cli::tests::cache_labels_and_page_deadlines_cannot_assert_unobserved_freshness ... ok
test cli::tests::public_acquisition_examples_cannot_expose_internal_states_or_wrong_terminal_fields ... ok
test docs::tests::cannot_publish_a_source_outside_its_owner ... ok
test docs::tests::refuses_unknown_projection_nodes ... ok
test docs::tests::rejects_duplicate_and_escaping_routes ... ok
test docs::tests::public_audit_checks_embedded_binary_paths ... ok
test docs::tests::resolves_only_selected_local_links ... ok
test ess_boundary::tests::matches_case_and_separator_variants_without_substring_false_positives ... ok
test docs::tests::preserves_rules_and_stable_heading_anchors ... ok
test docs::tests::reference_title_keeps_anchor_and_text_without_a_second_h1 ... ok
test docs::tests::imported_markdown_cannot_execute_html_or_script_links ... ok
test ess_boundary::tests::allows_shared_protocols_and_separate_provider_models ... ok
test ess_boundary::tests::admits_a_root_component_source_that_owns_only_declared_domains ... ok
test ess_boundary::tests::refuses_linked_source_files_and_directories ... ok
test ess_boundary::tests::protocol_adapter_does_not_ban_shared_protocol_or_suppress_native_leaks ... ok
test ess_boundary::tests::checks_all_paths_and_requires_complete_local_domain_inventory ... ok
test ess_boundary::tests::discovers_design_only_and_spec_only_owners_without_runtime_declarations ... ok
test ess_boundary::tests::refuses_a_component_source_owning_undeclared_domains_or_outside_the_root ... ok
test ess_boundary::tests::rejects_malformed_optional_alias_inputs_and_model_sources ... ok
test ess_boundary::tests::rejects_names_comments_fields_encoded_values_and_new_adapter_ids ... ok
test ignored::tests::ignored_runner_has_an_explicit_cli_and_defaults_to_disposable ... ok
test gate::tests::gate_cargo_keeps_the_toolchain_selector_first ... ok
test gate::tests::gate_cargo_leaves_the_compiler_wrapper_on_the_callers_tmpdir ... ok
test ignored::tests::adversary_error_drops_live_group_without_reaping_another_fixture ... ok
test gate::tests::gate_cargo_keys_the_runner_to_the_host_triple ... ok
test gate::adversary_tests::runner_executes_a_failing_test_binary_whose_path_contains_an_equals_sign ... ok
test gate::tests::gate_cargo_hands_the_temporary_root_to_test_binaries_through_a_runner ... ok
test gate::adversary_pass2_tests::runner_passes_test_arguments_byte_for_byte ... ok
test metadata_conformance::tests::kernel_invariant_violation_is_a_failed_command_not_unsupported ... ok
test metadata_conformance::tests::named_optional_members_round_trip_through_the_runtime_form ... ok
test metadata_conformance::tests::other_kernel_errors_stay_unsupported ... ok
test gate::adversary_tests::runner_hands_the_root_to_a_binary_whose_path_contains_an_equals_sign ... ok
test gate::adversary_pass2_tests::runner_preserves_exit_codes_above_one ... ok
test metadata_conformance::tests::unknown_fixture_is_an_error_not_a_default ... ok
test gate::adversary_pass2_tests::runner_executes_awkward_binary_paths ... ok
test source_hashes::tests::a_manifest_without_retained_archives_is_not_this_check ... ok
test docs::tests::example_model_carries_the_example_domains_and_their_references_only ... ok
test gate::adversary_pass2_tests::runner_hands_over_roots_with_a_leading_dash_or_newline ... ok
test gate::adversary_tests::runner_preserves_awkward_roots ... ok
test docs::tests::walkthrough_fixtures_follow_the_shipped_selection ... ok
test source_hashes::tests::recorded_digests_are_rederived_from_the_archived_bytes ... ok
test ignored::tests::inventory_mode_never_executes_selected_cases ... ok
test ignored::tests::missing_prerequisite_is_explicit ... ok
test tests::discovery_writes_the_projection_and_its_record ... ok
test tests::catalog_without_derived_from_records_none ... ok
test tests::catalog_derived_from_mismatch_refused ... ok
test tests::catalog_records_derivation ... ok
test ignored::tests::selected_test_failure_is_nonzero ... ok
test ignored::tests::ignored_inventory_accounted ... ok
test ignored::tests::zero_test_success_is_not_execution ... ok
test ignored::tests::unknown_inventory_refuses_before_any_execution ... ok
test ignored::tests::subprocess_helper_never_top_level ... ok
test ignored::tests::adversary_failing_fixture_does_not_leave_running_descendants ... ok
test ignored::tests::adversary_passing_fixture_does_not_leave_running_descendants ... ok
test gate::adversary_pass2_tests::runner_preserves_a_killing_signal ... ok
test docs::tests::example_model_synthesizes_for_every_example_target_with_the_pinned_ess ... ok
test metadata_conformance::tests::emitted_manifest_is_admitted_by_the_pinned_ess ... ok

test result: ok. 58 passed; 0 failed; 0 ignored; 0 measured; 0 filtered out; finished in 10.29s

     Running tests/cli_spec_mapping_adversary.rs (target/debug/deps/cli_spec_mapping_adversary-b7029e3ef8e1ac71)

running 5 tests
test the_corrected_semantics_citations_land_on_their_rules ... ok
test the_er_rs_citation_lands_on_the_cursor_expiry_path ... FAILED
test the_owner_greeting_reply_is_declared_with_the_hosts_fields ... ok
test the_owner_greeting_request_the_cli_sends_is_declared ... ok
test the_build_digest_format_is_declared ... ok

failures:

---- the_er_rs_citation_lands_on_the_cursor_expiry_path stdout ----

thread 'the_er_rs_citation_lands_on_the_cursor_expiry_path' (2710197) panicked at crates/connectors-build/tests/cli_spec_mapping_adversary.rs:192:9:
cli.yaml cites er.rs:3610-3612 for the cursor removal path, which reads:
        }
        "connectors.local_approval_policy.LocalApprovalPolicy" => {
            Ok("connectors.local_approval_policy.ConfigureLocalApprovalPolicy")
note: run with `RUST_BACKTRACE=1` environment variable to display a backtrace


failures:
    the_er_rs_citation_lands_on_the_cursor_expiry_path

test result: FAILED. 4 passed; 1 failed; 0 ignored; 0 measured; 0 filtered out; finished in 0.01s

error: test failed, to rerun pass `-p connectors-build --test cli_spec_mapping_adversary`
gate: exit=exit status: 101 ["--config", "target.\"x86_64-unknown-linux-gnu\".runner=[\"sh\",\"-c\",\"export TMPDIR=\\\"$0\\\"; exec \\\"$@\\\"\",\"$HOME/.local/state/worktree/trees/b10x/connectors/cb26b-publish/.local/tmp/gate-Iy3vna\"]", "test", "--workspace", "--locked", "--offline"]
Error: "gate command \"cargo\" failed"
