   Compiling reqwest v0.12.28
   Compiling time-core v0.1.9
   Compiling deranged v0.5.8
   Compiling powerfmt v0.2.0
   Compiling num-conv v0.2.2
   Compiling connectors-client v0.1.0 (/home/timo/beyond10x/connectors_v2/crates/connectors-client)
   Compiling time v0.3.55
   Compiling connectors-sdk v0.1.0 (/home/timo/beyond10x/connectors_v2/crates/connectors-sdk)
   Compiling base64 v0.23.1
   Compiling yasna v0.6.0
   Compiling pem v4.0.0
   Compiling tokio-postgres-rustls v0.14.0
   Compiling connectors-host v0.1.0 (/home/timo/beyond10x/connectors_v2/crates/connectors-host)
   Compiling rcgen v0.14.10
   Compiling connectors-sql v0.1.0 (/home/timo/beyond10x/connectors_v2/adapters/sql)
    Finished `dev` profile [unoptimized + debuginfo] target(s) in 3.78s
     Running `target/debug/examples/live_deadlines`
{"container":"connectors-sql-live-XEo79V","database":"PostgreSQL 17.11 on x86_64-pc-linux-musl, compiled by gcc (Alpine 15.2.0) 15.2.0, 64-bit","image":"sha256:1bea307dfb3ee30541a7acf7de14b58bcd6948da98e5d31a04c627c4d35ec64b"}
{"case":"schema-list","rows":1}
{"active_backends":0,"case":"plain-control","elapsed_ms":10031,"error":"timeout"}
{"active_backends":0,"case":"plain-timeout-bypass","elapsed_ms":10005,"error":"timeout"}
{"active_backends":0,"case":"dropped-invocation"}

thread 'main' (825572) panicked at adapters/sql/examples/live_deadlines.rs:135:5:
assertion `left == right` failed
  left: String("true")
 right: "t"
note: run with `RUST_BACKTRACE=1` environment variable to display a backtrace
{"cleanup_container":"connectors-sql-live-XEo79V","stopped_and_auto_removed":true}
