RUN 1 exit=0

running 4 tests
test toolchain::tests::committed_manifest_uses_the_repository_pin ... ok
test toolchain::tests::default_search_is_independent_of_path_version_order ... ok
test toolchain::tests::explicit_overrides_win_and_wrong_paths_do_not_fall_back ... ok
test toolchain::tests::missing_pin_reports_record_and_search_locations_and_cache_is_supported ... ok

test result: ok. 4 passed; 0 failed; 0 ignored; 0 measured; 0 filtered out; finished in 0.01s
RUN 2 exit=0

running 4 tests
test toolchain::tests::committed_manifest_uses_the_repository_pin ... ok
test toolchain::tests::default_search_is_independent_of_path_version_order ... ok
test toolchain::tests::explicit_overrides_win_and_wrong_paths_do_not_fall_back ... ok
test toolchain::tests::missing_pin_reports_record_and_search_locations_and_cache_is_supported ... ok

test result: ok. 4 passed; 0 failed; 0 ignored; 0 measured; 0 filtered out; finished in 0.01s
RUN 3 exit=0

running 4 tests
test toolchain::tests::committed_manifest_uses_the_repository_pin ... ok
test toolchain::tests::default_search_is_independent_of_path_version_order ... ok
test toolchain::tests::explicit_overrides_win_and_wrong_paths_do_not_fall_back ... ok
test toolchain::tests::missing_pin_reports_record_and_search_locations_and_cache_is_supported ... ok

test result: ok. 4 passed; 0 failed; 0 ignored; 0 measured; 0 filtered out; finished in 0.01s
RUN 4 exit=0

running 4 tests
test toolchain::tests::committed_manifest_uses_the_repository_pin ... ok
test toolchain::tests::default_search_is_independent_of_path_version_order ... ok
test toolchain::tests::explicit_overrides_win_and_wrong_paths_do_not_fall_back ... ok
test toolchain::tests::missing_pin_reports_record_and_search_locations_and_cache_is_supported ... ok

test result: ok. 4 passed; 0 failed; 0 ignored; 0 measured; 0 filtered out; finished in 0.01s
RUN 5 exit=0

running 4 tests
test toolchain::tests::committed_manifest_uses_the_repository_pin ... ok
test toolchain::tests::default_search_is_independent_of_path_version_order ... ok
test toolchain::tests::explicit_overrides_win_and_wrong_paths_do_not_fall_back ... ok
test toolchain::tests::missing_pin_reports_record_and_search_locations_and_cache_is_supported ... ok

test result: ok. 4 passed; 0 failed; 0 ignored; 0 measured; 0 filtered out; finished in 0.01s
RUN 6 exit=0

running 4 tests
test toolchain::tests::committed_manifest_uses_the_repository_pin ... ok
test toolchain::tests::default_search_is_independent_of_path_version_order ... ok
test toolchain::tests::missing_pin_reports_record_and_search_locations_and_cache_is_supported ... ok
test toolchain::tests::explicit_overrides_win_and_wrong_paths_do_not_fall_back ... ok

test result: ok. 4 passed; 0 failed; 0 ignored; 0 measured; 0 filtered out; finished in 0.01s
RUN 7 exit=0

running 4 tests
test toolchain::tests::committed_manifest_uses_the_repository_pin ... ok
test toolchain::tests::default_search_is_independent_of_path_version_order ... ok
test toolchain::tests::explicit_overrides_win_and_wrong_paths_do_not_fall_back ... ok
test toolchain::tests::missing_pin_reports_record_and_search_locations_and_cache_is_supported ... ok

test result: ok. 4 passed; 0 failed; 0 ignored; 0 measured; 0 filtered out; finished in 0.01s
RUN 8 exit=0

running 4 tests
test toolchain::tests::committed_manifest_uses_the_repository_pin ... ok
test toolchain::tests::default_search_is_independent_of_path_version_order ... ok
test toolchain::tests::explicit_overrides_win_and_wrong_paths_do_not_fall_back ... ok
test toolchain::tests::missing_pin_reports_record_and_search_locations_and_cache_is_supported ... ok

test result: ok. 4 passed; 0 failed; 0 ignored; 0 measured; 0 filtered out; finished in 0.01s
RUN 9 exit=0

running 4 tests
test toolchain::tests::committed_manifest_uses_the_repository_pin ... ok
test toolchain::tests::default_search_is_independent_of_path_version_order ... ok
test toolchain::tests::explicit_overrides_win_and_wrong_paths_do_not_fall_back ... ok
test toolchain::tests::missing_pin_reports_record_and_search_locations_and_cache_is_supported ... ok

test result: ok. 4 passed; 0 failed; 0 ignored; 0 measured; 0 filtered out; finished in 0.01s
RUN 10 exit=0

running 4 tests
test toolchain::tests::committed_manifest_uses_the_repository_pin ... ok
test toolchain::tests::default_search_is_independent_of_path_version_order ... ok
test toolchain::tests::explicit_overrides_win_and_wrong_paths_do_not_fall_back ... ok
test toolchain::tests::missing_pin_reports_record_and_search_locations_and_cache_is_supported ... ok

test result: ok. 4 passed; 0 failed; 0 ignored; 0 measured; 0 filtered out; finished in 0.01s
RUN 11 exit=0

running 4 tests
test toolchain::tests::committed_manifest_uses_the_repository_pin ... ok
test toolchain::tests::default_search_is_independent_of_path_version_order ... ok
test toolchain::tests::missing_pin_reports_record_and_search_locations_and_cache_is_supported ... ok
test toolchain::tests::explicit_overrides_win_and_wrong_paths_do_not_fall_back ... ok

test result: ok. 4 passed; 0 failed; 0 ignored; 0 measured; 0 filtered out; finished in 0.01s
RUN 12 exit=0

running 4 tests
test toolchain::tests::committed_manifest_uses_the_repository_pin ... ok
test toolchain::tests::explicit_overrides_win_and_wrong_paths_do_not_fall_back ... ok
test toolchain::tests::default_search_is_independent_of_path_version_order ... ok
test toolchain::tests::missing_pin_reports_record_and_search_locations_and_cache_is_supported ... ok

test result: ok. 4 passed; 0 failed; 0 ignored; 0 measured; 0 filtered out; finished in 0.01s
RUN 13 exit=0

running 4 tests
test toolchain::tests::committed_manifest_uses_the_repository_pin ... ok
test toolchain::tests::default_search_is_independent_of_path_version_order ... ok
test toolchain::tests::explicit_overrides_win_and_wrong_paths_do_not_fall_back ... ok
test toolchain::tests::missing_pin_reports_record_and_search_locations_and_cache_is_supported ... ok

test result: ok. 4 passed; 0 failed; 0 ignored; 0 measured; 0 filtered out; finished in 0.01s
RUN 14 exit=0

running 4 tests
test toolchain::tests::committed_manifest_uses_the_repository_pin ... ok
test toolchain::tests::default_search_is_independent_of_path_version_order ... ok
test toolchain::tests::missing_pin_reports_record_and_search_locations_and_cache_is_supported ... ok
test toolchain::tests::explicit_overrides_win_and_wrong_paths_do_not_fall_back ... ok

test result: ok. 4 passed; 0 failed; 0 ignored; 0 measured; 0 filtered out; finished in 0.01s
RUN 15 exit=0

running 4 tests
test toolchain::tests::committed_manifest_uses_the_repository_pin ... ok
test toolchain::tests::default_search_is_independent_of_path_version_order ... ok
test toolchain::tests::explicit_overrides_win_and_wrong_paths_do_not_fall_back ... ok
test toolchain::tests::missing_pin_reports_record_and_search_locations_and_cache_is_supported ... ok

test result: ok. 4 passed; 0 failed; 0 ignored; 0 measured; 0 filtered out; finished in 0.01s
RUN 16 exit=0

running 4 tests
test toolchain::tests::committed_manifest_uses_the_repository_pin ... ok
test toolchain::tests::default_search_is_independent_of_path_version_order ... ok
test toolchain::tests::explicit_overrides_win_and_wrong_paths_do_not_fall_back ... ok
test toolchain::tests::missing_pin_reports_record_and_search_locations_and_cache_is_supported ... ok

test result: ok. 4 passed; 0 failed; 0 ignored; 0 measured; 0 filtered out; finished in 0.01s
RUN 17 exit=0

running 4 tests
test toolchain::tests::committed_manifest_uses_the_repository_pin ... ok
test toolchain::tests::missing_pin_reports_record_and_search_locations_and_cache_is_supported ... ok
test toolchain::tests::default_search_is_independent_of_path_version_order ... ok
test toolchain::tests::explicit_overrides_win_and_wrong_paths_do_not_fall_back ... ok

test result: ok. 4 passed; 0 failed; 0 ignored; 0 measured; 0 filtered out; finished in 0.01s
RUN 18 exit=0

running 4 tests
test toolchain::tests::committed_manifest_uses_the_repository_pin ... ok
test toolchain::tests::default_search_is_independent_of_path_version_order ... ok
test toolchain::tests::explicit_overrides_win_and_wrong_paths_do_not_fall_back ... ok
test toolchain::tests::missing_pin_reports_record_and_search_locations_and_cache_is_supported ... ok

test result: ok. 4 passed; 0 failed; 0 ignored; 0 measured; 0 filtered out; finished in 0.01s
RUN 19 exit=0

running 4 tests
test toolchain::tests::committed_manifest_uses_the_repository_pin ... ok
test toolchain::tests::default_search_is_independent_of_path_version_order ... ok
test toolchain::tests::explicit_overrides_win_and_wrong_paths_do_not_fall_back ... ok
test toolchain::tests::missing_pin_reports_record_and_search_locations_and_cache_is_supported ... ok

test result: ok. 4 passed; 0 failed; 0 ignored; 0 measured; 0 filtered out; finished in 0.01s
RUN 20 exit=0

running 4 tests
test toolchain::tests::committed_manifest_uses_the_repository_pin ... ok
test toolchain::tests::default_search_is_independent_of_path_version_order ... ok
test toolchain::tests::explicit_overrides_win_and_wrong_paths_do_not_fall_back ... ok
test toolchain::tests::missing_pin_reports_record_and_search_locations_and_cache_is_supported ... ok

test result: ok. 4 passed; 0 failed; 0 ignored; 0 measured; 0 filtered out; finished in 0.01s
RUN 21 exit=0

running 4 tests
test toolchain::tests::committed_manifest_uses_the_repository_pin ... ok
test toolchain::tests::missing_pin_reports_record_and_search_locations_and_cache_is_supported ... ok
test toolchain::tests::default_search_is_independent_of_path_version_order ... ok
test toolchain::tests::explicit_overrides_win_and_wrong_paths_do_not_fall_back ... ok

test result: ok. 4 passed; 0 failed; 0 ignored; 0 measured; 0 filtered out; finished in 0.01s
RUN 22 exit=0

running 4 tests
test toolchain::tests::committed_manifest_uses_the_repository_pin ... ok
test toolchain::tests::default_search_is_independent_of_path_version_order ... ok
test toolchain::tests::explicit_overrides_win_and_wrong_paths_do_not_fall_back ... ok
test toolchain::tests::missing_pin_reports_record_and_search_locations_and_cache_is_supported ... ok

test result: ok. 4 passed; 0 failed; 0 ignored; 0 measured; 0 filtered out; finished in 0.01s
RUN 23 exit=0

running 4 tests
test toolchain::tests::committed_manifest_uses_the_repository_pin ... ok
test toolchain::tests::default_search_is_independent_of_path_version_order ... ok
test toolchain::tests::explicit_overrides_win_and_wrong_paths_do_not_fall_back ... ok
test toolchain::tests::missing_pin_reports_record_and_search_locations_and_cache_is_supported ... ok

test result: ok. 4 passed; 0 failed; 0 ignored; 0 measured; 0 filtered out; finished in 0.01s
RUN 24 exit=0

running 4 tests
test toolchain::tests::committed_manifest_uses_the_repository_pin ... ok
test toolchain::tests::default_search_is_independent_of_path_version_order ... ok
test toolchain::tests::explicit_overrides_win_and_wrong_paths_do_not_fall_back ... ok
test toolchain::tests::missing_pin_reports_record_and_search_locations_and_cache_is_supported ... ok

test result: ok. 4 passed; 0 failed; 0 ignored; 0 measured; 0 filtered out; finished in 0.01s
RUN 25 exit=0

running 4 tests
test toolchain::tests::committed_manifest_uses_the_repository_pin ... ok
test toolchain::tests::default_search_is_independent_of_path_version_order ... ok
test toolchain::tests::explicit_overrides_win_and_wrong_paths_do_not_fall_back ... ok
test toolchain::tests::missing_pin_reports_record_and_search_locations_and_cache_is_supported ... ok

test result: ok. 4 passed; 0 failed; 0 ignored; 0 measured; 0 filtered out; finished in 0.01s
RUN 26 exit=0

running 4 tests
test toolchain::tests::committed_manifest_uses_the_repository_pin ... ok
test toolchain::tests::default_search_is_independent_of_path_version_order ... ok
test toolchain::tests::explicit_overrides_win_and_wrong_paths_do_not_fall_back ... ok
test toolchain::tests::missing_pin_reports_record_and_search_locations_and_cache_is_supported ... ok

test result: ok. 4 passed; 0 failed; 0 ignored; 0 measured; 0 filtered out; finished in 0.01s
RUN 27 exit=0

running 4 tests
test toolchain::tests::committed_manifest_uses_the_repository_pin ... ok
test toolchain::tests::default_search_is_independent_of_path_version_order ... ok
test toolchain::tests::explicit_overrides_win_and_wrong_paths_do_not_fall_back ... ok
test toolchain::tests::missing_pin_reports_record_and_search_locations_and_cache_is_supported ... ok

test result: ok. 4 passed; 0 failed; 0 ignored; 0 measured; 0 filtered out; finished in 0.01s
RUN 28 exit=0

running 4 tests
test toolchain::tests::committed_manifest_uses_the_repository_pin ... ok
test toolchain::tests::explicit_overrides_win_and_wrong_paths_do_not_fall_back ... ok
test toolchain::tests::missing_pin_reports_record_and_search_locations_and_cache_is_supported ... ok
test toolchain::tests::default_search_is_independent_of_path_version_order ... ok

test result: ok. 4 passed; 0 failed; 0 ignored; 0 measured; 0 filtered out; finished in 0.01s
RUN 29 exit=0

running 4 tests
test toolchain::tests::committed_manifest_uses_the_repository_pin ... ok
test toolchain::tests::default_search_is_independent_of_path_version_order ... ok
test toolchain::tests::explicit_overrides_win_and_wrong_paths_do_not_fall_back ... ok
test toolchain::tests::missing_pin_reports_record_and_search_locations_and_cache_is_supported ... ok

test result: ok. 4 passed; 0 failed; 0 ignored; 0 measured; 0 filtered out; finished in 0.01s
RUN 30 exit=0

running 4 tests
test toolchain::tests::committed_manifest_uses_the_repository_pin ... ok
test toolchain::tests::default_search_is_independent_of_path_version_order ... ok
test toolchain::tests::explicit_overrides_win_and_wrong_paths_do_not_fall_back ... ok
test toolchain::tests::missing_pin_reports_record_and_search_locations_and_cache_is_supported ... ok

test result: ok. 4 passed; 0 failed; 0 ignored; 0 measured; 0 filtered out; finished in 0.01s
RUN 31 exit=0

running 4 tests
test toolchain::tests::committed_manifest_uses_the_repository_pin ... ok
test toolchain::tests::default_search_is_independent_of_path_version_order ... ok
test toolchain::tests::explicit_overrides_win_and_wrong_paths_do_not_fall_back ... ok
test toolchain::tests::missing_pin_reports_record_and_search_locations_and_cache_is_supported ... ok

test result: ok. 4 passed; 0 failed; 0 ignored; 0 measured; 0 filtered out; finished in 0.01s
RUN 32 exit=0

running 4 tests
test toolchain::tests::committed_manifest_uses_the_repository_pin ... ok
test toolchain::tests::default_search_is_independent_of_path_version_order ... ok
test toolchain::tests::explicit_overrides_win_and_wrong_paths_do_not_fall_back ... ok
test toolchain::tests::missing_pin_reports_record_and_search_locations_and_cache_is_supported ... ok

test result: ok. 4 passed; 0 failed; 0 ignored; 0 measured; 0 filtered out; finished in 0.01s
RUN 33 exit=0

running 4 tests
test toolchain::tests::committed_manifest_uses_the_repository_pin ... ok
test toolchain::tests::default_search_is_independent_of_path_version_order ... ok
test toolchain::tests::missing_pin_reports_record_and_search_locations_and_cache_is_supported ... ok
test toolchain::tests::explicit_overrides_win_and_wrong_paths_do_not_fall_back ... ok

test result: ok. 4 passed; 0 failed; 0 ignored; 0 measured; 0 filtered out; finished in 0.01s
RUN 34 exit=0

running 4 tests
test toolchain::tests::committed_manifest_uses_the_repository_pin ... ok
test toolchain::tests::default_search_is_independent_of_path_version_order ... ok
test toolchain::tests::explicit_overrides_win_and_wrong_paths_do_not_fall_back ... ok
test toolchain::tests::missing_pin_reports_record_and_search_locations_and_cache_is_supported ... ok

test result: ok. 4 passed; 0 failed; 0 ignored; 0 measured; 0 filtered out; finished in 0.01s
RUN 35 exit=0

running 4 tests
test toolchain::tests::committed_manifest_uses_the_repository_pin ... ok
test toolchain::tests::explicit_overrides_win_and_wrong_paths_do_not_fall_back ... ok
test toolchain::tests::default_search_is_independent_of_path_version_order ... ok
test toolchain::tests::missing_pin_reports_record_and_search_locations_and_cache_is_supported ... ok

test result: ok. 4 passed; 0 failed; 0 ignored; 0 measured; 0 filtered out; finished in 0.01s
RUN 36 exit=0

running 4 tests
test toolchain::tests::committed_manifest_uses_the_repository_pin ... ok
test toolchain::tests::default_search_is_independent_of_path_version_order ... ok
test toolchain::tests::explicit_overrides_win_and_wrong_paths_do_not_fall_back ... ok
test toolchain::tests::missing_pin_reports_record_and_search_locations_and_cache_is_supported ... ok

test result: ok. 4 passed; 0 failed; 0 ignored; 0 measured; 0 filtered out; finished in 0.01s
RUN 37 exit=0

running 4 tests
test toolchain::tests::committed_manifest_uses_the_repository_pin ... ok
test toolchain::tests::default_search_is_independent_of_path_version_order ... ok
test toolchain::tests::missing_pin_reports_record_and_search_locations_and_cache_is_supported ... ok
test toolchain::tests::explicit_overrides_win_and_wrong_paths_do_not_fall_back ... ok

test result: ok. 4 passed; 0 failed; 0 ignored; 0 measured; 0 filtered out; finished in 0.01s
RUN 38 exit=0

running 4 tests
test toolchain::tests::committed_manifest_uses_the_repository_pin ... ok
test toolchain::tests::default_search_is_independent_of_path_version_order ... ok
test toolchain::tests::explicit_overrides_win_and_wrong_paths_do_not_fall_back ... ok
test toolchain::tests::missing_pin_reports_record_and_search_locations_and_cache_is_supported ... ok

test result: ok. 4 passed; 0 failed; 0 ignored; 0 measured; 0 filtered out; finished in 0.01s
RUN 39 exit=0

running 4 tests
test toolchain::tests::committed_manifest_uses_the_repository_pin ... ok
test toolchain::tests::default_search_is_independent_of_path_version_order ... ok
test toolchain::tests::explicit_overrides_win_and_wrong_paths_do_not_fall_back ... ok
test toolchain::tests::missing_pin_reports_record_and_search_locations_and_cache_is_supported ... ok

test result: ok. 4 passed; 0 failed; 0 ignored; 0 measured; 0 filtered out; finished in 0.01s
RUN 40 exit=0

running 4 tests
test toolchain::tests::committed_manifest_uses_the_repository_pin ... ok
test toolchain::tests::default_search_is_independent_of_path_version_order ... ok
test toolchain::tests::explicit_overrides_win_and_wrong_paths_do_not_fall_back ... ok
test toolchain::tests::missing_pin_reports_record_and_search_locations_and_cache_is_supported ... ok

test result: ok. 4 passed; 0 failed; 0 ignored; 0 measured; 0 filtered out; finished in 0.01s
RUN 41 exit=0

running 4 tests
test toolchain::tests::committed_manifest_uses_the_repository_pin ... ok
test toolchain::tests::default_search_is_independent_of_path_version_order ... ok
test toolchain::tests::explicit_overrides_win_and_wrong_paths_do_not_fall_back ... ok
test toolchain::tests::missing_pin_reports_record_and_search_locations_and_cache_is_supported ... ok

test result: ok. 4 passed; 0 failed; 0 ignored; 0 measured; 0 filtered out; finished in 0.01s
RUN 42 exit=0

running 4 tests
test toolchain::tests::committed_manifest_uses_the_repository_pin ... ok
test toolchain::tests::default_search_is_independent_of_path_version_order ... ok
test toolchain::tests::explicit_overrides_win_and_wrong_paths_do_not_fall_back ... ok
test toolchain::tests::missing_pin_reports_record_and_search_locations_and_cache_is_supported ... ok

test result: ok. 4 passed; 0 failed; 0 ignored; 0 measured; 0 filtered out; finished in 0.01s
RUN 43 exit=0

running 4 tests
test toolchain::tests::committed_manifest_uses_the_repository_pin ... ok
test toolchain::tests::default_search_is_independent_of_path_version_order ... ok
test toolchain::tests::explicit_overrides_win_and_wrong_paths_do_not_fall_back ... ok
test toolchain::tests::missing_pin_reports_record_and_search_locations_and_cache_is_supported ... ok

test result: ok. 4 passed; 0 failed; 0 ignored; 0 measured; 0 filtered out; finished in 0.01s
RUN 44 exit=0

running 4 tests
test toolchain::tests::committed_manifest_uses_the_repository_pin ... ok
test toolchain::tests::default_search_is_independent_of_path_version_order ... ok
test toolchain::tests::explicit_overrides_win_and_wrong_paths_do_not_fall_back ... ok
test toolchain::tests::missing_pin_reports_record_and_search_locations_and_cache_is_supported ... ok

test result: ok. 4 passed; 0 failed; 0 ignored; 0 measured; 0 filtered out; finished in 0.01s
RUN 45 exit=0

running 4 tests
test toolchain::tests::committed_manifest_uses_the_repository_pin ... ok
test toolchain::tests::default_search_is_independent_of_path_version_order ... ok
test toolchain::tests::explicit_overrides_win_and_wrong_paths_do_not_fall_back ... ok
test toolchain::tests::missing_pin_reports_record_and_search_locations_and_cache_is_supported ... ok

test result: ok. 4 passed; 0 failed; 0 ignored; 0 measured; 0 filtered out; finished in 0.01s
RUN 46 exit=0

running 4 tests
test toolchain::tests::committed_manifest_uses_the_repository_pin ... ok
test toolchain::tests::default_search_is_independent_of_path_version_order ... ok
test toolchain::tests::explicit_overrides_win_and_wrong_paths_do_not_fall_back ... ok
test toolchain::tests::missing_pin_reports_record_and_search_locations_and_cache_is_supported ... ok

test result: ok. 4 passed; 0 failed; 0 ignored; 0 measured; 0 filtered out; finished in 0.01s
RUN 47 exit=0

running 4 tests
test toolchain::tests::committed_manifest_uses_the_repository_pin ... ok
test toolchain::tests::default_search_is_independent_of_path_version_order ... ok
test toolchain::tests::explicit_overrides_win_and_wrong_paths_do_not_fall_back ... ok
test toolchain::tests::missing_pin_reports_record_and_search_locations_and_cache_is_supported ... ok

test result: ok. 4 passed; 0 failed; 0 ignored; 0 measured; 0 filtered out; finished in 0.01s
RUN 48 exit=0

running 4 tests
test toolchain::tests::committed_manifest_uses_the_repository_pin ... ok
test toolchain::tests::default_search_is_independent_of_path_version_order ... ok
test toolchain::tests::explicit_overrides_win_and_wrong_paths_do_not_fall_back ... ok
test toolchain::tests::missing_pin_reports_record_and_search_locations_and_cache_is_supported ... ok

test result: ok. 4 passed; 0 failed; 0 ignored; 0 measured; 0 filtered out; finished in 0.01s
RUN 49 exit=0

running 4 tests
test toolchain::tests::committed_manifest_uses_the_repository_pin ... ok
test toolchain::tests::default_search_is_independent_of_path_version_order ... ok
test toolchain::tests::explicit_overrides_win_and_wrong_paths_do_not_fall_back ... ok
test toolchain::tests::missing_pin_reports_record_and_search_locations_and_cache_is_supported ... ok

test result: ok. 4 passed; 0 failed; 0 ignored; 0 measured; 0 filtered out; finished in 0.01s
RUN 50 exit=0

running 4 tests
test toolchain::tests::committed_manifest_uses_the_repository_pin ... ok
test toolchain::tests::default_search_is_independent_of_path_version_order ... ok
test toolchain::tests::explicit_overrides_win_and_wrong_paths_do_not_fall_back ... ok
test toolchain::tests::missing_pin_reports_record_and_search_locations_and_cache_is_supported ... ok

test result: ok. 4 passed; 0 failed; 0 ignored; 0 measured; 0 filtered out; finished in 0.01s
RUN 51 exit=0

running 4 tests
test toolchain::tests::committed_manifest_uses_the_repository_pin ... ok
test toolchain::tests::default_search_is_independent_of_path_version_order ... ok
test toolchain::tests::explicit_overrides_win_and_wrong_paths_do_not_fall_back ... ok
test toolchain::tests::missing_pin_reports_record_and_search_locations_and_cache_is_supported ... ok

test result: ok. 4 passed; 0 failed; 0 ignored; 0 measured; 0 filtered out; finished in 0.01s
RUN 52 exit=0

running 4 tests
test toolchain::tests::committed_manifest_uses_the_repository_pin ... ok
test toolchain::tests::default_search_is_independent_of_path_version_order ... ok
test toolchain::tests::explicit_overrides_win_and_wrong_paths_do_not_fall_back ... ok
test toolchain::tests::missing_pin_reports_record_and_search_locations_and_cache_is_supported ... ok

test result: ok. 4 passed; 0 failed; 0 ignored; 0 measured; 0 filtered out; finished in 0.01s
RUN 53 exit=0

running 4 tests
test toolchain::tests::committed_manifest_uses_the_repository_pin ... ok
test toolchain::tests::default_search_is_independent_of_path_version_order ... ok
test toolchain::tests::explicit_overrides_win_and_wrong_paths_do_not_fall_back ... ok
test toolchain::tests::missing_pin_reports_record_and_search_locations_and_cache_is_supported ... ok

test result: ok. 4 passed; 0 failed; 0 ignored; 0 measured; 0 filtered out; finished in 0.01s
RUN 54 exit=0

running 4 tests
test toolchain::tests::committed_manifest_uses_the_repository_pin ... ok
test toolchain::tests::default_search_is_independent_of_path_version_order ... ok
test toolchain::tests::explicit_overrides_win_and_wrong_paths_do_not_fall_back ... ok
test toolchain::tests::missing_pin_reports_record_and_search_locations_and_cache_is_supported ... ok

test result: ok. 4 passed; 0 failed; 0 ignored; 0 measured; 0 filtered out; finished in 0.01s
RUN 55 exit=0

running 4 tests
test toolchain::tests::committed_manifest_uses_the_repository_pin ... ok
test toolchain::tests::default_search_is_independent_of_path_version_order ... ok
test toolchain::tests::explicit_overrides_win_and_wrong_paths_do_not_fall_back ... ok
test toolchain::tests::missing_pin_reports_record_and_search_locations_and_cache_is_supported ... ok

test result: ok. 4 passed; 0 failed; 0 ignored; 0 measured; 0 filtered out; finished in 0.01s
RUN 56 exit=0

running 4 tests
test toolchain::tests::committed_manifest_uses_the_repository_pin ... ok
test toolchain::tests::default_search_is_independent_of_path_version_order ... ok
test toolchain::tests::explicit_overrides_win_and_wrong_paths_do_not_fall_back ... ok
test toolchain::tests::missing_pin_reports_record_and_search_locations_and_cache_is_supported ... ok

test result: ok. 4 passed; 0 failed; 0 ignored; 0 measured; 0 filtered out; finished in 0.01s
RUN 57 exit=0

running 4 tests
test toolchain::tests::committed_manifest_uses_the_repository_pin ... ok
test toolchain::tests::default_search_is_independent_of_path_version_order ... ok
test toolchain::tests::explicit_overrides_win_and_wrong_paths_do_not_fall_back ... ok
test toolchain::tests::missing_pin_reports_record_and_search_locations_and_cache_is_supported ... ok

test result: ok. 4 passed; 0 failed; 0 ignored; 0 measured; 0 filtered out; finished in 0.01s
RUN 58 exit=0

running 4 tests
test toolchain::tests::committed_manifest_uses_the_repository_pin ... ok
test toolchain::tests::default_search_is_independent_of_path_version_order ... ok
test toolchain::tests::explicit_overrides_win_and_wrong_paths_do_not_fall_back ... ok
test toolchain::tests::missing_pin_reports_record_and_search_locations_and_cache_is_supported ... ok

test result: ok. 4 passed; 0 failed; 0 ignored; 0 measured; 0 filtered out; finished in 0.01s
RUN 59 exit=0

running 4 tests
test toolchain::tests::committed_manifest_uses_the_repository_pin ... ok
test toolchain::tests::default_search_is_independent_of_path_version_order ... ok
test toolchain::tests::explicit_overrides_win_and_wrong_paths_do_not_fall_back ... ok
test toolchain::tests::missing_pin_reports_record_and_search_locations_and_cache_is_supported ... ok

test result: ok. 4 passed; 0 failed; 0 ignored; 0 measured; 0 filtered out; finished in 0.01s
RUN 60 exit=0

running 4 tests
test toolchain::tests::committed_manifest_uses_the_repository_pin ... ok
test toolchain::tests::default_search_is_independent_of_path_version_order ... ok
test toolchain::tests::explicit_overrides_win_and_wrong_paths_do_not_fall_back ... ok
test toolchain::tests::missing_pin_reports_record_and_search_locations_and_cache_is_supported ... ok

test result: ok. 4 passed; 0 failed; 0 ignored; 0 measured; 0 filtered out; finished in 0.01s
RUN 61 exit=0

running 4 tests
test toolchain::tests::committed_manifest_uses_the_repository_pin ... ok
test toolchain::tests::default_search_is_independent_of_path_version_order ... ok
test toolchain::tests::explicit_overrides_win_and_wrong_paths_do_not_fall_back ... ok
test toolchain::tests::missing_pin_reports_record_and_search_locations_and_cache_is_supported ... ok

test result: ok. 4 passed; 0 failed; 0 ignored; 0 measured; 0 filtered out; finished in 0.01s
RUN 62 exit=0

running 4 tests
test toolchain::tests::committed_manifest_uses_the_repository_pin ... ok
test toolchain::tests::default_search_is_independent_of_path_version_order ... ok
test toolchain::tests::explicit_overrides_win_and_wrong_paths_do_not_fall_back ... ok
test toolchain::tests::missing_pin_reports_record_and_search_locations_and_cache_is_supported ... ok

test result: ok. 4 passed; 0 failed; 0 ignored; 0 measured; 0 filtered out; finished in 0.01s
RUN 63 exit=0

running 4 tests
test toolchain::tests::committed_manifest_uses_the_repository_pin ... ok
test toolchain::tests::default_search_is_independent_of_path_version_order ... ok
test toolchain::tests::explicit_overrides_win_and_wrong_paths_do_not_fall_back ... ok
test toolchain::tests::missing_pin_reports_record_and_search_locations_and_cache_is_supported ... ok

test result: ok. 4 passed; 0 failed; 0 ignored; 0 measured; 0 filtered out; finished in 0.01s
RUN 64 exit=0

running 4 tests
test toolchain::tests::committed_manifest_uses_the_repository_pin ... ok
test toolchain::tests::default_search_is_independent_of_path_version_order ... ok
test toolchain::tests::explicit_overrides_win_and_wrong_paths_do_not_fall_back ... ok
test toolchain::tests::missing_pin_reports_record_and_search_locations_and_cache_is_supported ... ok

test result: ok. 4 passed; 0 failed; 0 ignored; 0 measured; 0 filtered out; finished in 0.01s
RUN 65 exit=0

running 4 tests
test toolchain::tests::committed_manifest_uses_the_repository_pin ... ok
test toolchain::tests::default_search_is_independent_of_path_version_order ... ok
test toolchain::tests::explicit_overrides_win_and_wrong_paths_do_not_fall_back ... ok
test toolchain::tests::missing_pin_reports_record_and_search_locations_and_cache_is_supported ... ok

test result: ok. 4 passed; 0 failed; 0 ignored; 0 measured; 0 filtered out; finished in 0.01s
RUN 66 exit=0

running 4 tests
test toolchain::tests::committed_manifest_uses_the_repository_pin ... ok
test toolchain::tests::default_search_is_independent_of_path_version_order ... ok
test toolchain::tests::explicit_overrides_win_and_wrong_paths_do_not_fall_back ... ok
test toolchain::tests::missing_pin_reports_record_and_search_locations_and_cache_is_supported ... ok

test result: ok. 4 passed; 0 failed; 0 ignored; 0 measured; 0 filtered out; finished in 0.01s
RUN 67 exit=0

running 4 tests
test toolchain::tests::committed_manifest_uses_the_repository_pin ... ok
test toolchain::tests::default_search_is_independent_of_path_version_order ... ok
test toolchain::tests::explicit_overrides_win_and_wrong_paths_do_not_fall_back ... ok
test toolchain::tests::missing_pin_reports_record_and_search_locations_and_cache_is_supported ... ok

test result: ok. 4 passed; 0 failed; 0 ignored; 0 measured; 0 filtered out; finished in 0.01s
RUN 68 exit=0

running 4 tests
test toolchain::tests::committed_manifest_uses_the_repository_pin ... ok
test toolchain::tests::default_search_is_independent_of_path_version_order ... ok
test toolchain::tests::explicit_overrides_win_and_wrong_paths_do_not_fall_back ... ok
test toolchain::tests::missing_pin_reports_record_and_search_locations_and_cache_is_supported ... ok

test result: ok. 4 passed; 0 failed; 0 ignored; 0 measured; 0 filtered out; finished in 0.01s
RUN 69 exit=0

running 4 tests
test toolchain::tests::committed_manifest_uses_the_repository_pin ... ok
test toolchain::tests::default_search_is_independent_of_path_version_order ... ok
test toolchain::tests::explicit_overrides_win_and_wrong_paths_do_not_fall_back ... ok
test toolchain::tests::missing_pin_reports_record_and_search_locations_and_cache_is_supported ... ok

test result: ok. 4 passed; 0 failed; 0 ignored; 0 measured; 0 filtered out; finished in 0.01s
RUN 70 exit=0

running 4 tests
test toolchain::tests::committed_manifest_uses_the_repository_pin ... ok
test toolchain::tests::default_search_is_independent_of_path_version_order ... ok
test toolchain::tests::explicit_overrides_win_and_wrong_paths_do_not_fall_back ... ok
test toolchain::tests::missing_pin_reports_record_and_search_locations_and_cache_is_supported ... ok

test result: ok. 4 passed; 0 failed; 0 ignored; 0 measured; 0 filtered out; finished in 0.01s
RUN 71 exit=0

running 4 tests
test toolchain::tests::committed_manifest_uses_the_repository_pin ... ok
test toolchain::tests::default_search_is_independent_of_path_version_order ... ok
test toolchain::tests::explicit_overrides_win_and_wrong_paths_do_not_fall_back ... ok
test toolchain::tests::missing_pin_reports_record_and_search_locations_and_cache_is_supported ... ok

test result: ok. 4 passed; 0 failed; 0 ignored; 0 measured; 0 filtered out; finished in 0.01s
RUN 72 exit=0

running 4 tests
test toolchain::tests::committed_manifest_uses_the_repository_pin ... ok
test toolchain::tests::default_search_is_independent_of_path_version_order ... ok
test toolchain::tests::explicit_overrides_win_and_wrong_paths_do_not_fall_back ... ok
test toolchain::tests::missing_pin_reports_record_and_search_locations_and_cache_is_supported ... ok

test result: ok. 4 passed; 0 failed; 0 ignored; 0 measured; 0 filtered out; finished in 0.01s
RUN 73 exit=0

running 4 tests
test toolchain::tests::committed_manifest_uses_the_repository_pin ... ok
test toolchain::tests::default_search_is_independent_of_path_version_order ... ok
test toolchain::tests::missing_pin_reports_record_and_search_locations_and_cache_is_supported ... ok
test toolchain::tests::explicit_overrides_win_and_wrong_paths_do_not_fall_back ... ok

test result: ok. 4 passed; 0 failed; 0 ignored; 0 measured; 0 filtered out; finished in 0.01s
RUN 74 exit=0

running 4 tests
test toolchain::tests::committed_manifest_uses_the_repository_pin ... ok
test toolchain::tests::default_search_is_independent_of_path_version_order ... ok
test toolchain::tests::explicit_overrides_win_and_wrong_paths_do_not_fall_back ... ok
test toolchain::tests::missing_pin_reports_record_and_search_locations_and_cache_is_supported ... ok

test result: ok. 4 passed; 0 failed; 0 ignored; 0 measured; 0 filtered out; finished in 0.01s
RUN 75 exit=0

running 4 tests
test toolchain::tests::committed_manifest_uses_the_repository_pin ... ok
test toolchain::tests::default_search_is_independent_of_path_version_order ... ok
test toolchain::tests::explicit_overrides_win_and_wrong_paths_do_not_fall_back ... ok
test toolchain::tests::missing_pin_reports_record_and_search_locations_and_cache_is_supported ... ok

test result: ok. 4 passed; 0 failed; 0 ignored; 0 measured; 0 filtered out; finished in 0.01s
RUN 76 exit=0

running 4 tests
test toolchain::tests::committed_manifest_uses_the_repository_pin ... ok
test toolchain::tests::default_search_is_independent_of_path_version_order ... ok
test toolchain::tests::explicit_overrides_win_and_wrong_paths_do_not_fall_back ... ok
test toolchain::tests::missing_pin_reports_record_and_search_locations_and_cache_is_supported ... ok

test result: ok. 4 passed; 0 failed; 0 ignored; 0 measured; 0 filtered out; finished in 0.01s
RUN 77 exit=0

running 4 tests
test toolchain::tests::committed_manifest_uses_the_repository_pin ... ok
test toolchain::tests::default_search_is_independent_of_path_version_order ... ok
test toolchain::tests::explicit_overrides_win_and_wrong_paths_do_not_fall_back ... ok
test toolchain::tests::missing_pin_reports_record_and_search_locations_and_cache_is_supported ... ok

test result: ok. 4 passed; 0 failed; 0 ignored; 0 measured; 0 filtered out; finished in 0.01s
RUN 78 exit=0

running 4 tests
test toolchain::tests::committed_manifest_uses_the_repository_pin ... ok
test toolchain::tests::default_search_is_independent_of_path_version_order ... ok
test toolchain::tests::explicit_overrides_win_and_wrong_paths_do_not_fall_back ... ok
test toolchain::tests::missing_pin_reports_record_and_search_locations_and_cache_is_supported ... ok

test result: ok. 4 passed; 0 failed; 0 ignored; 0 measured; 0 filtered out; finished in 0.01s
RUN 79 exit=0

running 4 tests
test toolchain::tests::committed_manifest_uses_the_repository_pin ... ok
test toolchain::tests::default_search_is_independent_of_path_version_order ... ok
test toolchain::tests::explicit_overrides_win_and_wrong_paths_do_not_fall_back ... ok
test toolchain::tests::missing_pin_reports_record_and_search_locations_and_cache_is_supported ... ok

test result: ok. 4 passed; 0 failed; 0 ignored; 0 measured; 0 filtered out; finished in 0.01s
RUN 80 exit=0

running 4 tests
test toolchain::tests::committed_manifest_uses_the_repository_pin ... ok
test toolchain::tests::default_search_is_independent_of_path_version_order ... ok
test toolchain::tests::explicit_overrides_win_and_wrong_paths_do_not_fall_back ... ok
test toolchain::tests::missing_pin_reports_record_and_search_locations_and_cache_is_supported ... ok

test result: ok. 4 passed; 0 failed; 0 ignored; 0 measured; 0 filtered out; finished in 0.01s
RUN 81 exit=0

running 4 tests
test toolchain::tests::committed_manifest_uses_the_repository_pin ... ok
test toolchain::tests::default_search_is_independent_of_path_version_order ... ok
test toolchain::tests::explicit_overrides_win_and_wrong_paths_do_not_fall_back ... ok
test toolchain::tests::missing_pin_reports_record_and_search_locations_and_cache_is_supported ... ok

test result: ok. 4 passed; 0 failed; 0 ignored; 0 measured; 0 filtered out; finished in 0.01s
RUN 82 exit=0

running 4 tests
test toolchain::tests::committed_manifest_uses_the_repository_pin ... ok
test toolchain::tests::default_search_is_independent_of_path_version_order ... ok
test toolchain::tests::explicit_overrides_win_and_wrong_paths_do_not_fall_back ... ok
test toolchain::tests::missing_pin_reports_record_and_search_locations_and_cache_is_supported ... ok

test result: ok. 4 passed; 0 failed; 0 ignored; 0 measured; 0 filtered out; finished in 0.01s
RUN 83 exit=0

running 4 tests
test toolchain::tests::committed_manifest_uses_the_repository_pin ... ok
test toolchain::tests::default_search_is_independent_of_path_version_order ... ok
test toolchain::tests::missing_pin_reports_record_and_search_locations_and_cache_is_supported ... ok
test toolchain::tests::explicit_overrides_win_and_wrong_paths_do_not_fall_back ... ok

test result: ok. 4 passed; 0 failed; 0 ignored; 0 measured; 0 filtered out; finished in 0.01s
RUN 84 exit=0

running 4 tests
test toolchain::tests::committed_manifest_uses_the_repository_pin ... ok
test toolchain::tests::default_search_is_independent_of_path_version_order ... ok
test toolchain::tests::explicit_overrides_win_and_wrong_paths_do_not_fall_back ... ok
test toolchain::tests::missing_pin_reports_record_and_search_locations_and_cache_is_supported ... ok

test result: ok. 4 passed; 0 failed; 0 ignored; 0 measured; 0 filtered out; finished in 0.01s
RUN 85 exit=0

running 4 tests
test toolchain::tests::committed_manifest_uses_the_repository_pin ... ok
test toolchain::tests::default_search_is_independent_of_path_version_order ... ok
test toolchain::tests::explicit_overrides_win_and_wrong_paths_do_not_fall_back ... ok
test toolchain::tests::missing_pin_reports_record_and_search_locations_and_cache_is_supported ... ok

test result: ok. 4 passed; 0 failed; 0 ignored; 0 measured; 0 filtered out; finished in 0.01s
RUN 86 exit=0

running 4 tests
test toolchain::tests::committed_manifest_uses_the_repository_pin ... ok
test toolchain::tests::default_search_is_independent_of_path_version_order ... ok
test toolchain::tests::explicit_overrides_win_and_wrong_paths_do_not_fall_back ... ok
test toolchain::tests::missing_pin_reports_record_and_search_locations_and_cache_is_supported ... ok

test result: ok. 4 passed; 0 failed; 0 ignored; 0 measured; 0 filtered out; finished in 0.01s
RUN 87 exit=0

running 4 tests
test toolchain::tests::committed_manifest_uses_the_repository_pin ... ok
test toolchain::tests::default_search_is_independent_of_path_version_order ... ok
test toolchain::tests::missing_pin_reports_record_and_search_locations_and_cache_is_supported ... ok
test toolchain::tests::explicit_overrides_win_and_wrong_paths_do_not_fall_back ... ok

test result: ok. 4 passed; 0 failed; 0 ignored; 0 measured; 0 filtered out; finished in 0.01s
RUN 88 exit=0

running 4 tests
test toolchain::tests::committed_manifest_uses_the_repository_pin ... ok
test toolchain::tests::default_search_is_independent_of_path_version_order ... ok
test toolchain::tests::explicit_overrides_win_and_wrong_paths_do_not_fall_back ... ok
test toolchain::tests::missing_pin_reports_record_and_search_locations_and_cache_is_supported ... ok

test result: ok. 4 passed; 0 failed; 0 ignored; 0 measured; 0 filtered out; finished in 0.01s
RUN 89 exit=0

running 4 tests
test toolchain::tests::committed_manifest_uses_the_repository_pin ... ok
test toolchain::tests::default_search_is_independent_of_path_version_order ... ok
test toolchain::tests::explicit_overrides_win_and_wrong_paths_do_not_fall_back ... ok
test toolchain::tests::missing_pin_reports_record_and_search_locations_and_cache_is_supported ... ok

test result: ok. 4 passed; 0 failed; 0 ignored; 0 measured; 0 filtered out; finished in 0.01s
RUN 90 exit=0

running 4 tests
test toolchain::tests::committed_manifest_uses_the_repository_pin ... ok
test toolchain::tests::default_search_is_independent_of_path_version_order ... ok
test toolchain::tests::explicit_overrides_win_and_wrong_paths_do_not_fall_back ... ok
test toolchain::tests::missing_pin_reports_record_and_search_locations_and_cache_is_supported ... ok

test result: ok. 4 passed; 0 failed; 0 ignored; 0 measured; 0 filtered out; finished in 0.01s
RUN 91 exit=0

running 4 tests
test toolchain::tests::committed_manifest_uses_the_repository_pin ... ok
test toolchain::tests::default_search_is_independent_of_path_version_order ... ok
test toolchain::tests::explicit_overrides_win_and_wrong_paths_do_not_fall_back ... ok
test toolchain::tests::missing_pin_reports_record_and_search_locations_and_cache_is_supported ... ok

test result: ok. 4 passed; 0 failed; 0 ignored; 0 measured; 0 filtered out; finished in 0.01s
RUN 92 exit=0

running 4 tests
test toolchain::tests::committed_manifest_uses_the_repository_pin ... ok
test toolchain::tests::default_search_is_independent_of_path_version_order ... ok
test toolchain::tests::missing_pin_reports_record_and_search_locations_and_cache_is_supported ... ok
test toolchain::tests::explicit_overrides_win_and_wrong_paths_do_not_fall_back ... ok

test result: ok. 4 passed; 0 failed; 0 ignored; 0 measured; 0 filtered out; finished in 0.01s
RUN 93 exit=0

running 4 tests
test toolchain::tests::committed_manifest_uses_the_repository_pin ... ok
test toolchain::tests::default_search_is_independent_of_path_version_order ... ok
test toolchain::tests::missing_pin_reports_record_and_search_locations_and_cache_is_supported ... ok
test toolchain::tests::explicit_overrides_win_and_wrong_paths_do_not_fall_back ... ok

test result: ok. 4 passed; 0 failed; 0 ignored; 0 measured; 0 filtered out; finished in 0.01s
RUN 94 exit=0

running 4 tests
test toolchain::tests::committed_manifest_uses_the_repository_pin ... ok
test toolchain::tests::default_search_is_independent_of_path_version_order ... ok
test toolchain::tests::explicit_overrides_win_and_wrong_paths_do_not_fall_back ... ok
test toolchain::tests::missing_pin_reports_record_and_search_locations_and_cache_is_supported ... ok

test result: ok. 4 passed; 0 failed; 0 ignored; 0 measured; 0 filtered out; finished in 0.01s
RUN 95 exit=0

running 4 tests
test toolchain::tests::committed_manifest_uses_the_repository_pin ... ok
test toolchain::tests::default_search_is_independent_of_path_version_order ... ok
test toolchain::tests::explicit_overrides_win_and_wrong_paths_do_not_fall_back ... ok
test toolchain::tests::missing_pin_reports_record_and_search_locations_and_cache_is_supported ... ok

test result: ok. 4 passed; 0 failed; 0 ignored; 0 measured; 0 filtered out; finished in 0.01s
RUN 96 exit=0

running 4 tests
test toolchain::tests::committed_manifest_uses_the_repository_pin ... ok
test toolchain::tests::default_search_is_independent_of_path_version_order ... ok
test toolchain::tests::explicit_overrides_win_and_wrong_paths_do_not_fall_back ... ok
test toolchain::tests::missing_pin_reports_record_and_search_locations_and_cache_is_supported ... ok

test result: ok. 4 passed; 0 failed; 0 ignored; 0 measured; 0 filtered out; finished in 0.01s
RUN 97 exit=0

running 4 tests
test toolchain::tests::committed_manifest_uses_the_repository_pin ... ok
test toolchain::tests::default_search_is_independent_of_path_version_order ... ok
test toolchain::tests::explicit_overrides_win_and_wrong_paths_do_not_fall_back ... ok
test toolchain::tests::missing_pin_reports_record_and_search_locations_and_cache_is_supported ... ok

test result: ok. 4 passed; 0 failed; 0 ignored; 0 measured; 0 filtered out; finished in 0.01s
RUN 98 exit=0

running 4 tests
test toolchain::tests::committed_manifest_uses_the_repository_pin ... ok
test toolchain::tests::default_search_is_independent_of_path_version_order ... ok
test toolchain::tests::explicit_overrides_win_and_wrong_paths_do_not_fall_back ... ok
test toolchain::tests::missing_pin_reports_record_and_search_locations_and_cache_is_supported ... ok

test result: ok. 4 passed; 0 failed; 0 ignored; 0 measured; 0 filtered out; finished in 0.01s
RUN 99 exit=0

running 4 tests
test toolchain::tests::committed_manifest_uses_the_repository_pin ... ok
test toolchain::tests::default_search_is_independent_of_path_version_order ... ok
test toolchain::tests::explicit_overrides_win_and_wrong_paths_do_not_fall_back ... ok
test toolchain::tests::missing_pin_reports_record_and_search_locations_and_cache_is_supported ... ok

test result: ok. 4 passed; 0 failed; 0 ignored; 0 measured; 0 filtered out; finished in 0.01s
RUN 100 exit=0

running 4 tests
test toolchain::tests::committed_manifest_uses_the_repository_pin ... ok
test toolchain::tests::default_search_is_independent_of_path_version_order ... ok
test toolchain::tests::explicit_overrides_win_and_wrong_paths_do_not_fall_back ... ok
test toolchain::tests::missing_pin_reports_record_and_search_locations_and_cache_is_supported ... ok

test result: ok. 4 passed; 0 failed; 0 ignored; 0 measured; 0 filtered out; finished in 0.01s
