[INFO] [en] Creating an optimized production build...
[webpackbar] ℹ Compiling Client
[webpackbar] ℹ Compiling Server
[webpackbar] ✔ Server: Compiled successfully in 5.46s
[webpackbar] ✔ Client: Compiled successfully in 6.01s
[WARNING] {"message":"assets/css/styles.eb420fed.css from Css Minimizer plugin\nMissing font size at assets/css/styles.eb420fed.css:25:43534. Ignoring.","compilerPath":"client"}
[WARNING] {"message":"assets/css/styles.eb420fed.css from Css Minimizer plugin\nMissing font size at assets/css/styles.eb420fed.css:25:45259. Ignoring.","compilerPath":"client"}
[WARNING] {"message":"assets/css/styles.eb420fed.css from Css Minimizer plugin\nMissing font size at assets/css/styles.eb420fed.css:25:74889. Ignoring.","compilerPath":"client"}
[WARNING] {"message":"assets/css/styles.eb420fed.css from Css Minimizer plugin\nMissing font size at assets/css/styles.eb420fed.css:25:80835. Ignoring.","compilerPath":"client"}
website: 331 public files checked; no private path markers

Running Pagefind v1.5.2 (Extended)
Running from: "/home/timo/beyond10x/connectors_v2/website"
Source:       "build"
Output:       "build/pagefind"

[Walking source directory]
Found 118 files matching **/*.{html}

[Parsing files]
Found a data-pagefind-body element on the site.
↳ Ignoring pages without this tag.

[Reading languages]
Discovered 1 language: en

[Building search indexes]
Total: 
  Indexed 1 language
  Indexed 116 pages
  Indexed 7479 words
  Indexed 3 filters
  Indexed 0 sorts

Finished in 0.156 seconds
website: 474 public files checked; no private path markers
website: local full-text search indexed and preview refreshed
[SUCCESS] Generated static files in "build".
[INFO] Use `npm run serve` command to test your build locally.
