    Finished `dev` profile [unoptimized + debuginfo] target(s) in 0.18s
     Running `target/debug/connectors-build gate --msrv`
gate: shared ESS provider vocabulary and source ownership hold; exit=0
connectors v1 — 14 file(s), valid
connectors v1 — 14 file(s), 218 declaration(s), compiled to /home/timo/.local/state/worktree/trees/b10x/connectors_v2/specs-integration-20260909/.local/tmp/gate-AWaiaK/ess-boundary-0.json
connectors_atlassian v1 — 2 file(s), valid
connectors_atlassian v1 — 2 file(s), 4 declaration(s), compiled to /home/timo/.local/state/worktree/trees/b10x/connectors_v2/specs-integration-20260909/.local/tmp/gate-AWaiaK/ess-boundary-1.json
connectors_docker v1 — 2 file(s), valid
connectors_docker v1 — 2 file(s), 3 declaration(s), compiled to /home/timo/.local/state/worktree/trees/b10x/connectors_v2/specs-integration-20260909/.local/tmp/gate-AWaiaK/ess-boundary-2.json
connectors_grafana v1 — 2 file(s), valid
connectors_grafana v1 — 2 file(s), 4 declaration(s), compiled to /home/timo/.local/state/worktree/trees/b10x/connectors_v2/specs-integration-20260909/.local/tmp/gate-AWaiaK/ess-boundary-3.json
connectors_kubernetes v1 — 4 file(s), valid
connectors_kubernetes v1 — 4 file(s), 11 declaration(s), compiled to /home/timo/.local/state/worktree/trees/b10x/connectors_v2/specs-integration-20260909/.local/tmp/gate-AWaiaK/ess-boundary-4.json
connectors_loki v1 — 2 file(s), valid
connectors_loki v1 — 2 file(s), 4 declaration(s), compiled to /home/timo/.local/state/worktree/trees/b10x/connectors_v2/specs-integration-20260909/.local/tmp/gate-AWaiaK/ess-boundary-5.json
gate: shared and 5 adapter ESS models validated and compiled independently; exit=0
gate: ["fmt", "--all", "--", "--check"]
gate: exit=exit status: 0 ["fmt", "--all", "--", "--check"]
gate: gitlab descriptor matches; exit=0
gate: kubernetes descriptor matches; exit=0
gate: sql descriptor matches; exit=0
gate: ["build", "--workspace", "--locked", "--offline"]
   Compiling typenum v1.20.1
   Compiling rand_core v0.10.1
   Compiling getrandom v0.4.3
   Compiling futures-util v0.3.34
   Compiling ring v0.17.14
   Compiling generic-array v0.14.7
   Compiling futures-channel v0.3.34
   Compiling rustls v0.23.44
   Compiling crypto-common v0.1.7
   Compiling block-buffer v0.10.4
   Compiling rustls-webpki v0.103.15
   Compiling hyper v1.11.1
   Compiling digest v0.10.7
   Compiling hyper-util v0.1.20
   Compiling tokio-rustls v0.26.5
   Compiling tower v0.5.3
   Compiling uuid v1.26.0
   Compiling tokio-util v0.7.19
   Compiling sha2 v0.10.9
   Compiling connectors-core v0.1.0 (/home/timo/.local/state/worktree/trees/b10x/connectors_v2/specs-integration-20260909/crates/connectors-core)
   Compiling uuid-simd v0.8.0
   Compiling hyper-rustls v0.27.9
   Compiling tower-http v0.6.11
   Compiling jsonschema v0.33.0
   Compiling reqwest v0.12.28
   Compiling hmac v0.12.1
   Compiling axum v0.8.9
   Compiling connectors-sdk v0.1.0 (/home/timo/.local/state/worktree/trees/b10x/connectors_v2/specs-integration-20260909/crates/connectors-sdk)
   Compiling connectors-client v0.1.0 (/home/timo/.local/state/worktree/trees/b10x/connectors_v2/specs-integration-20260909/crates/connectors-client)
   Compiling hybrid-array v0.4.14
   Compiling cmov v0.5.4
   Compiling ctutils v0.4.2
   Compiling crypto-common v0.2.2
   Compiling block-buffer v0.12.1
   Compiling const-oid v0.10.2
   Compiling digest v0.11.3
   Compiling cpufeatures v0.3.1
   Compiling tinyvec_macros v0.1.1
   Compiling tinyvec v1.13.2
   Compiling unicode-normalization v0.1.25
   Compiling chacha20 v0.10.2
   Compiling unicode-bidi v0.3.18
   Compiling unicode-properties v0.1.4
   Compiling stringprep v0.1.5
   Compiling rand v0.10.2
   Compiling sha2 v0.11.0
   Compiling md-5 v0.11.0
   Compiling hmac v0.13.0
   Compiling der_derive v0.7.3
   Compiling siphasher v1.0.3
   Compiling const-oid v0.9.6
   Compiling connectors-host v0.1.0 (/home/timo/.local/state/worktree/trees/b10x/connectors_v2/specs-integration-20260909/crates/connectors-host)
   Compiling byteorder v1.5.0
   Compiling flagset v0.4.7
   Compiling fallible-iterator v0.2.0
   Compiling postgres-protocol v0.6.12
   Compiling der v0.7.10
   Compiling phf_shared v0.13.1
   Compiling phf v0.13.1
   Compiling spki v0.7.3
   Compiling postgres-types v0.2.14
   Compiling whoami v2.1.3
   Compiling tempfile v3.27.0
   Compiling tokio-postgres v0.7.18
   Compiling x509-cert v0.2.5
   Compiling connectors-spec v0.1.0 (/home/timo/.local/state/worktree/trees/b10x/connectors_v2/specs-integration-20260909/crates/connectors-spec)
   Compiling gitlab-types v1.0.0 (/home/timo/.local/state/worktree/trees/b10x/connectors_v2/specs-integration-20260909/adapters/gitlab/generated/rust/crates/gitlab-types)
   Compiling connectors-gitlab v0.1.0 (/home/timo/.local/state/worktree/trees/b10x/connectors_v2/specs-integration-20260909/adapters/gitlab)
   Compiling tokio-postgres-rustls v0.14.0
   Compiling connectors-kubernetes v0.1.0 (/home/timo/.local/state/worktree/trees/b10x/connectors_v2/specs-integration-20260909/adapters/kubernetes)
   Compiling connectors-sql v0.1.0 (/home/timo/.local/state/worktree/trees/b10x/connectors_v2/specs-integration-20260909/adapters/sql)
   Compiling connectors-build v0.1.0 (/home/timo/.local/state/worktree/trees/b10x/connectors_v2/specs-integration-20260909/crates/connectors-build)
   Compiling connectors v0.1.0 (/home/timo/.local/state/worktree/trees/b10x/connectors_v2/specs-integration-20260909/apps/connectors)
   Compiling connectors-conformance v0.1.0 (/home/timo/.local/state/worktree/trees/b10x/connectors_v2/specs-integration-20260909/crates/connectors-conformance)
    Finished `dev` profile [unoptimized + debuginfo] target(s) in 11.52s
gate: exit=exit status: 0 ["build", "--workspace", "--locked", "--offline"]
gate: ["test", "--workspace", "--locked", "--offline"]
   Compiling proc-macro2 v1.0.107
   Compiling unicode-ident v1.0.24
   Compiling quote v1.0.47
   Compiling libc v0.2.189
   Compiling syn v3.0.5
   Compiling syn v2.0.119
   Compiling cfg-if v1.0.4
   Compiling serde_core v1.0.229
   Compiling itoa v1.0.18
   Compiling memchr v2.8.3
   Compiling typenum v1.20.1
   Compiling serde v1.0.229
   Compiling serde_derive v1.0.229
   Compiling synstructure v0.13.2
   Compiling once_cell v1.21.4
   Compiling zmij v1.0.23
   Compiling zerofrom-derive v0.1.7
   Compiling smallvec v1.16.0
   Compiling version_check v0.9.5
   Compiling serde_json v1.0.151
   Compiling zerofrom v0.1.8
   Compiling yoke-derive v0.8.2
   Compiling stable_deref_trait v1.2.1
   Compiling yoke v0.8.3
   Compiling zerovec-derive v0.11.6
   Compiling bytes v1.12.1
   Compiling zerovec v0.11.8
   Compiling displaydoc v0.2.7
   Compiling pin-project-lite v0.2.17
   Compiling percent-encoding v2.3.2
   Compiling subtle v2.6.1
   Compiling generic-array v0.14.7
   Compiling rand_core v0.10.1
   Compiling futures-core v0.3.34
   Compiling getrandom v0.4.3
   Compiling tinystr v0.8.4
   Compiling litemap v0.8.3
   Compiling writeable v0.6.4
   Compiling icu_locale_core v2.3.0
   Compiling zerotrie v0.2.5
   Compiling potential_utf v0.1.6
   Compiling errno v0.3.14
   Compiling icu_normalizer_data v2.3.0
   Compiling utf8_iter v1.0.4
   Compiling icu_properties_data v2.3.0
   Compiling base64 v0.22.1
   Compiling icu_collections v2.3.0
   Compiling signal-hook-registry v1.4.8
   Compiling icu_provider v2.3.1
   Compiling tokio-macros v2.7.2
   Compiling socket2 v0.6.5
   Compiling mio v1.2.3
   Compiling autocfg v1.5.1
   Compiling find-msvc-tools v0.1.12
   Compiling shlex v2.0.1
   Compiling futures-sink v0.3.34
   Compiling log v0.4.34
   Compiling cc v1.4.5
   Compiling num-traits v0.2.19
   Compiling tokio v1.53.1
   Compiling block-buffer v0.10.4
   Compiling crypto-common v0.1.7
   Compiling digest v0.10.7
   Compiling icu_properties v2.3.0
   Compiling icu_normalizer v2.3.0
   Compiling ring v0.17.14
   Compiling tracing-core v0.1.36
   Compiling thiserror v2.0.20
   Compiling idna_adapter v1.2.2
   Compiling http v1.5.0
   Compiling tracing-attributes v0.1.31
   Compiling futures-macro v0.3.34
   Compiling thiserror-impl v2.0.20
   Compiling cpufeatures v0.2.17
   Compiling zeroize v1.9.0
   Compiling futures-task v0.3.34
   Compiling slab v0.4.12
   Compiling futures-util v0.3.34
   Compiling rustls-pki-types v1.15.1
   Compiling sha2 v0.10.9
   Compiling tracing v0.1.44
   Compiling http-body v1.1.0
   Compiling idna v1.1.0
   Compiling getrandom v0.2.17
   Compiling parking_lot_core v0.9.12
   Compiling hex v0.4.3
   Compiling untrusted v0.9.0
   Compiling num-integer v0.1.47
   Compiling futures-channel v0.3.34
   Compiling aho-corasick v1.1.5
   Compiling regex-syntax v0.8.11
   Compiling httparse v1.10.1
   Compiling ref-cast v1.0.27
   Compiling tower-service v0.3.3
   Compiling scopeguard v1.2.0
   Compiling regex-automata v0.4.18
   Compiling lock_api v0.4.14
   Compiling connectors-core v0.1.0 (/home/timo/.local/state/worktree/trees/b10x/connectors_v2/specs-integration-20260909/crates/connectors-core)
   Compiling uuid v1.26.0
   Compiling ref-cast-impl v1.0.27
   Compiling zerocopy v0.8.56
   Compiling getrandom v0.3.4
   Compiling rustls v0.23.44
   Compiling try-lock v0.2.5
   Compiling want v0.3.1
   Compiling parking_lot v0.12.5
   Compiling rustls-webpki v0.103.15
   Compiling num-bigint v0.4.8
   Compiling sync_wrapper v1.0.2
   Compiling form_urlencoded v1.2.2
   Compiling ahash v0.8.12
   Compiling tower-layer v0.3.3
   Compiling lazy_static v1.5.0
   Compiling httpdate v1.0.3
   Compiling atomic-waker v1.1.2
   Compiling num-rational v0.4.2
   Compiling hyper v1.11.1
   Compiling num-iter v0.1.46
   Compiling num-complex v0.4.6
   Compiling bit-vec v0.8.0
   Compiling ipnet v2.12.2
   Compiling bitflags v2.13.1
   Compiling borrow-or-share v0.2.4
   Compiling ryu v1.0.23
   Compiling fluent-uri v0.3.2
   Compiling hyper-util v0.1.20
   Compiling bit-set v0.8.0
   Compiling num v0.4.3
   Compiling tokio-rustls v0.26.5
   Compiling tower v0.5.3
   Compiling http-body-util v0.1.5
   Compiling tokio-util v0.7.19
   Compiling async-trait v0.1.92
   Compiling vsimd v0.8.0
   Compiling outref v0.5.2
   Compiling referencing v0.33.0
   Compiling uuid-simd v0.8.0
   Compiling fraction v0.15.4
   Compiling fancy-regex v0.16.2
   Compiling serde_urlencoded v0.7.1
   Compiling url v2.5.8
   Compiling regex v1.13.1
   Compiling webpki-roots v1.0.9
   Compiling connectors-contracts v0.1.0 (/home/timo/.local/state/worktree/trees/b10x/connectors_v2/specs-integration-20260909/crates/connectors-contracts)
   Compiling email_address v0.2.9
   Compiling num-cmp v0.1.0
   Compiling bytecount v0.6.9
   Compiling tower-http v0.6.11
   Compiling jsonschema v0.33.0
   Compiling hyper-rustls v0.27.9
   Compiling hmac v0.12.1
   Compiling reqwest v0.12.28
   Compiling connectors-sdk v0.1.0 (/home/timo/.local/state/worktree/trees/b10x/connectors_v2/specs-integration-20260909/crates/connectors-sdk)
   Compiling serde_derive_internals v0.30.0
   Compiling hashbrown v0.17.1
   Compiling mime v0.3.17
   Compiling equivalent v1.0.2
   Compiling axum-core v0.5.6
   Compiling indexmap v2.14.2
   Compiling schemars_derive v1.2.2
   Compiling connectors-client v0.1.0 (/home/timo/.local/state/worktree/trees/b10x/connectors_v2/specs-integration-20260909/crates/connectors-client)
   Compiling sharded-slab v0.1.7
   Compiling matchers v0.2.0
   Compiling tracing-log v0.2.0
   Compiling serde_path_to_error v0.1.20
   Compiling thread_local v1.1.10
   Compiling matchit v0.8.4
   Compiling unsafe-libyaml v0.2.11
   Compiling dyn-clone v1.0.20
   Compiling nu-ansi-term v0.50.3
   Compiling serde_yaml_ng v0.10.0
   Compiling tracing-subscriber v0.3.23
   Compiling schemars v1.2.2
   Compiling axum v0.8.9
   Compiling utf8parse v0.2.2
   Compiling anstyle-parse v1.0.0
   Compiling anstyle-query v1.1.5
   Compiling anstyle v1.0.14
   Compiling is_terminal_polyfill v1.70.2
   Compiling colorchoice v1.0.5
   Compiling anstream v1.0.0
   Compiling strsim v0.11.1
   Compiling heck v0.5.0
   Compiling clap_lex v1.1.0
   Compiling clap_builder v4.6.6
   Compiling clap_derive v4.6.4
   Compiling clap v4.6.6
   Compiling rustix v1.1.4
   Compiling linux-raw-sys v0.12.1
   Compiling fastrand v2.5.0
   Compiling tempfile v3.27.0
   Compiling hybrid-array v0.4.14
   Compiling cmov v0.5.4
   Compiling connectors-host v0.1.0 (/home/timo/.local/state/worktree/trees/b10x/connectors_v2/specs-integration-20260909/crates/connectors-host)
   Compiling ctutils v0.4.2
   Compiling block-buffer v0.12.1
   Compiling crypto-common v0.2.2
   Compiling const-oid v0.10.2
   Compiling digest v0.11.3
   Compiling cpufeatures v0.3.1
   Compiling tinyvec_macros v0.1.1
   Compiling tinyvec v1.13.2
   Compiling unicode-normalization v0.1.25
   Compiling chacha20 v0.10.2
   Compiling unicode-bidi v0.3.18
   Compiling time-core v0.1.9
   Compiling num-conv v0.2.2
   Compiling deranged v0.5.8
   Compiling unicode-properties v0.1.4
   Compiling powerfmt v0.2.0
   Compiling time v0.3.55
   Compiling stringprep v0.1.5
   Compiling rand v0.10.2
   Compiling sha2 v0.11.0
   Compiling md-5 v0.11.0
   Compiling hmac v0.13.0
   Compiling der_derive v0.7.3
   Compiling fallible-iterator v0.2.0
   Compiling const-oid v0.9.6
   Compiling flagset v0.4.7
   Compiling byteorder v1.5.0
   Compiling siphasher v1.0.3
   Compiling base64 v0.23.1
   Compiling phf_shared v0.13.1
   Compiling pem v4.0.0
   Compiling postgres-protocol v0.6.12
   Compiling der v0.7.10
   Compiling yasna v0.6.0
   Compiling rcgen v0.14.10
   Compiling spki v0.7.3
   Compiling postgres-types v0.2.14
   Compiling phf v0.13.1
   Compiling whoami v2.1.3
   Compiling x509-cert v0.2.5
   Compiling gitlab-types v1.0.0 (/home/timo/.local/state/worktree/trees/b10x/connectors_v2/specs-integration-20260909/adapters/gitlab/generated/rust/crates/gitlab-types)
   Compiling tokio-postgres v0.7.18
   Compiling connectors-spec v0.1.0 (/home/timo/.local/state/worktree/trees/b10x/connectors_v2/specs-integration-20260909/crates/connectors-spec)
   Compiling connectors-gitlab v0.1.0 (/home/timo/.local/state/worktree/trees/b10x/connectors_v2/specs-integration-20260909/adapters/gitlab)
   Compiling connectors-kubernetes v0.1.0 (/home/timo/.local/state/worktree/trees/b10x/connectors_v2/specs-integration-20260909/adapters/kubernetes)
   Compiling tokio-postgres-rustls v0.14.0
   Compiling connectors-sql v0.1.0 (/home/timo/.local/state/worktree/trees/b10x/connectors_v2/specs-integration-20260909/adapters/sql)
   Compiling connectors-build v0.1.0 (/home/timo/.local/state/worktree/trees/b10x/connectors_v2/specs-integration-20260909/crates/connectors-build)
   Compiling connectors v0.1.0 (/home/timo/.local/state/worktree/trees/b10x/connectors_v2/specs-integration-20260909/apps/connectors)
   Compiling connectors-conformance v0.1.0 (/home/timo/.local/state/worktree/trees/b10x/connectors_v2/specs-integration-20260909/crates/connectors-conformance)
    Finished `test` profile [unoptimized] target(s) in 28.83s
     Running unittests src/main.rs (target/debug/deps/connectors-cfbaef0c91ef9e1a)

running 0 tests

test result: ok. 0 passed; 0 failed; 0 ignored; 0 measured; 0 filtered out; finished in 0.00s

     Running tests/input.rs (target/debug/deps/input-2851b3af1a837d9b)

running 1 test
test duplicate_input_keys_are_refused_before_service_contact ... ok

test result: ok. 1 passed; 0 failed; 0 ignored; 0 measured; 0 filtered out; finished in 0.04s

     Running unittests src/main.rs (target/debug/deps/connectors_build-f253fd3d36433ce6)

running 8 tests
test ess_boundary::tests::matches_case_and_separator_variants_without_substring_false_positives ... ok
test ess_boundary::tests::allows_shared_protocols_and_separate_provider_models ... ok
test ess_boundary::tests::protocol_adapter_does_not_ban_shared_protocol_or_suppress_native_leaks ... ok
test ess_boundary::tests::refuses_linked_source_files_and_directories ... ok
test ess_boundary::tests::rejects_malformed_optional_alias_inputs_and_model_sources ... ok
test ess_boundary::tests::discovers_design_only_and_spec_only_owners_without_runtime_declarations ... ok
test ess_boundary::tests::checks_all_paths_and_requires_complete_local_domain_inventory ... ok
test ess_boundary::tests::rejects_names_comments_fields_encoded_values_and_new_adapter_ids ... ok

test result: ok. 8 passed; 0 failed; 0 ignored; 0 measured; 0 filtered out; finished in 0.02s

     Running unittests src/lib.rs (target/debug/deps/connectors_client-f54e7f0c3b1dc956)

running 0 tests

test result: ok. 0 passed; 0 failed; 0 ignored; 0 measured; 0 filtered out; finished in 0.00s

     Running unittests src/main.rs (target/debug/deps/connectors_conformance-b7623f9db11799b0)

running 0 tests

test result: ok. 0 passed; 0 failed; 0 ignored; 0 measured; 0 filtered out; finished in 0.00s

     Running unittests src/lib.rs (target/debug/deps/connectors_contracts-3f7d74457960be3c)

running 0 tests

test result: ok. 0 passed; 0 failed; 0 ignored; 0 measured; 0 filtered out; finished in 0.00s

     Running unittests src/lib.rs (target/debug/deps/connectors_core-1124beec67631947)

running 0 tests

test result: ok. 0 passed; 0 failed; 0 ignored; 0 measured; 0 filtered out; finished in 0.00s

     Running tests/wire.rs (target/debug/deps/wire-98d8c392a2070060)

running 4 tests
test canonicalization_is_recursive_and_order_independent ... ok
test contradictory_response_payloads_are_refused ... ok
test duplicate_keys_are_refused_at_every_depth ... ok
test response_roundtrips_success_and_error ... ok

test result: ok. 4 passed; 0 failed; 0 ignored; 0 measured; 0 filtered out; finished in 0.00s

     Running unittests src/lib.rs (target/debug/deps/connectors_gitlab-eec9de4099714785)

running 0 tests

test result: ok. 0 passed; 0 failed; 0 ignored; 0 measured; 0 filtered out; finished in 0.00s

     Running unittests src/main.rs (target/debug/deps/connectors_gitlab-9108d57c610a8bb6)

running 0 tests

test result: ok. 0 passed; 0 failed; 0 ignored; 0 measured; 0 filtered out; finished in 0.00s

     Running tests/obligations.rs (target/debug/deps/obligations-1e0844c521f11a7d)

running 4 tests
test generated_file_mapping_passes_unencoded_segments_to_the_scoped_transport ... ok
test generated_dispatch_rejects_invalid_inputs_before_transport ... ok
test empty_pages_with_continuation_and_full_pages_without_headers_are_partial ... ok
test response_failures_and_nonadvancing_pagination_remain_explicit ... ok

test result: ok. 4 passed; 0 failed; 0 ignored; 0 measured; 0 filtered out; finished in 0.22s

     Running tests/provider.rs (target/debug/deps/provider-ca8afbdd454ab8af)

running 1 test
test project_issue_pagination_and_file_reads_use_scoped_auth_over_http ... ok

test result: ok. 1 passed; 0 failed; 0 ignored; 0 measured; 0 filtered out; finished in 0.25s

     Running unittests src/lib.rs (target/debug/deps/connectors_host-bae17e4a737b5d51)

running 3 tests
test server::tests::service_deadline_cancels_the_adapter_and_releases_capacity ... ok
test server::tests::thirty_two_inflight_calls_refuse_the_next_until_one_is_dropped ... ok
test server::tests::oversized_adapter_result_is_refused_after_schema_validation ... ok

test result: ok. 3 passed; 0 failed; 0 ignored; 0 measured; 0 filtered out; finished in 0.16s

     Running tests/http.rs (target/debug/deps/http-448b85b971ef999d)

running 3 tests
test upstream_redirects_cannot_exfiltrate_bound_credentials ... ok
test error_bodies_are_not_exposed_and_large_responses_are_bounded ... ok
test custom_ca_accepts_its_endpoint_and_refuses_other_roots ... ok

test result: ok. 3 passed; 0 failed; 0 ignored; 0 measured; 0 filtered out; finished in 0.03s

     Running tests/service.rs (target/debug/deps/service-c14e934d6f91a10f)

running 7 tests
test credential_stores_are_substitutable_and_file_permissions_are_enforced ... ok
test invalid_identifiers_cannot_inject_log_lines_or_terminal_controls ... ok
test configuration_yaml_and_json_remain_strict ... ok
test environment_credentials_apply_the_same_value_bounds_as_files ... ok
test wire_admission_and_freshness_refuse_before_dispatch ... ok
test federation_refreshes_atomically_without_replaying_and_rotates_credentials ... ok
test federation_preserves_result_and_reports_downstream_failure ... ok

test result: ok. 7 passed; 0 failed; 0 ignored; 0 measured; 0 filtered out; finished in 0.18s

     Running unittests src/lib.rs (target/debug/deps/connectors_kubernetes-670b4a49696a9f11)

running 0 tests

test result: ok. 0 passed; 0 failed; 0 ignored; 0 measured; 0 filtered out; finished in 0.00s

     Running unittests src/main.rs (target/debug/deps/connectors_kubernetes-2d3b91e1ab58b84b)

running 0 tests

test result: ok. 0 passed; 0 failed; 0 ignored; 0 measured; 0 filtered out; finished in 0.00s

     Running tests/provider.rs (target/debug/deps/provider-a5043ce77240c86a)

running 3 tests
test disabled_host_discovery_is_not_advertised_or_dispatched ... ok
test endpoint_cross_product_is_bounded_even_for_one_source_slice ... ok
test discovery_is_attributed_paged_and_does_not_activate_observed_endpoints ... ok

test result: ok. 3 passed; 0 failed; 0 ignored; 0 measured; 0 filtered out; finished in 0.29s

     Running unittests src/lib.rs (target/debug/deps/connectors_sdk-79c1a0b8d3ba734d)

running 0 tests

test result: ok. 0 passed; 0 failed; 0 ignored; 0 measured; 0 filtered out; finished in 0.00s

     Running tests/cursor.rs (target/debug/deps/cursor-8334e62a8dc883b3)

running 1 test
test cursors_cannot_be_rebound_forged_or_reused_after_restart ... ok

test result: ok. 1 passed; 0 failed; 0 ignored; 0 measured; 0 filtered out; finished in 0.00s

     Running unittests src/lib.rs (target/debug/deps/connectors_spec-f1d686e5188a40d1)

running 4 tests
test toolchain::tests::committed_manifest_uses_the_repository_pin ... ok
test toolchain::tests::default_search_is_independent_of_path_version_order ... ok
test toolchain::tests::missing_pin_reports_record_and_search_locations_and_cache_is_supported ... ok
test toolchain::tests::explicit_overrides_win_and_wrong_paths_do_not_fall_back ... ok

test result: ok. 4 passed; 0 failed; 0 ignored; 0 measured; 0 filtered out; finished in 0.01s

     Running unittests src/main.rs (target/debug/deps/connectors_spec-b619432bcf9bacec)

running 0 tests

test result: ok. 0 passed; 0 failed; 0 ignored; 0 measured; 0 filtered out; finished in 0.00s

     Running tests/compiler.rs (target/debug/deps/compiler-0e71ef9f01280bf1)

running 4 tests
test configuration_examples_are_data_not_imports ... ok
test ambiguous_unmapped_and_duplicate_declarations_are_refused ... ok
test all_adapter_descriptors_are_reproducible_and_schema_valid ... ok
test shared_configuration_imports_keep_constraints_and_reject_unknown_versions ... ok

test result: ok. 4 passed; 0 failed; 0 ignored; 0 measured; 0 filtered out; finished in 0.33s

     Running tests/generation.rs (target/debug/deps/generation-3a4c9ea873e3c95e)

running 6 tests
test strict_v1_and_v2_refuse_unimplemented_or_ambiguous_mappings ... ok
test pinned_source_and_required_source_semantics_are_enforced ... ok
test checked_in_bundle_matches_its_pinned_sources_and_toolchain ... ok
test public_import_refuses_specs_changed_after_validation ... ok
test regeneration_refuses_unowned_files_and_output_symlinks ... ok
test regeneration_is_reproducible_preserves_handwritten_files_and_detects_drift ... ok

test result: ok. 6 passed; 0 failed; 0 ignored; 0 measured; 0 filtered out; finished in 6.57s

     Running unittests src/lib.rs (target/debug/deps/connectors_sql-c9e0a31924e4246c)

running 1 test
test tls_tests::configured_ca_replaces_public_roots_and_requires_certificates ... ok

test result: ok. 1 passed; 0 failed; 0 ignored; 0 measured; 0 filtered out; finished in 0.00s

     Running unittests src/main.rs (target/debug/deps/connectors_sql-ff87bc4f7528e0b9)

running 0 tests

test result: ok. 0 passed; 0 failed; 0 ignored; 0 measured; 0 filtered out; finished in 0.00s

     Running tests/protocol.rs (target/debug/deps/protocol-3a39ea00159acb6b)

running 7 tests
test parsing_and_limits_refuse_before_credentials_or_connection ... ok
test dropping_the_invocation_still_cancels_the_database ... ok
test text_null_and_empty_parameters_reach_bind_without_interpolation ... ok
test rows_nulls_native_types_and_truncation_are_preserved ... ok
test authentication_database_errors_and_row_capacity_are_sanitized ... ok
test unresponsive_database_cannot_extend_the_cleanup_budget ... ok
test deadline_sends_the_backend_cancel_key_and_drains_the_connection ... ok

test result: ok. 7 passed; 0 failed; 0 ignored; 0 measured; 0 filtered out; finished in 10.30s

     Running unittests src/lib.rs (target/debug/deps/gitlab_types-96fbf12e70c3ad9b)

running 0 tests

test result: ok. 0 passed; 0 failed; 0 ignored; 0 measured; 0 filtered out; finished in 0.00s

   Doc-tests connectors_client

running 0 tests

test result: ok. 0 passed; 0 failed; 0 ignored; 0 measured; 0 filtered out; finished in 0.00s

   Doc-tests connectors_contracts

running 0 tests

test result: ok. 0 passed; 0 failed; 0 ignored; 0 measured; 0 filtered out; finished in 0.00s

   Doc-tests connectors_core

running 0 tests

test result: ok. 0 passed; 0 failed; 0 ignored; 0 measured; 0 filtered out; finished in 0.00s

   Doc-tests connectors_gitlab

running 1 test
test adapters/gitlab/src/lib.rs - (line 3) - compile fail ... ok

test result: ok. 1 passed; 0 failed; 0 ignored; 0 measured; 0 filtered out; finished in 0.03s

   Doc-tests connectors_host

running 0 tests

test result: ok. 0 passed; 0 failed; 0 ignored; 0 measured; 0 filtered out; finished in 0.00s

   Doc-tests connectors_kubernetes

running 0 tests

test result: ok. 0 passed; 0 failed; 0 ignored; 0 measured; 0 filtered out; finished in 0.00s

   Doc-tests connectors_sdk

running 0 tests

test result: ok. 0 passed; 0 failed; 0 ignored; 0 measured; 0 filtered out; finished in 0.00s

   Doc-tests connectors_spec

running 0 tests

test result: ok. 0 passed; 0 failed; 0 ignored; 0 measured; 0 filtered out; finished in 0.00s

   Doc-tests connectors_sql

running 0 tests

test result: ok. 0 passed; 0 failed; 0 ignored; 0 measured; 0 filtered out; finished in 0.00s

   Doc-tests gitlab_types

running 0 tests

test result: ok. 0 passed; 0 failed; 0 ignored; 0 measured; 0 filtered out; finished in 0.00s

gate: exit=exit status: 0 ["test", "--workspace", "--locked", "--offline"]
gate: ["clippy", "--workspace", "--all-targets", "--locked", "--offline", "--", "-D", "warnings"]
    Checking libc v0.2.189
    Checking cfg-if v1.0.4
    Checking serde_core v1.0.229
    Checking itoa v1.0.18
    Checking memchr v2.8.3
    Checking typenum v1.20.1
    Checking once_cell v1.21.4
    Checking smallvec v1.16.0
    Checking zerofrom v0.1.8
    Checking stable_deref_trait v1.2.1
    Checking yoke v0.8.3
    Checking bytes v1.12.1
    Checking zmij v1.0.23
    Checking pin-project-lite v0.2.17
    Checking zerovec v0.11.8
    Checking futures-core v0.3.34
    Checking percent-encoding v2.3.2
    Checking rand_core v0.10.1
    Checking serde v1.0.229
    Checking serde_json v1.0.151
    Checking subtle v2.6.1
    Checking tinystr v0.8.4
    Checking errno v0.3.14
    Checking writeable v0.6.4
    Checking litemap v0.8.3
    Checking signal-hook-registry v1.4.8
    Checking icu_locale_core v2.3.0
    Checking getrandom v0.4.3
    Checking zerotrie v0.2.5
    Checking potential_utf v0.1.6
    Checking socket2 v0.6.5
    Checking mio v1.2.3
    Checking log v0.4.34
    Checking base64 v0.22.1
    Checking futures-sink v0.3.34
    Checking utf8_iter v1.0.4
    Checking tokio v1.53.1
    Checking icu_collections v2.3.0
    Checking icu_provider v2.3.1
    Checking generic-array v0.14.7
    Checking icu_normalizer_data v2.3.0
    Checking icu_properties_data v2.3.0
    Checking tracing-core v0.1.36
    Checking icu_properties v2.3.0
    Checking num-traits v0.2.19
    Checking icu_normalizer v2.3.0
    Checking block-buffer v0.10.4
    Checking crypto-common v0.1.7
    Checking http v1.5.0
    Checking slab v0.4.12
    Checking zeroize v1.9.0
    Checking futures-task v0.3.34
    Checking rustls-pki-types v1.15.1
    Checking futures-util v0.3.34
    Checking http-body v1.1.0
    Checking tracing v0.1.44
    Checking digest v0.10.7
    Checking idna_adapter v1.2.2
    Checking getrandom v0.2.17
    Checking untrusted v0.9.0
    Checking idna v1.1.0
    Checking ring v0.17.14
    Checking num-integer v0.1.47
    Checking futures-channel v0.3.34
    Checking aho-corasick v1.1.5
    Checking scopeguard v1.2.0
    Checking tower-service v0.3.3
    Checking cpufeatures v0.2.17
    Checking regex-syntax v0.8.11
    Checking sha2 v0.10.9
    Checking lock_api v0.4.14
    Checking regex-automata v0.4.18
    Checking thiserror v2.0.20
    Checking parking_lot_core v0.9.12
    Checking try-lock v0.2.5
    Checking hex v0.4.3
    Checking want v0.3.1
    Checking parking_lot v0.12.5
    Checking ref-cast v1.0.27
    Checking httparse v1.10.1
    Checking rustls-webpki v0.103.15
    Checking num-bigint v0.4.8
    Checking uuid v1.26.0
    Checking form_urlencoded v1.2.2
    Checking sync_wrapper v1.0.2
    Checking atomic-waker v1.1.2
    Checking lazy_static v1.5.0
    Checking tower-layer v0.3.3
    Checking httpdate v1.0.3
    Checking num-rational v0.4.2
    Checking hyper v1.11.1
    Checking rustls v0.23.44
    Checking connectors-core v0.1.0 (/home/timo/.local/state/worktree/trees/b10x/connectors_v2/specs-integration-20260909/crates/connectors-core)
    Checking zerocopy v0.8.56
    Checking getrandom v0.3.4
    Checking num-iter v0.1.46
    Checking num-complex v0.4.6
    Checking ryu v1.0.23
    Checking ipnet v2.12.2
    Checking bit-vec v0.8.0
    Checking borrow-or-share v0.2.4
    Checking bitflags v2.13.1
    Checking fluent-uri v0.3.2
    Checking bit-set v0.8.0
    Checking hyper-util v0.1.20
    Checking ahash v0.8.12
    Checking num v0.4.3
    Checking tokio-rustls v0.26.5
    Checking tower v0.5.3
    Checking http-body-util v0.1.5
    Checking tokio-util v0.7.19
    Checking vsimd v0.8.0
    Checking outref v0.5.2
    Checking referencing v0.33.0
    Checking uuid-simd v0.8.0
    Checking fraction v0.15.4
    Checking fancy-regex v0.16.2
    Checking serde_urlencoded v0.7.1
    Checking url v2.5.8
    Checking regex v1.13.1
    Checking webpki-roots v1.0.9
    Checking email_address v0.2.9
    Checking num-cmp v0.1.0
    Checking bytecount v0.6.9
    Checking tower-http v0.6.11
    Checking jsonschema v0.33.0
    Checking hyper-rustls v0.27.9
    Checking hmac v0.12.1
    Checking connectors-contracts v0.1.0 (/home/timo/.local/state/worktree/trees/b10x/connectors_v2/specs-integration-20260909/crates/connectors-contracts)
    Checking reqwest v0.12.28
    Checking equivalent v1.0.2
    Checking hashbrown v0.17.1
    Checking mime v0.3.17
    Checking axum-core v0.5.6
    Checking indexmap v2.14.2
    Checking connectors-sdk v0.1.0 (/home/timo/.local/state/worktree/trees/b10x/connectors_v2/specs-integration-20260909/crates/connectors-sdk)
    Checking sharded-slab v0.1.7
    Checking matchers v0.2.0
    Checking tracing-log v0.2.0
    Checking serde_path_to_error v0.1.20
    Checking thread_local v1.1.10
    Checking dyn-clone v1.0.20
    Checking nu-ansi-term v0.50.3
    Checking unsafe-libyaml v0.2.11
    Checking matchit v0.8.4
    Checking axum v0.8.9
    Checking serde_yaml_ng v0.10.0
    Checking tracing-subscriber v0.3.23
    Checking schemars v1.2.2
    Checking connectors-client v0.1.0 (/home/timo/.local/state/worktree/trees/b10x/connectors_v2/specs-integration-20260909/crates/connectors-client)
    Checking utf8parse v0.2.2
    Checking anstyle-parse v1.0.0
    Checking is_terminal_polyfill v1.70.2
    Checking colorchoice v1.0.5
    Checking anstyle-query v1.1.5
    Checking anstyle v1.0.14
    Checking anstream v1.0.0
    Checking clap_lex v1.1.0
    Checking strsim v0.11.1
    Checking clap_builder v4.6.6
    Checking clap v4.6.6
    Checking connectors-host v0.1.0 (/home/timo/.local/state/worktree/trees/b10x/connectors_v2/specs-integration-20260909/crates/connectors-host)
    Checking linux-raw-sys v0.12.1
    Checking rustix v1.1.4
    Checking fastrand v2.5.0
    Checking tempfile v3.27.0
    Checking hybrid-array v0.4.14
    Checking cmov v0.5.4
    Checking block-buffer v0.12.1
    Checking ctutils v0.4.2
    Checking crypto-common v0.2.2
    Checking const-oid v0.10.2
    Checking tinyvec_macros v0.1.1
    Checking digest v0.11.3
    Checking cpufeatures v0.3.1
    Checking tinyvec v1.13.2
    Checking chacha20 v0.10.2
    Checking unicode-normalization v0.1.25
    Checking unicode-properties v0.1.4
    Checking unicode-bidi v0.3.18
    Checking rand v0.10.2
    Checking stringprep v0.1.5
    Checking sha2 v0.11.0
    Checking hmac v0.13.0
    Checking md-5 v0.11.0
    Checking const-oid v0.9.6
    Checking deranged v0.5.8
    Checking num-conv v0.2.2
    Checking flagset v0.4.7
    Checking byteorder v1.5.0
    Checking siphasher v1.0.3
    Checking powerfmt v0.2.0
    Checking fallible-iterator v0.2.0
    Checking time-core v0.1.9
    Checking postgres-protocol v0.6.12
    Checking time v0.3.55
    Checking phf_shared v0.13.1
    Checking der v0.7.10
    Checking base64 v0.23.1
    Checking pem v4.0.0
    Checking spki v0.7.3
    Checking phf v0.13.1
    Checking yasna v0.6.0
    Checking postgres-types v0.2.14
    Checking whoami v2.1.3
    Checking rcgen v0.14.10
    Checking x509-cert v0.2.5
    Checking tokio-postgres v0.7.18
    Checking connectors-spec v0.1.0 (/home/timo/.local/state/worktree/trees/b10x/connectors_v2/specs-integration-20260909/crates/connectors-spec)
    Checking gitlab-types v1.0.0 (/home/timo/.local/state/worktree/trees/b10x/connectors_v2/specs-integration-20260909/adapters/gitlab/generated/rust/crates/gitlab-types)
    Checking connectors-gitlab v0.1.0 (/home/timo/.local/state/worktree/trees/b10x/connectors_v2/specs-integration-20260909/adapters/gitlab)
    Checking connectors-kubernetes v0.1.0 (/home/timo/.local/state/worktree/trees/b10x/connectors_v2/specs-integration-20260909/adapters/kubernetes)
    Checking tokio-postgres-rustls v0.14.0
    Checking connectors-sql v0.1.0 (/home/timo/.local/state/worktree/trees/b10x/connectors_v2/specs-integration-20260909/adapters/sql)
    Checking connectors-build v0.1.0 (/home/timo/.local/state/worktree/trees/b10x/connectors_v2/specs-integration-20260909/crates/connectors-build)
    Checking connectors-conformance v0.1.0 (/home/timo/.local/state/worktree/trees/b10x/connectors_v2/specs-integration-20260909/crates/connectors-conformance)
    Checking connectors v0.1.0 (/home/timo/.local/state/worktree/trees/b10x/connectors_v2/specs-integration-20260909/apps/connectors)
    Finished `dev` profile [unoptimized + debuginfo] target(s) in 16.46s
gate: exit=exit status: 0 ["clippy", "--workspace", "--all-targets", "--locked", "--offline", "--", "-D", "warnings"]
gate: ["build", "--locked", "--offline", "-p", "connectors-gitlab", "--lib", "--no-default-features"]
   Compiling syn v2.0.119
   Compiling serde_core v1.0.229
   Compiling synstructure v0.13.2
   Compiling zerofrom-derive v0.1.7
   Compiling zerofrom v0.1.8
   Compiling yoke-derive v0.8.2
   Compiling yoke v0.8.3
   Compiling zerovec v0.11.8
   Compiling memchr v2.8.3
   Compiling serde v1.0.229
   Compiling tinystr v0.8.4
   Compiling smallvec v1.16.0
   Compiling icu_locale_core v2.3.0
   Compiling zerotrie v0.2.5
   Compiling potential_utf v0.1.6
   Compiling serde_json v1.0.151
   Compiling icu_collections v2.3.0
   Compiling icu_provider v2.3.1
   Compiling aho-corasick v1.1.5
   Compiling subtle v2.6.1
   Compiling digest v0.10.7
   Compiling regex-automata v0.4.18
   Compiling icu_normalizer v2.3.0
   Compiling icu_properties v2.3.0
   Compiling parking_lot_core v0.9.12
   Compiling fluent-uri v0.3.2
   Compiling idna_adapter v1.2.2
   Compiling ahash v0.8.12
   Compiling uuid v1.26.0
   Compiling parking_lot v0.12.5
   Compiling sha2 v0.10.9
   Compiling referencing v0.33.0
   Compiling uuid-simd v0.8.0
   Compiling fancy-regex v0.16.2
   Compiling idna v1.1.0
   Compiling regex v1.13.1
   Compiling email_address v0.2.9
   Compiling connectors-core v0.1.0 (/home/timo/.local/state/worktree/trees/b10x/connectors_v2/specs-integration-20260909/crates/connectors-core)
   Compiling jsonschema v0.33.0
   Compiling connectors-contracts v0.1.0 (/home/timo/.local/state/worktree/trees/b10x/connectors_v2/specs-integration-20260909/crates/connectors-contracts)
   Compiling hmac v0.12.1
   Compiling connectors-sdk v0.1.0 (/home/timo/.local/state/worktree/trees/b10x/connectors_v2/specs-integration-20260909/crates/connectors-sdk)
   Compiling connectors-gitlab v0.1.0 (/home/timo/.local/state/worktree/trees/b10x/connectors_v2/specs-integration-20260909/adapters/gitlab)
    Finished `dev` profile [unoptimized + debuginfo] target(s) in 6.13s
gate: exit=exit status: 0 ["build", "--locked", "--offline", "-p", "connectors-gitlab", "--lib", "--no-default-features"]
gate: connectors-gitlab library boundary holds; exit=0
gate: ["build", "--locked", "--offline", "-p", "connectors-kubernetes", "--lib", "--no-default-features"]
   Compiling connectors-kubernetes v0.1.0 (/home/timo/.local/state/worktree/trees/b10x/connectors_v2/specs-integration-20260909/adapters/kubernetes)
    Finished `dev` profile [unoptimized + debuginfo] target(s) in 0.37s
gate: exit=exit status: 0 ["build", "--locked", "--offline", "-p", "connectors-kubernetes", "--lib", "--no-default-features"]
gate: connectors-kubernetes library boundary holds; exit=0
gate: ["build", "--locked", "--offline", "-p", "connectors-sql", "--lib", "--no-default-features"]
   Compiling serde_core v1.0.229
   Compiling digest v0.10.7
   Compiling der_derive v0.7.3
   Compiling der v0.7.10
   Compiling sha2 v0.10.9
   Compiling rustls v0.23.44
   Compiling spki v0.7.3
   Compiling tokio-util v0.7.19
   Compiling log v0.4.34
   Compiling x509-cert v0.2.5
   Compiling tokio-rustls v0.26.5
   Compiling hmac v0.12.1
   Compiling serde v1.0.229
   Compiling serde_json v1.0.151
   Compiling fluent-uri v0.3.2
   Compiling ahash v0.8.12
   Compiling uuid v1.26.0
   Compiling referencing v0.33.0
   Compiling uuid-simd v0.8.0
   Compiling postgres-types v0.2.14
   Compiling email_address v0.2.9
   Compiling jsonschema v0.33.0
   Compiling tokio-postgres v0.7.18
   Compiling connectors-contracts v0.1.0 (/home/timo/.local/state/worktree/trees/b10x/connectors_v2/specs-integration-20260909/crates/connectors-contracts)
   Compiling connectors-core v0.1.0 (/home/timo/.local/state/worktree/trees/b10x/connectors_v2/specs-integration-20260909/crates/connectors-core)
   Compiling tokio-postgres-rustls v0.14.0
   Compiling connectors-sdk v0.1.0 (/home/timo/.local/state/worktree/trees/b10x/connectors_v2/specs-integration-20260909/crates/connectors-sdk)
   Compiling connectors-sql v0.1.0 (/home/timo/.local/state/worktree/trees/b10x/connectors_v2/specs-integration-20260909/adapters/sql)
    Finished `dev` profile [unoptimized + debuginfo] target(s) in 6.11s
gate: exit=exit status: 0 ["build", "--locked", "--offline", "-p", "connectors-sql", "--lib", "--no-default-features"]
gate: connectors-sql library boundary holds; exit=0
gate: generic CLI boundary holds; exit=0
gate: ["+1.88.0", "check", "--workspace", "--all-targets", "--locked", "--offline"]
   Compiling proc-macro2 v1.0.107
   Compiling unicode-ident v1.0.24
   Compiling quote v1.0.47
   Compiling libc v0.2.189
   Compiling syn v3.0.5
   Compiling syn v2.0.119
    Checking cfg-if v1.0.4
   Compiling serde_core v1.0.229
    Checking itoa v1.0.18
    Checking memchr v2.8.3
    Checking typenum v1.20.1
   Compiling synstructure v0.13.2
   Compiling serde v1.0.229
   Compiling serde_derive v1.0.229
    Checking once_cell v1.21.4
   Compiling zerofrom-derive v0.1.7
    Checking smallvec v1.16.0
    Checking zerofrom v0.1.8
   Compiling yoke-derive v0.8.2
    Checking stable_deref_trait v1.2.1
   Compiling version_check v0.9.5
   Compiling zmij v1.0.23
    Checking yoke v0.8.3
    Checking bytes v1.12.1
   Compiling serde_json v1.0.151
   Compiling zerovec-derive v0.11.6
    Checking pin-project-lite v0.2.17
    Checking zerovec v0.11.8
   Compiling displaydoc v0.2.7
    Checking futures-core v0.3.34
    Checking percent-encoding v2.3.2
   Compiling getrandom v0.4.3
    Checking subtle v2.6.1
    Checking rand_core v0.10.1
    Checking tinystr v0.8.4
   Compiling generic-array v0.14.7
    Checking errno v0.3.14
    Checking litemap v0.8.3
    Checking writeable v0.6.4
    Checking signal-hook-registry v1.4.8
    Checking icu_locale_core v2.3.0
    Checking zerotrie v0.2.5
    Checking potential_utf v0.1.6
   Compiling tokio-macros v2.7.2
    Checking socket2 v0.6.5
    Checking mio v1.2.3
    Checking log v0.4.34
    Checking base64 v0.22.1
    Checking utf8_iter v1.0.4
   Compiling find-msvc-tools v0.1.12
   Compiling shlex v2.0.1
    Checking futures-sink v0.3.34
   Compiling autocfg v1.5.1
   Compiling icu_normalizer_data v2.3.0
   Compiling icu_properties_data v2.3.0
   Compiling cc v1.4.5
   Compiling num-traits v0.2.19
    Checking icu_collections v2.3.0
    Checking tokio v1.53.1
    Checking icu_provider v2.3.1
   Compiling ring v0.17.14
    Checking tracing-core v0.1.36
    Checking icu_properties v2.3.0
    Checking icu_normalizer v2.3.0
    Checking crypto-common v0.1.7
    Checking block-buffer v0.10.4
    Checking http v1.5.0
   Compiling tracing-attributes v0.1.31
   Compiling futures-macro v0.3.34
    Checking slab v0.4.12
    Checking zeroize v1.9.0
    Checking futures-task v0.3.34
    Checking rustls-pki-types v1.15.1
    Checking futures-util v0.3.34
    Checking tracing v0.1.44
    Checking http-body v1.1.0
    Checking digest v0.10.7
    Checking idna_adapter v1.2.2
    Checking getrandom v0.2.17
   Compiling thiserror v2.0.20
   Compiling parking_lot_core v0.9.12
    Checking untrusted v0.9.0
    Checking idna v1.1.0
    Checking num-integer v0.1.47
    Checking futures-channel v0.3.34
    Checking aho-corasick v1.1.5
   Compiling thiserror-impl v2.0.20
   Compiling httparse v1.10.1
    Checking scopeguard v1.2.0
    Checking cpufeatures v0.2.17
    Checking regex-syntax v0.8.11
   Compiling ref-cast v1.0.27
    Checking tower-service v0.3.3
    Checking sha2 v0.10.9
    Checking lock_api v0.4.14
   Compiling ref-cast-impl v1.0.27
    Checking regex-automata v0.4.18
   Compiling zerocopy v0.8.56
    Checking hex v0.4.3
   Compiling getrandom v0.3.4
   Compiling rustls v0.23.44
    Checking try-lock v0.2.5
    Checking want v0.3.1
    Checking parking_lot v0.12.5
    Checking rustls-webpki v0.103.15
    Checking num-bigint v0.4.8
    Checking uuid v1.26.0
    Checking form_urlencoded v1.2.2
    Checking sync_wrapper v1.0.2
   Compiling ahash v0.8.12
    Checking lazy_static v1.5.0
    Checking atomic-waker v1.1.2
    Checking tower-layer v0.3.3
    Checking httpdate v1.0.3
    Checking num-rational v0.4.2
    Checking hyper v1.11.1
    Checking connectors-core v0.1.0 (/home/timo/.local/state/worktree/trees/b10x/connectors_v2/specs-integration-20260909/crates/connectors-core)
    Checking num-iter v0.1.46
    Checking num-complex v0.4.6
    Checking borrow-or-share v0.2.4
    Checking bit-vec v0.8.0
    Checking ipnet v2.12.2
    Checking ryu v1.0.23
    Checking bitflags v2.13.1
    Checking hyper-util v0.1.20
    Checking bit-set v0.8.0
    Checking fluent-uri v0.3.2
    Checking num v0.4.3
    Checking tokio-rustls v0.26.5
    Checking tower v0.5.3
    Checking http-body-util v0.1.5
    Checking tokio-util v0.7.19
   Compiling async-trait v0.1.92
    Checking vsimd v0.8.0
    Checking outref v0.5.2
    Checking fraction v0.15.4
    Checking uuid-simd v0.8.0
    Checking referencing v0.33.0
    Checking fancy-regex v0.16.2
    Checking serde_urlencoded v0.7.1
    Checking url v2.5.8
    Checking regex v1.13.1
    Checking webpki-roots v1.0.9
    Checking email_address v0.2.9
    Checking bytecount v0.6.9
    Checking num-cmp v0.1.0
    Checking hyper-rustls v0.27.9
    Checking jsonschema v0.33.0
    Checking tower-http v0.6.11
    Checking hmac v0.12.1
    Checking connectors-contracts v0.1.0 (/home/timo/.local/state/worktree/trees/b10x/connectors_v2/specs-integration-20260909/crates/connectors-contracts)
    Checking reqwest v0.12.28
   Compiling serde_derive_internals v0.30.0
    Checking equivalent v1.0.2
    Checking mime v0.3.17
    Checking hashbrown v0.17.1
    Checking axum-core v0.5.6
    Checking indexmap v2.14.2
   Compiling schemars_derive v1.2.2
    Checking connectors-sdk v0.1.0 (/home/timo/.local/state/worktree/trees/b10x/connectors_v2/specs-integration-20260909/crates/connectors-sdk)
    Checking sharded-slab v0.1.7
    Checking matchers v0.2.0
    Checking tracing-log v0.2.0
    Checking serde_path_to_error v0.1.20
    Checking thread_local v1.1.10
    Checking unsafe-libyaml v0.2.11
    Checking dyn-clone v1.0.20
    Checking nu-ansi-term v0.50.3
    Checking matchit v0.8.4
    Checking serde_yaml_ng v0.10.0
    Checking axum v0.8.9
    Checking tracing-subscriber v0.3.23
    Checking schemars v1.2.2
    Checking connectors-client v0.1.0 (/home/timo/.local/state/worktree/trees/b10x/connectors_v2/specs-integration-20260909/crates/connectors-client)
    Checking utf8parse v0.2.2
    Checking anstyle-parse v1.0.0
    Checking anstyle-query v1.1.5
    Checking colorchoice v1.0.5
    Checking anstyle v1.0.14
    Checking is_terminal_polyfill v1.70.2
    Checking connectors-host v0.1.0 (/home/timo/.local/state/worktree/trees/b10x/connectors_v2/specs-integration-20260909/crates/connectors-host)
    Checking anstream v1.0.0
    Checking strsim v0.11.1
   Compiling heck v0.5.0
    Checking clap_lex v1.1.0
    Checking clap_builder v4.6.6
   Compiling clap_derive v4.6.4
   Compiling rustix v1.1.4
    Checking linux-raw-sys v0.12.1
    Checking clap v4.6.6
    Checking fastrand v2.5.0
    Checking hybrid-array v0.4.14
    Checking cmov v0.5.4
    Checking ctutils v0.4.2
    Checking crypto-common v0.2.2
    Checking tempfile v3.27.0
    Checking block-buffer v0.12.1
    Checking const-oid v0.10.2
    Checking tinyvec_macros v0.1.1
    Checking digest v0.11.3
    Checking cpufeatures v0.3.1
    Checking tinyvec v1.13.2
    Checking chacha20 v0.10.2
    Checking unicode-properties v0.1.4
    Checking unicode-normalization v0.1.25
    Checking unicode-bidi v0.3.18
    Checking rand v0.10.2
    Checking stringprep v0.1.5
    Checking md-5 v0.11.0
    Checking sha2 v0.11.0
    Checking hmac v0.13.0
   Compiling der_derive v0.7.3
    Checking flagset v0.4.7
    Checking powerfmt v0.2.0
    Checking byteorder v1.5.0
    Checking fallible-iterator v0.2.0
    Checking siphasher v1.0.3
    Checking deranged v0.5.8
    Checking num-conv v0.2.2
    Checking time-core v0.1.9
    Checking const-oid v0.9.6
    Checking time v0.3.55
    Checking der v0.7.10
    Checking phf_shared v0.13.1
    Checking postgres-protocol v0.6.12
    Checking base64 v0.23.1
    Checking postgres-types v0.2.14
    Checking pem v4.0.0
    Checking spki v0.7.3
    Checking phf v0.13.1
    Checking yasna v0.6.0
    Checking whoami v2.1.3
    Checking tokio-postgres v0.7.18
    Checking rcgen v0.14.10
    Checking x509-cert v0.2.5
    Checking connectors-spec v0.1.0 (/home/timo/.local/state/worktree/trees/b10x/connectors_v2/specs-integration-20260909/crates/connectors-spec)
    Checking tokio-postgres-rustls v0.14.0
    Checking gitlab-types v1.0.0 (/home/timo/.local/state/worktree/trees/b10x/connectors_v2/specs-integration-20260909/adapters/gitlab/generated/rust/crates/gitlab-types)
    Checking connectors-sql v0.1.0 (/home/timo/.local/state/worktree/trees/b10x/connectors_v2/specs-integration-20260909/adapters/sql)
    Checking connectors-gitlab v0.1.0 (/home/timo/.local/state/worktree/trees/b10x/connectors_v2/specs-integration-20260909/adapters/gitlab)
    Checking connectors-kubernetes v0.1.0 (/home/timo/.local/state/worktree/trees/b10x/connectors_v2/specs-integration-20260909/adapters/kubernetes)
    Checking connectors-build v0.1.0 (/home/timo/.local/state/worktree/trees/b10x/connectors_v2/specs-integration-20260909/crates/connectors-build)
    Checking connectors v0.1.0 (/home/timo/.local/state/worktree/trees/b10x/connectors_v2/specs-integration-20260909/apps/connectors)
    Checking connectors-conformance v0.1.0 (/home/timo/.local/state/worktree/trees/b10x/connectors_v2/specs-integration-20260909/crates/connectors-conformance)
    Finished `dev` profile [unoptimized + debuginfo] target(s) in 42.95s
gate: exit=exit status: 0 ["+1.88.0", "check", "--workspace", "--all-targets", "--locked", "--offline"]
gate: collected 15 authored scenarios from contracts/operations/v1alpha1/scenarios; exit=0
gate: collected 13 authored scenarios from contracts/auth/acquisition/v1alpha1/scenarios; exit=0
gate: collected 6 authored scenarios from contracts/auth/evidence/v1alpha1/scenarios; exit=0
gate: ["verify", "conform", "synthesize", "--path", "ess", "--target", "ir", "--scenarios", "/home/timo/.local/state/worktree/trees/b10x/connectors_v2/specs-integration-20260909/.local/tmp/gate-AWaiaK/authored-scenarios", "--out", "/home/timo/.local/state/worktree/trees/b10x/connectors_v2/specs-integration-20260909/.local/tmp/gate-AWaiaK/contract-conformance.json"]
222 scenario(s) (34 authored), 0 refusal(s), written to /home/timo/.local/state/worktree/trees/b10x/connectors_v2/specs-integration-20260909/.local/tmp/gate-AWaiaK/contract-conformance.json
gate: exit=exit status: 0 ["verify", "conform", "synthesize", "--path", "ess", "--target", "ir", "--scenarios", "/home/timo/.local/state/worktree/trees/b10x/connectors_v2/specs-integration-20260909/.local/tmp/gate-AWaiaK/authored-scenarios", "--out", "/home/timo/.local/state/worktree/trees/b10x/connectors_v2/specs-integration-20260909/.local/tmp/gate-AWaiaK/contract-conformance.json"]
gate: ["plan", "artifact", "validate"]
122 file(s) in /home/timo/.local/state/worktree/trees/b10x/connectors_v2/specs-integration-20260909/.engineering/planning: 122 artifact(s)
69 review(s) recorded no findings block:
  - review-result:adapter-ownership-gate-final-20260909 states its findings as prose only — nothing can enumerate what it found, so                  the next review starts from nowhere
  - review-result:adapter-ownership-gate-initial-20260909 states its findings as prose only — nothing can enumerate what it found, so                  the next review starts from nowhere
  - review-result:auth-access-a-final-20260908 states its findings as prose only — nothing can enumerate what it found, so                  the next review starts from nowhere
  - review-result:auth-access-a-r1-20260908 states its findings as prose only — nothing can enumerate what it found, so                  the next review starts from nowhere
  - review-result:auth-access-a-r2-20260908 states its findings as prose only — nothing can enumerate what it found, so                  the next review starts from nowhere
  - review-result:auth-access-b-final-20260908 states its findings as prose only — nothing can enumerate what it found, so                  the next review starts from nowhere
  - review-result:auth-access-b-r1-20260908 states its findings as prose only — nothing can enumerate what it found, so                  the next review starts from nowhere
  - review-result:auth-access-b-r2-20260908 states its findings as prose only — nothing can enumerate what it found, so                  the next review starts from nowhere
  - review-result:auth-evidence-adversary-p1-20260908 states its findings as prose only — nothing can enumerate what it found, so                  the next review starts from nowhere
  - review-result:auth-refresh-adversary-p1-20260908 states its findings as prose only — nothing can enumerate what it found, so                  the next review starts from nowhere
  - review-result:concept-stack-integration-20260908 states its findings as prose only — nothing can enumerate what it found, so                  the next review starts from nowhere
  - review-result:connection-ownership-r1-20260908 states its findings as prose only — nothing can enumerate what it found, so                  the next review starts from nowhere
  - review-result:connection-ownership-r2-20260908 states its findings as prose only — nothing can enumerate what it found, so                  the next review starts from nowhere
  - review-result:connection-ownership-r3-20260908 states its findings as prose only — nothing can enumerate what it found, so                  the next review starts from nowhere
  - review-result:connection-semantics-r1-20260908 states its findings as prose only — nothing can enumerate what it found, so                  the next review starts from nowhere
  - review-result:connection-semantics-r2-20260908 states its findings as prose only — nothing can enumerate what it found, so                  the next review starts from nowhere
  - review-result:connection-semantics-r3-20260908 states its findings as prose only — nothing can enumerate what it found, so                  the next review starts from nowhere
  - review-result:contract-docs-external-20260908 states its findings as prose only — nothing can enumerate what it found, so                  the next review starts from nowhere
  - review-result:contract-plan-acceptance-r2-20260908 states its findings as prose only — nothing can enumerate what it found, so                  the next review starts from nowhere
  - review-result:contract-plan-design-r2-20260908 states its findings as prose only — nothing can enumerate what it found, so                  the next review starts from nowhere
  - review-result:contract-plan-parallel-safety-r1-20260908 states its findings as prose only — nothing can enumerate what it found, so                  the next review starts from nowhere
  - review-result:contract-plan-parallel-safety-r2-20260908 states its findings as prose only — nothing can enumerate what it found, so                  the next review starts from nowhere
  - review-result:contract-plan-scope-r1-20260908 states its findings as prose only — nothing can enumerate what it found, so                  the next review starts from nowhere
  - review-result:contract-plan-scope-r2-20260908 states its findings as prose only — nothing can enumerate what it found, so                  the next review starts from nowhere
  - review-result:contract-semantics-20260908 states its findings as prose only — nothing can enumerate what it found, so                  the next review starts from nowhere
  - review-result:discovery-a-final-20260908 states its findings as prose only — nothing can enumerate what it found, so                  the next review starts from nowhere
  - review-result:discovery-a-initial-20260908 states its findings as prose only — nothing can enumerate what it found, so                  the next review starts from nowhere
  - review-result:discovery-a-recheck1-20260908 states its findings as prose only — nothing can enumerate what it found, so                  the next review starts from nowhere
  - review-result:discovery-b-final-20260908 states its findings as prose only — nothing can enumerate what it found, so                  the next review starts from nowhere
  - review-result:discovery-b-initial-20260908 states its findings as prose only — nothing can enumerate what it found, so                  the next review starts from nowhere
  - review-result:discovery-b-recheck1-20260908 states its findings as prose only — nothing can enumerate what it found, so                  the next review starts from nowhere
  - review-result:ess-boundary-gate-final-20260908 states its findings as prose only — nothing can enumerate what it found, so                  the next review starts from nowhere
  - review-result:ess-boundary-semantics-final-20260908 states its findings as prose only — nothing can enumerate what it found, so                  the next review starts from nowhere
  - review-result:federation-binding-r1-20260908 states its findings as prose only — nothing can enumerate what it found, so                  the next review starts from nowhere
  - review-result:federation-binding-r2-20260908 states its findings as prose only — nothing can enumerate what it found, so                  the next review starts from nowhere
  - review-result:federation-binding-r3-20260908 states its findings as prose only — nothing can enumerate what it found, so                  the next review starts from nowhere
  - review-result:federation-subjects-final-20260908 states its findings as prose only — nothing can enumerate what it found, so                  the next review starts from nowhere
  - review-result:federation-subjects-r1-20260908 states its findings as prose only — nothing can enumerate what it found, so                  the next review starts from nowhere
  - review-result:federation-subjects-r2-20260908 states its findings as prose only — nothing can enumerate what it found, so                  the next review starts from nowhere
  - review-result:federation-subjects-r3-20260908 states its findings as prose only — nothing can enumerate what it found, so                  the next review starts from nowhere
  - review-result:idempotency-model-r1-20260908 states its findings as prose only — nothing can enumerate what it found, so                  the next review starts from nowhere
  - review-result:idempotency-model-r2-20260908 states its findings as prose only — nothing can enumerate what it found, so                  the next review starts from nowhere
  - review-result:idempotency-semantics-r2-20260908 states its findings as prose only — nothing can enumerate what it found, so                  the next review starts from nowhere
  - review-result:independent-repository-a-20260908 states its findings as prose only — nothing can enumerate what it found, so                  the next review starts from nowhere
  - review-result:independent-repository-b-20260908 states its findings as prose only — nothing can enumerate what it found, so                  the next review starts from nowhere
  - review-result:mutation-classification-a-recheck1-20260908 states its findings as prose only — nothing can enumerate what it found, so                  the next review starts from nowhere
  - review-result:mutation-classification-a-recheck2-20260908 states its findings as prose only — nothing can enumerate what it found, so                  the next review starts from nowhere
  - review-result:mutation-classification-b-recheck1-20260908 states its findings as prose only — nothing can enumerate what it found, so                  the next review starts from nowhere
  - review-result:mutation-classification-b-recheck2-20260908 states its findings as prose only — nothing can enumerate what it found, so                  the next review starts from nowhere
  - review-result:mutation-outcomes-model-20260908 states its findings as prose only — nothing can enumerate what it found, so                  the next review starts from nowhere
  - review-result:mutation-outcomes-semantics-20260908 states its findings as prose only — nothing can enumerate what it found, so                  the next review starts from nowhere
  - review-result:mutation-profiles-a-initial-20260908 states its findings as prose only — nothing can enumerate what it found, so                  the next review starts from nowhere
  - review-result:mutation-profiles-b-initial-20260908 states its findings as prose only — nothing can enumerate what it found, so                  the next review starts from nowhere
  - review-result:profile-persistence-a-initial-20260908 states its findings as prose only — nothing can enumerate what it found, so                  the next review starts from nowhere
  - review-result:profile-persistence-a-recheck1-20260908 states its findings as prose only — nothing can enumerate what it found, so                  the next review starts from nowhere
  - review-result:profile-persistence-b-initial-20260908 states its findings as prose only — nothing can enumerate what it found, so                  the next review starts from nowhere
  - review-result:profile-persistence-b-recheck1-20260908 states its findings as prose only — nothing can enumerate what it found, so                  the next review starts from nowhere
  - review-result:restart-visibility-a-recheck2-20260908 states its findings as prose only — nothing can enumerate what it found, so                  the next review starts from nowhere
  - review-result:restart-visibility-b-recheck2-20260908 states its findings as prose only — nothing can enumerate what it found, so                  the next review starts from nowhere
  - review-result:sessions-model-r1-20260908 states its findings as prose only — nothing can enumerate what it found, so                  the next review starts from nowhere
  - review-result:sessions-model-r2-20260908 states its findings as prose only — nothing can enumerate what it found, so                  the next review starts from nowhere
  - review-result:sessions-semantics-r1-20260908 states its findings as prose only — nothing can enumerate what it found, so                  the next review starts from nowhere
  - review-result:sessions-semantics-r2-20260908 states its findings as prose only — nothing can enumerate what it found, so                  the next review starts from nowhere
  - review-result:wire-binding-r1-20260908 states its findings as prose only — nothing can enumerate what it found, so                  the next review starts from nowhere
  - review-result:wire-binding-r2-20260908 states its findings as prose only — nothing can enumerate what it found, so                  the next review starts from nowhere
  - review-result:wire-binding-r3-20260908 states its findings as prose only — nothing can enumerate what it found, so                  the next review starts from nowhere
  - review-result:wire-family-r1-20260908 states its findings as prose only — nothing can enumerate what it found, so                  the next review starts from nowhere
  - review-result:wire-family-r2-20260908 states its findings as prose only — nothing can enumerate what it found, so                  the next review starts from nowhere
  - review-result:wire-family-r3-20260908 states its findings as prose only — nothing can enumerate what it found, so                  the next review starts from nowhere
valid
gate: exit=exit status: 0 ["plan", "artifact", "validate"]
gate: all checks passed
